localhost:80 135.125.244.48 - - [29/Apr/2023:05:01:23 +0000] "POST / HTTP/1.1" 404 282 "-" "Mozilla/5.0 (X11; Linux x86_64) AppleWebKit/537.36 (KHTML, like Gecko) Chrome/81.0.4044.129 Safari/537.36"
localhost:80 162.216.149.16 - - [29/Apr/2023:05:13:12 +0000] "GET / HTTP/1.1" 200 22418 "-" "Expanse, a Palo Alto Networks company, searches across the global IPv4 space multiple times per day to identify customers&#39; presences on the Internet. If you would like to be excluded from our scans, please send IP addresses/domains to: scaninfo@paloaltonetworks.com"
localhost:80 192.9.249.141 - - [29/Apr/2023:05:21:22 +0000] "HEAD / HTTP/1.1" 404 207 "-" "Mozilla/5.0 (Linux; U; Android 4.4.2; en-US; HM NOTE 1W Build/KOT49H) AppleWebKit/534.30 (KHTML, like Gecko) Version/4.0 UCBrowser/11.0.5.850 U3/0.8.0 Mobile Safari/534.30"
localhost:80 192.9.249.141 - - [29/Apr/2023:05:21:22 +0000] "GET /.env HTTP/1.1" 404 226 "-" "Mozilla/5.0 (Linux; U; Android 4.4.2; en-US; HM NOTE 1W Build/KOT49H) AppleWebKit/534.30 (KHTML, like Gecko) Version/4.0 UCBrowser/11.0.5.850 U3/0.8.0 Mobile Safari/534.30"
localhost:80 192.9.249.141 - - [29/Apr/2023:05:21:23 +0000] "POST / HTTP/1.1" 404 226 "-" "Mozilla/5.0 (Linux; U; Android 4.4.2; en-US; HM NOTE 1W Build/KOT49H) AppleWebKit/534.30 (KHTML, like Gecko) Version/4.0 UCBrowser/11.0.5.850 U3/0.8.0 Mobile Safari/534.30"
localhost:80 190.12.149.188 - - [29/Apr/2023:05:24:05 +0000] "GET / HTTP/1.1" 200 22418 "-" "Mozilla/5.0 (Windows NT 10.0; WOW64) AppleWebKit/537.36 (KHTML, like Gecko) Chrome/51.0.2704.103 Safari/537.36"
localhost:80 170.130.165.42 - - [29/Apr/2023:05:43:07 +0000] "\x16\x03\x01\x01\x06\x01" 400 483 "-" "-"
localhost:80 170.130.165.42 - - [29/Apr/2023:05:43:07 +0000] "\x16\x03\x01\x01\x06\x01" 400 483 "-" "-"
localhost:80 43.154.128.189 - - [29/Apr/2023:06:11:20 +0000] "HEAD /Core/Skin/Login.aspx HTTP/1.1" 404 161 "-" "Mozilla/5.0 (Windows NT 10.0; Win64; x64) AppleWebKit/537.36 (KHTML, like Gecko) Chrome/106.0.0.0 Safari/537.36"
localhost:80 135.125.244.48 - - [29/Apr/2023:06:41:19 +0000] "GET /.env HTTP/1.1" 404 282 "-" "Mozilla/5.0 (X11; Linux x86_64) AppleWebKit/537.36 (KHTML, like Gecko) Chrome/81.0.4044.129 Safari/537.36"
localhost:80 135.125.244.48 - - [29/Apr/2023:06:41:19 +0000] "POST / HTTP/1.1" 404 282 "-" "Mozilla/5.0 (X11; Linux x86_64) AppleWebKit/537.36 (KHTML, like Gecko) Chrome/81.0.4044.129 Safari/537.36"
localhost:80 54.212.226.22 - - [29/Apr/2023:06:51:34 +0000] "GET /.git/config HTTP/1.1" 404 282 "-" "python-requests/2.28.2"
localhost:80 54.212.226.22 - - [29/Apr/2023:06:51:36 +0000] "GET /local/.env HTTP/1.1" 404 282 "-" "Mozilla/5.0 (Macintosh; Intel Mac OS X 10.15; rv:77.0) Gecko/20100101 Firefox/77.0"
localhost:80 54.212.226.22 - - [29/Apr/2023:06:51:39 +0000] "POST /local/.env HTTP/1.1" 404 282 "-" "Mozilla/5.0 (Macintosh; Intel Mac OS X 10.15; rv:77.0) Gecko/20100101 Firefox/77.0"
localhost:80 54.212.226.22 - - [29/Apr/2023:06:51:42 +0000] "GET /script/.env HTTP/1.1" 404 282 "-" "Mozilla/5.0 (Macintosh; Intel Mac OS X 10.15; rv:77.0) Gecko/20100101 Firefox/77.0"
localhost:80 54.212.226.22 - - [29/Apr/2023:06:51:44 +0000] "POST /script/.env HTTP/1.1" 404 282 "-" "Mozilla/5.0 (Macintosh; Intel Mac OS X 10.15; rv:77.0) Gecko/20100101 Firefox/77.0"
localhost:80 54.212.226.22 - - [29/Apr/2023:06:51:48 +0000] "GET /back/.env HTTP/1.1" 404 282 "-" "Mozilla/5.0 (Macintosh; Intel Mac OS X 10.15; rv:77.0) Gecko/20100101 Firefox/77.0"
localhost:80 54.212.226.22 - - [29/Apr/2023:06:51:50 +0000] "POST /back/.env HTTP/1.1" 404 282 "-" "Mozilla/5.0 (Macintosh; Intel Mac OS X 10.15; rv:77.0) Gecko/20100101 Firefox/77.0"
localhost:80 54.212.226.22 - - [29/Apr/2023:06:51:53 +0000] "GET /private/.env HTTP/1.1" 404 282 "-" "Mozilla/5.0 (Macintosh; Intel Mac OS X 10.15; rv:77.0) Gecko/20100101 Firefox/77.0"
localhost:80 54.212.226.22 - - [29/Apr/2023:06:51:56 +0000] "POST /private/.env HTTP/1.1" 404 282 "-" "Mozilla/5.0 (Macintosh; Intel Mac OS X 10.15; rv:77.0) Gecko/20100101 Firefox/77.0"
localhost:80 54.212.226.22 - - [29/Apr/2023:06:51:58 +0000] "GET /cp/.env HTTP/1.1" 404 282 "-" "Mozilla/5.0 (Macintosh; Intel Mac OS X 10.15; rv:77.0) Gecko/20100101 Firefox/77.0"
localhost:80 54.212.226.22 - - [29/Apr/2023:06:52:01 +0000] "POST /cp/.env HTTP/1.1" 404 282 "-" "Mozilla/5.0 (Macintosh; Intel Mac OS X 10.15; rv:77.0) Gecko/20100101 Firefox/77.0"
localhost:80 54.212.226.22 - - [29/Apr/2023:06:52:07 +0000] "GET /rest/.env HTTP/1.1" 404 282 "-" "Mozilla/5.0 (Macintosh; Intel Mac OS X 10.15; rv:77.0) Gecko/20100101 Firefox/77.0"
localhost:80 54.212.226.22 - - [29/Apr/2023:06:52:11 +0000] "POST /rest/.env HTTP/1.1" 404 282 "-" "Mozilla/5.0 (Macintosh; Intel Mac OS X 10.15; rv:77.0) Gecko/20100101 Firefox/77.0"
localhost:80 54.212.226.22 - - [29/Apr/2023:06:52:14 +0000] "GET /.env.prod HTTP/1.1" 404 282 "-" "Mozilla/5.0 (Macintosh; Intel Mac OS X 10.15; rv:77.0) Gecko/20100101 Firefox/77.0"
localhost:80 54.212.226.22 - - [29/Apr/2023:06:52:15 +0000] "POST /.env.prod HTTP/1.1" 404 282 "-" "Mozilla/5.0 (Macintosh; Intel Mac OS X 10.15; rv:77.0) Gecko/20100101 Firefox/77.0"
localhost:80 54.212.226.22 - - [29/Apr/2023:06:52:24 +0000] "GET /laravel/.env HTTP/1.1" 404 282 "-" "Mozilla/5.0 (Macintosh; Intel Mac OS X 10.15; rv:77.0) Gecko/20100101 Firefox/77.0"
localhost:80 54.212.226.22 - - [29/Apr/2023:06:52:26 +0000] "POST /laravel/.env HTTP/1.1" 404 282 "-" "Mozilla/5.0 (Macintosh; Intel Mac OS X 10.15; rv:77.0) Gecko/20100101 Firefox/77.0"
localhost:80 54.212.226.22 - - [29/Apr/2023:06:52:28 +0000] "GET /.env.save HTTP/1.1" 404 282 "-" "Mozilla/5.0 (Macintosh; Intel Mac OS X 10.15; rv:77.0) Gecko/20100101 Firefox/77.0"
localhost:80 54.212.226.22 - - [29/Apr/2023:06:52:30 +0000] "POST /.env.save HTTP/1.1" 404 282 "-" "Mozilla/5.0 (Macintosh; Intel Mac OS X 10.15; rv:77.0) Gecko/20100101 Firefox/77.0"
localhost:80 54.212.226.22 - - [29/Apr/2023:06:52:34 +0000] "GET /system/.env HTTP/1.1" 404 282 "-" "Mozilla/5.0 (Macintosh; Intel Mac OS X 10.15; rv:77.0) Gecko/20100101 Firefox/77.0"
localhost:80 54.212.226.22 - - [29/Apr/2023:06:52:36 +0000] "POST /system/.env HTTP/1.1" 404 282 "-" "Mozilla/5.0 (Macintosh; Intel Mac OS X 10.15; rv:77.0) Gecko/20100101 Firefox/77.0"
localhost:80 54.212.226.22 - - [29/Apr/2023:06:52:38 +0000] "GET /enviroments/.env.production HTTP/1.1" 404 282 "-" "Mozilla/5.0 (Macintosh; Intel Mac OS X 10.15; rv:77.0) Gecko/20100101 Firefox/77.0"
localhost:80 54.212.226.22 - - [29/Apr/2023:06:52:40 +0000] "POST /enviroments/.env.production HTTP/1.1" 404 282 "-" "Mozilla/5.0 (Macintosh; Intel Mac OS X 10.15; rv:77.0) Gecko/20100101 Firefox/77.0"
localhost:80 54.212.226.22 - - [29/Apr/2023:06:52:43 +0000] "GET /.env.old HTTP/1.1" 404 282 "-" "Mozilla/5.0 (Macintosh; Intel Mac OS X 10.15; rv:77.0) Gecko/20100101 Firefox/77.0"
localhost:80 54.212.226.22 - - [29/Apr/2023:06:52:48 +0000] "POST /.env.old HTTP/1.1" 404 282 "-" "Mozilla/5.0 (Macintosh; Intel Mac OS X 10.15; rv:77.0) Gecko/20100101 Firefox/77.0"
localhost:80 54.212.226.22 - - [29/Apr/2023:06:52:54 +0000] "GET /admin-app/.env HTTP/1.1" 404 282 "-" "Mozilla/5.0 (Macintosh; Intel Mac OS X 10.15; rv:77.0) Gecko/20100101 Firefox/77.0"
localhost:80 54.212.226.22 - - [29/Apr/2023:06:52:56 +0000] "POST /admin-app/.env HTTP/1.1" 404 282 "-" "Mozilla/5.0 (Macintosh; Intel Mac OS X 10.15; rv:77.0) Gecko/20100101 Firefox/77.0"
localhost:80 54.212.226.22 - - [29/Apr/2023:06:53:02 +0000] "GET /development/.env HTTP/1.1" 404 282 "-" "Mozilla/5.0 (Macintosh; Intel Mac OS X 10.15; rv:77.0) Gecko/20100101 Firefox/77.0"
localhost:80 54.212.226.22 - - [29/Apr/2023:06:53:03 +0000] "POST /development/.env HTTP/1.1" 404 282 "-" "Mozilla/5.0 (Macintosh; Intel Mac OS X 10.15; rv:77.0) Gecko/20100101 Firefox/77.0"
localhost:80 54.212.226.22 - - [29/Apr/2023:06:53:07 +0000] "GET /.env.production HTTP/1.1" 404 282 "-" "Mozilla/5.0 (Macintosh; Intel Mac OS X 10.15; rv:77.0) Gecko/20100101 Firefox/77.0"
localhost:80 54.212.226.22 - - [29/Apr/2023:06:53:10 +0000] "POST /.env.production HTTP/1.1" 404 282 "-" "Mozilla/5.0 (Macintosh; Intel Mac OS X 10.15; rv:77.0) Gecko/20100101 Firefox/77.0"
localhost:80 54.212.226.22 - - [29/Apr/2023:06:53:17 +0000] "GET /apps/.env HTTP/1.1" 404 282 "-" "Mozilla/5.0 (Macintosh; Intel Mac OS X 10.15; rv:77.0) Gecko/20100101 Firefox/77.0"
localhost:80 54.212.226.22 - - [29/Apr/2023:06:53:20 +0000] "POST /apps/.env HTTP/1.1" 404 282 "-" "Mozilla/5.0 (Macintosh; Intel Mac OS X 10.15; rv:77.0) Gecko/20100101 Firefox/77.0"
localhost:80 54.212.226.22 - - [29/Apr/2023:06:53:22 +0000] "GET /app/.env HTTP/1.1" 404 282 "-" "Mozilla/5.0 (Macintosh; Intel Mac OS X 10.15; rv:77.0) Gecko/20100101 Firefox/77.0"
localhost:80 54.212.226.22 - - [29/Apr/2023:06:53:22 +0000] "POST /app/.env HTTP/1.1" 404 282 "-" "Mozilla/5.0 (Macintosh; Intel Mac OS X 10.15; rv:77.0) Gecko/20100101 Firefox/77.0"
localhost:80 54.212.226.22 - - [29/Apr/2023:06:53:28 +0000] "GET /cms/.env HTTP/1.1" 404 282 "-" "Mozilla/5.0 (Macintosh; Intel Mac OS X 10.15; rv:77.0) Gecko/20100101 Firefox/77.0"
localhost:80 54.212.226.22 - - [29/Apr/2023:06:53:32 +0000] "POST /cms/.env HTTP/1.1" 404 282 "-" "Mozilla/5.0 (Macintosh; Intel Mac OS X 10.15; rv:77.0) Gecko/20100101 Firefox/77.0"
localhost:80 54.212.226.22 - - [29/Apr/2023:06:53:34 +0000] "GET /sources/.env HTTP/1.1" 404 282 "-" "Mozilla/5.0 (Macintosh; Intel Mac OS X 10.15; rv:77.0) Gecko/20100101 Firefox/77.0"
localhost:80 54.212.226.22 - - [29/Apr/2023:06:53:36 +0000] "POST /sources/.env HTTP/1.1" 404 282 "-" "Mozilla/5.0 (Macintosh; Intel Mac OS X 10.15; rv:77.0) Gecko/20100101 Firefox/77.0"
localhost:80 54.212.226.22 - - [29/Apr/2023:06:53:39 +0000] "GET /fedex/.env HTTP/1.1" 404 282 "-" "Mozilla/5.0 (Macintosh; Intel Mac OS X 10.15; rv:77.0) Gecko/20100101 Firefox/77.0"
localhost:80 54.212.226.22 - - [29/Apr/2023:06:53:42 +0000] "POST /fedex/.env HTTP/1.1" 404 282 "-" "Mozilla/5.0 (Macintosh; Intel Mac OS X 10.15; rv:77.0) Gecko/20100101 Firefox/77.0"
localhost:80 54.212.226.22 - - [29/Apr/2023:06:53:45 +0000] "GET /core/.env HTTP/1.1" 404 282 "-" "Mozilla/5.0 (Macintosh; Intel Mac OS X 10.15; rv:77.0) Gecko/20100101 Firefox/77.0"
localhost:80 54.212.226.22 - - [29/Apr/2023:06:53:47 +0000] "POST /core/.env HTTP/1.1" 404 282 "-" "Mozilla/5.0 (Macintosh; Intel Mac OS X 10.15; rv:77.0) Gecko/20100101 Firefox/77.0"
localhost:80 54.212.226.22 - - [29/Apr/2023:06:53:50 +0000] "GET /shared/.env HTTP/1.1" 404 282 "-" "Mozilla/5.0 (Macintosh; Intel Mac OS X 10.15; rv:77.0) Gecko/20100101 Firefox/77.0"
localhost:80 54.212.226.22 - - [29/Apr/2023:06:53:51 +0000] "POST /shared/.env HTTP/1.1" 404 282 "-" "Mozilla/5.0 (Macintosh; Intel Mac OS X 10.15; rv:77.0) Gecko/20100101 Firefox/77.0"
localhost:80 54.212.226.22 - - [29/Apr/2023:06:53:55 +0000] "GET /api/.env HTTP/1.1" 404 282 "-" "Mozilla/5.0 (Macintosh; Intel Mac OS X 10.15; rv:77.0) Gecko/20100101 Firefox/77.0"
localhost:80 54.212.226.22 - - [29/Apr/2023:06:53:57 +0000] "POST /api/.env HTTP/1.1" 404 282 "-" "Mozilla/5.0 (Macintosh; Intel Mac OS X 10.15; rv:77.0) Gecko/20100101 Firefox/77.0"
localhost:80 54.212.226.22 - - [29/Apr/2023:06:54:07 +0000] "GET /.env.development HTTP/1.1" 404 282 "-" "Mozilla/5.0 (Macintosh; Intel Mac OS X 10.15; rv:77.0) Gecko/20100101 Firefox/77.0"
localhost:80 54.212.226.22 - - [29/Apr/2023:06:54:08 +0000] "POST /.env.development HTTP/1.1" 404 282 "-" "Mozilla/5.0 (Macintosh; Intel Mac OS X 10.15; rv:77.0) Gecko/20100101 Firefox/77.0"
localhost:80 54.212.226.22 - - [29/Apr/2023:06:54:11 +0000] "GET /.env.project HTTP/1.1" 404 282 "-" "Mozilla/5.0 (Macintosh; Intel Mac OS X 10.15; rv:77.0) Gecko/20100101 Firefox/77.0"
localhost:80 54.212.226.22 - - [29/Apr/2023:06:54:13 +0000] "POST /.env.project HTTP/1.1" 404 282 "-" "Mozilla/5.0 (Macintosh; Intel Mac OS X 10.15; rv:77.0) Gecko/20100101 Firefox/77.0"
localhost:80 54.212.226.22 - - [29/Apr/2023:06:54:16 +0000] "GET /live_env HTTP/1.1" 404 282 "-" "Mozilla/5.0 (Macintosh; Intel Mac OS X 10.15; rv:77.0) Gecko/20100101 Firefox/77.0"
localhost:80 54.212.226.22 - - [29/Apr/2023:06:54:20 +0000] "POST /live_env HTTP/1.1" 404 282 "-" "Mozilla/5.0 (Macintosh; Intel Mac OS X 10.15; rv:77.0) Gecko/20100101 Firefox/77.0"
localhost:80 54.212.226.22 - - [29/Apr/2023:06:54:22 +0000] "GET /enviroments/.env HTTP/1.1" 404 282 "-" "Mozilla/5.0 (Macintosh; Intel Mac OS X 10.15; rv:77.0) Gecko/20100101 Firefox/77.0"
localhost:80 54.212.226.22 - - [29/Apr/2023:06:54:26 +0000] "POST /enviroments/.env HTTP/1.1" 404 282 "-" "Mozilla/5.0 (Macintosh; Intel Mac OS X 10.15; rv:77.0) Gecko/20100101 Firefox/77.0"
localhost:80 54.212.226.22 - - [29/Apr/2023:06:54:29 +0000] "GET /docker/.env HTTP/1.1" 404 282 "-" "Mozilla/5.0 (Macintosh; Intel Mac OS X 10.15; rv:77.0) Gecko/20100101 Firefox/77.0"
localhost:80 54.212.226.22 - - [29/Apr/2023:06:54:31 +0000] "POST /docker/.env HTTP/1.1" 404 282 "-" "Mozilla/5.0 (Macintosh; Intel Mac OS X 10.15; rv:77.0) Gecko/20100101 Firefox/77.0"
localhost:80 54.212.226.22 - - [29/Apr/2023:06:54:34 +0000] "GET /application/.env HTTP/1.1" 404 282 "-" "Mozilla/5.0 (Macintosh; Intel Mac OS X 10.15; rv:77.0) Gecko/20100101 Firefox/77.0"
localhost:80 54.212.226.22 - - [29/Apr/2023:06:54:37 +0000] "POST /application/.env HTTP/1.1" 404 282 "-" "Mozilla/5.0 (Macintosh; Intel Mac OS X 10.15; rv:77.0) Gecko/20100101 Firefox/77.0"
localhost:80 54.212.226.22 - - [29/Apr/2023:06:54:39 +0000] "GET /.env.dist HTTP/1.1" 404 282 "-" "Mozilla/5.0 (Macintosh; Intel Mac OS X 10.15; rv:77.0) Gecko/20100101 Firefox/77.0"
localhost:80 54.212.226.22 - - [29/Apr/2023:06:54:42 +0000] "POST /.env.dist HTTP/1.1" 404 282 "-" "Mozilla/5.0 (Macintosh; Intel Mac OS X 10.15; rv:77.0) Gecko/20100101 Firefox/77.0"
localhost:80 54.212.226.22 - - [29/Apr/2023:06:54:47 +0000] "GET /.env HTTP/1.1" 404 282 "-" "Mozilla/5.0 (Macintosh; Intel Mac OS X 10.15; rv:77.0) Gecko/20100101 Firefox/77.0"
localhost:80 54.212.226.22 - - [29/Apr/2023:06:54:49 +0000] "POST /.env HTTP/1.1" 404 282 "-" "Mozilla/5.0 (Macintosh; Intel Mac OS X 10.15; rv:77.0) Gecko/20100101 Firefox/77.0"
localhost:80 54.212.226.22 - - [29/Apr/2023:06:54:56 +0000] "GET /frontend_dev.php/$ HTTP/1.1" 404 282 "-" "Mozilla/5.0 (Macintosh; Intel Mac OS X 10.15; rv:77.0) Gecko/20100101 Firefox/77.0"
localhost:80 54.212.226.22 - - [29/Apr/2023:06:54:59 +0000] "GET /debug/default/view?panel=config HTTP/1.1" 404 282 "-" "Mozilla/5.0 (Macintosh; Intel Mac OS X 10.15; rv:77.0) Gecko/20100101 Firefox/77.0"
localhost:80 54.212.226.22 - - [29/Apr/2023:06:55:01 +0000] "GET /.json HTTP/1.1" 404 282 "-" "Mozilla/5.0 (Macintosh; Intel Mac OS X 10.15; rv:77.0) Gecko/20100101 Firefox/77.0"
localhost:80 54.212.226.22 - - [29/Apr/2023:06:55:06 +0000] "GET /config.json HTTP/1.1" 404 282 "-" "Mozilla/5.0 (Macintosh; Intel Mac OS X 10.15; rv:77.0) Gecko/20100101 Firefox/77.0"
localhost:80 54.212.226.22 - - [29/Apr/2023:06:55:10 +0000] "GET /phpinfo.php HTTP/1.1" 404 282 "-" "Mozilla/5.0 (Macintosh; Intel Mac OS X 10.15; rv:77.0) Gecko/20100101 Firefox/77.0"
localhost:80 54.212.226.22 - - [29/Apr/2023:06:55:13 +0000] "GET /info.php HTTP/1.1" 404 282 "-" "Mozilla/5.0 (Macintosh; Intel Mac OS X 10.15; rv:77.0) Gecko/20100101 Firefox/77.0"
localhost:80 54.212.226.22 - - [29/Apr/2023:06:55:15 +0000] "GET /_profiler/phpinfo HTTP/1.1" 404 282 "-" "Mozilla/5.0 (Macintosh; Intel Mac OS X 10.15; rv:77.0) Gecko/20100101 Firefox/77.0"
localhost:80 54.212.226.22 - - [29/Apr/2023:06:55:19 +0000] "GET /?phpinfo=1 HTTP/1.1" 200 6343 "-" "Mozilla/5.0 (Macintosh; Intel Mac OS X 10.15; rv:77.0) Gecko/20100101 Firefox/77.0"
localhost:80 193.32.162.159 - - [29/Apr/2023:07:07:17 +0000] "GET / HTTP/1.1" 200 525 "-" "Mozilla/5.0 (Windows NT 10.0; Win64; x64) AppleWebKit/537.36 (KHTML, like Gecko) Chrome/90.0.4430.85 Safari/537.36 Edg/90.0.818.46"
localhost:80 65.49.20.67 - - [29/Apr/2023:07:26:20 +0000] "GET / HTTP/1.1" 200 6287 "-" "Mozilla/5.0 (Windows NT 10.0; WOW64) AppleWebKit/537.36 (KHTML, like Gecko) Chrome/109.0.0.0 Safari/537.36"
localhost:80 65.49.20.67 - - [29/Apr/2023:07:27:57 +0000] "GET /favicon.ico HTTP/1.1" 200 5676 "-" "Mozilla/5.0 (Macintosh; Intel Mac OS X 10_15_7) AppleWebKit/605.1.15 (KHTML, like Gecko) Version/16.1 Safari/605.1.15"
localhost:80 65.49.20.67 - - [29/Apr/2023:07:28:40 +0000] "GET /geoserver/web/ HTTP/1.1" 301 455 "-" "Mozilla/5.0 (Windows NT 10.0; WOW64) AppleWebKit/537.36 (KHTML, like Gecko) Chrome/109.0.0.0 Safari/537.36"
localhost:80 43.154.128.189 - - [29/Apr/2023:07:29:49 +0000] "HEAD /Core/Skin/Login.aspx HTTP/1.1" 404 161 "-" "Mozilla/5.0 (Windows NT 10.0; Win64; x64) AppleWebKit/537.36 (KHTML, like Gecko) Chrome/106.0.0.0 Safari/537.36"
localhost:80 135.125.246.110 - - [29/Apr/2023:07:37:44 +0000] "POST / HTTP/1.1" 404 282 "-" "Mozilla/5.0 (X11; Linux x86_64) AppleWebKit/537.36 (KHTML, like Gecko) Chrome/81.0.4044.129 Safari/537.36"
localhost:80 135.125.246.110 - - [29/Apr/2023:07:37:44 +0000] "GET /.env HTTP/1.1" 404 282 "-" "Mozilla/5.0 (X11; Linux x86_64) AppleWebKit/537.36 (KHTML, like Gecko) Chrome/81.0.4044.129 Safari/537.36"
localhost:80 54.78.99.197 - - [29/Apr/2023:07:48:07 +0000] "GET /.git/config HTTP/1.1" 404 282 "-" "python-requests/2.28.2"
localhost:80 54.78.99.197 - - [29/Apr/2023:07:48:07 +0000] "GET /.git/config HTTP/1.1" 404 282 "-" "python-requests/2.28.2"
localhost:80 54.78.99.197 - - [29/Apr/2023:07:48:11 +0000] "GET /.git/config HTTP/1.1" 404 282 "-" "python-requests/2.28.2"
localhost:80 54.78.99.197 - - [29/Apr/2023:07:48:11 +0000] "GET /.git/config HTTP/1.1" 404 282 "-" "python-requests/2.28.2"
localhost:80 85.217.144.24 - - [29/Apr/2023:08:05:40 +0000] "GET / HTTP/1.1" 200 6307 "-" "Linux Gnu (cow)"
localhost:80 193.32.162.159 - - [29/Apr/2023:08:22:46 +0000] "GET / HTTP/1.1" 200 525 "-" "Mozilla/5.0 (Windows NT 10.0; Win64; x64) AppleWebKit/537.36 (KHTML, like Gecko) Chrome/90.0.4430.85 Safari/537.36 Edg/90.0.818.46"
localhost:80 45.32.77.246 - - [29/Apr/2023:08:29:58 +0000] "GET / HTTP/1.1" 200 6306 "-" "Linux Gnu (cow)"
localhost:80 179.251.7.79 - - [29/Apr/2023:08:38:48 +0000] "GET / HTTP/1.1" 200 22418 "-" "Mozilla/5.0 (Windows NT 6.1; WOW64) AppleWebKit/537.36 (KHTML, like Gecko) Chrome/51.0.2704.103 Safari/537.36"
localhost:80 43.154.128.189 - - [29/Apr/2023:08:48:21 +0000] "HEAD /Core/Skin/Login.aspx HTTP/1.1" 404 161 "-" "Mozilla/5.0 (Windows NT 10.0; Win64; x64) AppleWebKit/537.36 (KHTML, like Gecko) Chrome/106.0.0.0 Safari/537.36"
localhost:80 135.125.246.110 - - [29/Apr/2023:08:53:35 +0000] "POST / HTTP/1.1" 404 282 "-" "Mozilla/5.0 (X11; Linux x86_64) AppleWebKit/537.36 (KHTML, like Gecko) Chrome/81.0.4044.129 Safari/537.36"
localhost:80 135.125.246.110 - - [29/Apr/2023:08:53:35 +0000] "GET /.env HTTP/1.1" 404 282 "-" "Mozilla/5.0 (X11; Linux x86_64) AppleWebKit/537.36 (KHTML, like Gecko) Chrome/81.0.4044.129 Safari/537.36"
localhost:80 161.35.233.14 - - [29/Apr/2023:09:15:55 +0000] "GET /explore HTTP/1.1" 404 245 "-" "Mozilla/5.0 (Windows NT 10.0; WOW64) AppleWebKit/537.36 (KHTML, like Gecko) Chrome/70.0.3538.77 Safari/537.36"
localhost:80 94.102.61.10 - - [29/Apr/2023:09:16:19 +0000] "GET / HTTP/1.1" 200 6287 "-" "Mozilla/5.0 (Windows NT 10.0; Win64; x64) AppleWebKit/537.36 (KHTML, like Gecko) Chrome/88.0.4324.190 Safari/537.36"
localhost:80 52.27.8.109 - - [29/Apr/2023:09:45:42 +0000] "GET /.env HTTP/1.1" 404 226 "-" "Mozilla/5.0 zgrab/0.x"
localhost:80 193.32.162.159 - - [29/Apr/2023:09:58:16 +0000] "GET / HTTP/1.1" 200 525 "-" "Mozilla/5.0 (Windows NT 10.0; Win64; x64) AppleWebKit/537.36 (KHTML, like Gecko) Chrome/90.0.4430.85 Safari/537.36 Edg/90.0.818.46"
localhost:80 43.154.128.189 - - [29/Apr/2023:10:06:34 +0000] "HEAD /Core/Skin/Login.aspx HTTP/1.1" 404 161 "-" "Mozilla/5.0 (Windows NT 10.0; Win64; x64) AppleWebKit/537.36 (KHTML, like Gecko) Chrome/106.0.0.0 Safari/537.36"
localhost:80 34.215.239.66 - - [29/Apr/2023:10:09:57 +0000] "GET / HTTP/1.1" 200 22418 "-" "Opera/9.80 (S60; SymbOS; Opera Mobi/499; U; ru) Presto/2.4.18 Version/10.00"
localhost:80 20.228.208.179 - - [29/Apr/2023:10:25:04 +0000] "GET /.env HTTP/1.1" 404 226 "-" "Mozilla/5.0 (Windows NT 10.0; Win64; x64) AppleWebKit/537.36 (KHTML, like Gecko) Chrome/93.0.4577.63 Safari/537.3"
localhost:80 135.125.246.110 - - [29/Apr/2023:10:29:38 +0000] "POST / HTTP/1.1" 404 282 "-" "Mozilla/5.0 (X11; Linux x86_64) AppleWebKit/537.36 (KHTML, like Gecko) Chrome/81.0.4044.129 Safari/537.36"
localhost:80 135.125.246.110 - - [29/Apr/2023:10:29:38 +0000] "GET /.env HTTP/1.1" 404 282 "-" "Mozilla/5.0 (X11; Linux x86_64) AppleWebKit/537.36 (KHTML, like Gecko) Chrome/81.0.4044.129 Safari/537.36"
localhost:80 45.79.181.179 - - [29/Apr/2023:10:53:06 +0000] "\x16\x03\x01" 400 483 "-" "-"
localhost:80 43.154.128.189 - - [29/Apr/2023:11:24:45 +0000] "HEAD /Core/Skin/Login.aspx HTTP/1.1" 404 161 "-" "Mozilla/5.0 (Windows NT 10.0; Win64; x64) AppleWebKit/537.36 (KHTML, like Gecko) Chrome/106.0.0.0 Safari/537.36"
localhost:80 172.105.89.161 - - [29/Apr/2023:11:44:07 +0000] "GET /0bef HTTP/1.0" 404 245 "-" "-"
localhost:80 154.209.125.66 - - [29/Apr/2023:11:52:35 +0000] "GET / HTTP/1.1" 200 22474 "-" "Mozilla/5.0 (Macintosh; Intel Mac OS X 10.11; rv:47.0) Gecko/20100101 Firefox/47.0"
localhost:80 45.8.22.79 - - [29/Apr/2023:12:35:07 +0000] "GET /.env HTTP/1.1" 404 282 "-" "python-requests/2.28.2"
localhost:80 45.8.22.79 - - [29/Apr/2023:12:35:22 +0000] "POST / HTTP/1.1" 404 282 "-" "python-requests/2.28.2"
localhost:80 43.154.128.189 - - [29/Apr/2023:12:42:59 +0000] "HEAD /Core/Skin/Login.aspx HTTP/1.1" 404 161 "-" "Mozilla/5.0 (Windows NT 10.0; Win64; x64) AppleWebKit/537.36 (KHTML, like Gecko) Chrome/106.0.0.0 Safari/537.36"
localhost:80 135.125.246.110 - - [29/Apr/2023:12:48:16 +0000] "POST / HTTP/1.1" 404 282 "-" "Mozilla/5.0 (X11; Linux x86_64) AppleWebKit/537.36 (KHTML, like Gecko) Chrome/81.0.4044.129 Safari/537.36"
localhost:80 135.125.246.110 - - [29/Apr/2023:12:48:16 +0000] "GET /.env HTTP/1.1" 404 282 "-" "Mozilla/5.0 (X11; Linux x86_64) AppleWebKit/537.36 (KHTML, like Gecko) Chrome/81.0.4044.129 Safari/537.36"
localhost:80 193.32.162.159 - - [29/Apr/2023:13:10:03 +0000] "GET / HTTP/1.1" 200 525 "-" "Mozilla/5.0 (Windows NT 10.0; Win64; x64) AppleWebKit/537.36 (KHTML, like Gecko) Chrome/90.0.4430.85 Safari/537.36 Edg/90.0.818.46"
localhost:80 35.89.80.100 - - [29/Apr/2023:13:15:42 +0000] "GET /.env HTTP/1.1" 404 226 "-" "Mozilla/5.0 zgrab/0.x"
localhost:80 45.66.230.36 - - [29/Apr/2023:13:25:54 +0000] "GET / HTTP/1.1" 200 6307 "-" "Linux Gnu (cow)"
localhost:80 43.154.128.189 - - [29/Apr/2023:14:02:16 +0000] "HEAD /Core/Skin/Login.aspx HTTP/1.1" 404 161 "-" "Mozilla/5.0 (Windows NT 10.0; Win64; x64) AppleWebKit/537.36 (KHTML, like Gecko) Chrome/106.0.0.0 Safari/537.36"
localhost:80 193.32.162.159 - - [29/Apr/2023:15:02:48 +0000] "GET / HTTP/1.1" 200 525 "-" "Mozilla/5.0 (Windows NT 10.0; Win64; x64) AppleWebKit/537.36 (KHTML, like Gecko) Chrome/90.0.4430.85 Safari/537.36 Edg/90.0.818.46"
localhost:80 135.125.246.110 - - [29/Apr/2023:15:04:05 +0000] "POST / HTTP/1.1" 404 282 "-" "Mozilla/5.0 (X11; Linux x86_64) AppleWebKit/537.36 (KHTML, like Gecko) Chrome/81.0.4044.129 Safari/537.36"
localhost:80 135.125.246.110 - - [29/Apr/2023:15:04:05 +0000] "GET /.env HTTP/1.1" 404 282 "-" "Mozilla/5.0 (X11; Linux x86_64) AppleWebKit/537.36 (KHTML, like Gecko) Chrome/81.0.4044.129 Safari/537.36"
localhost:80 66.175.213.4 - - [29/Apr/2023:15:17:39 +0000] "\x16\x03\x01" 400 483 "-" "-"
localhost:80 43.154.128.189 - - [29/Apr/2023:15:21:05 +0000] "HEAD /Core/Skin/Login.aspx HTTP/1.1" 404 161 "-" "Mozilla/5.0 (Windows NT 10.0; Win64; x64) AppleWebKit/537.36 (KHTML, like Gecko) Chrome/106.0.0.0 Safari/537.36"
localhost:80 3.238.242.143 - - [29/Apr/2023:15:41:51 +0000] "GET /.env HTTP/1.1" 404 226 "-" "Mozilla/5.0 zgrab/0.x"
localhost:80 135.125.246.110 - - [29/Apr/2023:15:43:33 +0000] "POST / HTTP/1.1" 404 282 "-" "Mozilla/5.0 (X11; Linux x86_64) AppleWebKit/537.36 (KHTML, like Gecko) Chrome/81.0.4044.129 Safari/537.36"
localhost:80 135.125.246.110 - - [29/Apr/2023:15:43:33 +0000] "GET /.env HTTP/1.1" 404 282 "-" "Mozilla/5.0 (X11; Linux x86_64) AppleWebKit/537.36 (KHTML, like Gecko) Chrome/81.0.4044.129 Safari/537.36"
localhost:80 54.186.169.31 - - [29/Apr/2023:15:44:51 +0000] "GET /.env HTTP/1.1" 404 226 "-" "Mozilla/5.0 zgrab/0.x"
localhost:80 185.246.221.75 - - [29/Apr/2023:16:38:47 +0000] "GET / HTTP/1.1" 200 6343 "-" "python-requests/2.22.0"
localhost:80 185.246.221.75 - - [29/Apr/2023:16:38:47 +0000] "GET /_profiler/empty/search/results HTTP/1.1" 404 282 "-" "python-requests/2.22.0"
localhost:80 43.154.128.189 - - [29/Apr/2023:16:39:36 +0000] "HEAD /Core/Skin/Login.aspx HTTP/1.1" 404 161 "-" "Mozilla/5.0 (Windows NT 10.0; Win64; x64) AppleWebKit/537.36 (KHTML, like Gecko) Chrome/106.0.0.0 Safari/537.36"
localhost:80 193.32.162.159 - - [29/Apr/2023:16:46:44 +0000] "GET / HTTP/1.1" 200 525 "-" "Mozilla/5.0 (Windows NT 10.0; Win64; x64) AppleWebKit/537.36 (KHTML, like Gecko) Chrome/90.0.4430.85 Safari/537.36 Edg/90.0.818.46"
localhost:80 45.79.128.205 - - [29/Apr/2023:16:57:24 +0000] "\x16\x03\x01" 400 483 "-" "-"
localhost:80 185.254.196.186 - - [29/Apr/2023:17:04:19 +0000] "GET /.env HTTP/1.1" 404 282 "-" "Mozilla/5.0 (X11; Linux x86_64) AppleWebKit/537.36 (KHTML, like Gecko) Chrome/81.0.4044.129 Safari/537.36"
localhost:80 185.254.196.186 - - [29/Apr/2023:17:04:19 +0000] "POST / HTTP/1.1" 404 282 "-" "Mozilla/5.0 (X11; Linux x86_64) AppleWebKit/537.36 (KHTML, like Gecko) Chrome/81.0.4044.129 Safari/537.36"
localhost:80 162.243.144.9 - - [29/Apr/2023:17:14:37 +0000] "GET /portal/redlion HTTP/1.1" 404 226 "-" "Mozilla/5.0 zgrab/0.x"
localhost:80 161.35.233.14 - - [29/Apr/2023:17:35:04 +0000] "GET /explore HTTP/1.1" 404 245 "-" "portalmmm/2.0 N410i(c20;TB)"
localhost:80 198.199.117.136 - - [29/Apr/2023:17:37:27 +0000] "GET /hudson HTTP/1.1" 404 226 "-" "Mozilla/5.0 zgrab/0.x"
localhost:80 135.125.246.110 - - [29/Apr/2023:17:56:26 +0000] "POST / HTTP/1.1" 404 282 "-" "Mozilla/5.0 (X11; Linux x86_64) AppleWebKit/537.36 (KHTML, like Gecko) Chrome/81.0.4044.129 Safari/537.36"
localhost:80 135.125.246.110 - - [29/Apr/2023:17:56:26 +0000] "GET /.env HTTP/1.1" 404 282 "-" "Mozilla/5.0 (X11; Linux x86_64) AppleWebKit/537.36 (KHTML, like Gecko) Chrome/81.0.4044.129 Safari/537.36"
localhost:80 43.154.128.189 - - [29/Apr/2023:17:57:53 +0000] "HEAD /Core/Skin/Login.aspx HTTP/1.1" 404 161 "-" "Mozilla/5.0 (Windows NT 10.0; Win64; x64) AppleWebKit/537.36 (KHTML, like Gecko) Chrome/106.0.0.0 Safari/537.36"
localhost:80 35.203.211.248 - - [29/Apr/2023:18:00:36 +0000] "GET / HTTP/1.1" 200 22418 "-" "Expanse, a Palo Alto Networks company, searches across the global IPv4 space multiple times per day to identify customers&#39; presences on the Internet. If you would like to be excluded from our scans, please send IP addresses/domains to: scaninfo@paloaltonetworks.com"
localhost:80 162.216.150.31 - - [29/Apr/2023:18:12:01 +0000] "GET / HTTP/1.1" 200 22418 "-" "Expanse, a Palo Alto Networks company, searches across the global IPv4 space multiple times per day to identify customers&#39; presences on the Internet. If you would like to be excluded from our scans, please send IP addresses/domains to: scaninfo@paloaltonetworks.com"
localhost:80 218.250.160.28 - - [29/Apr/2023:18:13:00 +0000] "GET / HTTP/1.1" 200 22418 "-" "Mozilla/5.0 (Windows NT 10.0; WOW64) AppleWebKit/537.36 (KHTML, like Gecko) Chrome/51.0.2704.103 Safari/537.36"
localhost:80 218.250.160.28 - - [29/Apr/2023:18:13:00 +0000] "GET / HTTP/1.1" 200 22418 "-" "Mozilla/5.0 (Windows NT 10.0; WOW64) AppleWebKit/537.36 (KHTML, like Gecko) Chrome/51.0.2704.103 Safari/537.36"
localhost:80 185.254.196.186 - - [29/Apr/2023:18:41:14 +0000] "GET /.env HTTP/1.1" 404 282 "-" "Mozilla/5.0 (X11; Linux x86_64) AppleWebKit/537.36 (KHTML, like Gecko) Chrome/81.0.4044.129 Safari/537.36"
localhost:80 185.254.196.186 - - [29/Apr/2023:18:41:14 +0000] "POST / HTTP/1.1" 404 282 "-" "Mozilla/5.0 (X11; Linux x86_64) AppleWebKit/537.36 (KHTML, like Gecko) Chrome/81.0.4044.129 Safari/537.36"
localhost:80 117.14.147.14 - - [29/Apr/2023:18:46:04 +0000] "GET / HTTP/1.0" 200 22396 "-" "-"
localhost:80 117.25.124.254 - - [29/Apr/2023:18:46:04 +0000] "\x16\x03\x01" 400 483 "-" "-"
localhost:80 59.50.183.91 - - [29/Apr/2023:18:46:05 +0000] "\x16\x03\x01" 400 483 "-" "-"
localhost:80 60.13.138.55 - - [29/Apr/2023:18:46:13 +0000] "USER anonymous" 400 483 "-" "-"
localhost:80 220.168.95.167 - - [29/Apr/2023:18:46:15 +0000] "GET / HTTP/1.1" 200 22437 "-" "Mozilla/5.0 (Windows NT 6.1) AppleWebKit/537.36 (KHTML, like Gecko) Chrome/49.0.2623.112 Safari/537.36"
localhost:80 167.71.18.121 - - [29/Apr/2023:19:01:49 +0000] "POST /api/v0/id HTTP/1.1" 404 226 "-" "xxx"
localhost:80 43.154.128.189 - - [29/Apr/2023:19:16:18 +0000] "HEAD /Core/Skin/Login.aspx HTTP/1.1" 404 161 "-" "Mozilla/5.0 (Windows NT 10.0; Win64; x64) AppleWebKit/537.36 (KHTML, like Gecko) Chrome/106.0.0.0 Safari/537.36"
localhost:80 54.198.228.98 - - [29/Apr/2023:19:36:05 +0000] "GET / HTTP/1.1" 200 6306 "-" "Mozilla/5.0 (Windows NT 6.1; Win64; x64; rv:35.0) Gecko/20100101 Firefox/35.0"
localhost:80 135.125.246.110 - - [29/Apr/2023:19:40:28 +0000] "POST / HTTP/1.1" 404 282 "-" "Mozilla/5.0 (X11; Linux x86_64) AppleWebKit/537.36 (KHTML, like Gecko) Chrome/81.0.4044.129 Safari/537.36"
localhost:80 135.125.246.110 - - [29/Apr/2023:19:40:28 +0000] "GET /.env HTTP/1.1" 404 282 "-" "Mozilla/5.0 (X11; Linux x86_64) AppleWebKit/537.36 (KHTML, like Gecko) Chrome/81.0.4044.129 Safari/537.36"
localhost:80 35.89.245.8 - - [29/Apr/2023:20:05:45 +0000] "GET /.env HTTP/1.1" 404 226 "-" "Mozilla/5.0 zgrab/0.x"
localhost:80 35.166.123.176 - - [29/Apr/2023:20:20:49 +0000] "GET / HTTP/1.1" 200 22418 "-" "Mozilla/5.0 (Windows NT 10.0; WOW64) AppleWebKit/537.36 (KHTML, like Gecko) Chrome/71.0.3578.98 Safari/537.36"
localhost:80 54.212.118.183 - - [29/Apr/2023:20:33:21 +0000] "GET / HTTP/1.1" 200 22418 "-" "Mozilla/5.0 (Windows NT 10.0; WOW64) AppleWebKit/537.36 (KHTML, like Gecko) Chrome/75.0.3770.143 YaBrowser/19.7.2.470 Yowser/2.5 Safari/537.36"
localhost:80 43.154.128.189 - - [29/Apr/2023:20:34:43 +0000] "HEAD /Core/Skin/Login.aspx HTTP/1.1" 404 161 "-" "Mozilla/5.0 (Windows NT 10.0; Win64; x64) AppleWebKit/537.36 (KHTML, like Gecko) Chrome/106.0.0.0 Safari/537.36"
localhost:80 135.125.246.110 - - [29/Apr/2023:20:51:31 +0000] "POST / HTTP/1.1" 404 282 "-" "Mozilla/5.0 (X11; Linux x86_64) AppleWebKit/537.36 (KHTML, like Gecko) Chrome/81.0.4044.129 Safari/537.36"
localhost:80 135.125.246.110 - - [29/Apr/2023:20:51:31 +0000] "GET /.env HTTP/1.1" 404 282 "-" "Mozilla/5.0 (X11; Linux x86_64) AppleWebKit/537.36 (KHTML, like Gecko) Chrome/81.0.4044.129 Safari/537.36"
localhost:80 45.79.181.179 - - [29/Apr/2023:20:59:20 +0000] "\x16\x03\x01" 400 483 "-" "-"
localhost:80 193.32.162.159 - - [29/Apr/2023:21:19:51 +0000] "GET / HTTP/1.1" 200 525 "-" "Mozilla/5.0 (Windows NT 10.0; Win64; x64) AppleWebKit/537.36 (KHTML, like Gecko) Chrome/90.0.4430.85 Safari/537.36 Edg/90.0.818.46"
localhost:80 35.203.211.241 - - [29/Apr/2023:21:50:30 +0000] "GET / HTTP/1.1" 200 22418 "-" "Expanse, a Palo Alto Networks company, searches across the global IPv4 space multiple times per day to identify customers&#39; presences on the Internet. If you would like to be excluded from our scans, please send IP addresses/domains to: scaninfo@paloaltonetworks.com"
localhost:80 54.169.118.15 - - [29/Apr/2023:21:52:54 +0000] "GET /.env HTTP/1.1" 404 226 "-" "Mozilla/5.0 zgrab/0.x"
localhost:80 43.154.128.189 - - [29/Apr/2023:21:52:59 +0000] "HEAD /Core/Skin/Login.aspx HTTP/1.1" 404 161 "-" "Mozilla/5.0 (Windows NT 10.0; Win64; x64) AppleWebKit/537.36 (KHTML, like Gecko) Chrome/106.0.0.0 Safari/537.36"
localhost:80 193.32.162.159 - - [29/Apr/2023:21:57:02 +0000] "GET / HTTP/1.1" 200 525 "-" "Mozilla/5.0 (Windows NT 10.0; Win64; x64) AppleWebKit/537.36 (KHTML, like Gecko) Chrome/90.0.4430.85 Safari/537.36 Edg/90.0.818.46"
localhost:80 198.235.24.154 - - [29/Apr/2023:21:58:27 +0000] "GET / HTTP/1.1" 200 22418 "-" "Expanse, a Palo Alto Networks company, searches across the global IPv4 space multiple times per day to identify customers&#39; presences on the Internet. If you would like to be excluded from our scans, please send IP addresses/domains to: scaninfo@paloaltonetworks.com"
localhost:80 185.254.196.173 - - [29/Apr/2023:22:12:30 +0000] "GET /.env HTTP/1.1" 404 282 "-" "Mozilla/5.0 (X11; Linux x86_64) AppleWebKit/537.36 (KHTML, like Gecko) Chrome/81.0.4044.129 Safari/537.36"
localhost:80 185.254.196.173 - - [29/Apr/2023:22:12:31 +0000] "POST / HTTP/1.1" 404 282 "-" "Mozilla/5.0 (X11; Linux x86_64) AppleWebKit/537.36 (KHTML, like Gecko) Chrome/81.0.4044.129 Safari/537.36"
localhost:80 135.125.246.110 - - [29/Apr/2023:22:30:11 +0000] "POST / HTTP/1.1" 404 282 "-" "Mozilla/5.0 (X11; Linux x86_64) AppleWebKit/537.36 (KHTML, like Gecko) Chrome/81.0.4044.129 Safari/537.36"
localhost:80 135.125.246.110 - - [29/Apr/2023:22:30:11 +0000] "GET /.env HTTP/1.1" 404 282 "-" "Mozilla/5.0 (X11; Linux x86_64) AppleWebKit/537.36 (KHTML, like Gecko) Chrome/81.0.4044.129 Safari/537.36"
localhost:80 95.214.27.114 - - [29/Apr/2023:22:47:06 +0000] "GET /muieblackcat HTTP/1.1" 404 245 "-" "-"
localhost:80 95.214.27.114 - - [29/Apr/2023:22:47:06 +0000] "GET //phpMyAdmin/scripts/setup.php HTTP/1.1" 404 245 "-" "-"
localhost:80 95.214.27.114 - - [29/Apr/2023:22:47:06 +0000] "GET //phpmyadmin/scripts/setup.php HTTP/1.1" 404 245 "-" "-"
localhost:80 95.214.27.114 - - [29/Apr/2023:22:47:06 +0000] "GET //pma/scripts/setup.php HTTP/1.1" 404 245 "-" "-"
localhost:80 95.214.27.114 - - [29/Apr/2023:22:47:06 +0000] "GET //myadmin/scripts/setup.php HTTP/1.1" 404 245 "-" "-"
localhost:80 95.214.27.114 - - [29/Apr/2023:22:47:06 +0000] "GET //MyAdmin/scripts/setup.php HTTP/1.1" 404 245 "-" "-"
localhost:80 198.235.24.54 - - [29/Apr/2023:22:56:24 +0000] "GET / HTTP/1.0" 200 22396 "-" "Expanse, a Palo Alto Networks company, searches across the global IPv4 space multiple times per day to identify customers&#39; presences on the Internet. If you would like to be excluded from our scans, please send IP addresses/domains to: scaninfo@paloaltonetworks.com"
localhost:80 43.154.128.189 - - [29/Apr/2023:23:11:16 +0000] "HEAD /Core/Skin/Login.aspx HTTP/1.1" 404 161 "-" "Mozilla/5.0 (Windows NT 10.0; Win64; x64) AppleWebKit/537.36 (KHTML, like Gecko) Chrome/106.0.0.0 Safari/537.36"
localhost:80 194.55.224.203 - - [30/Apr/2023:00:09:58 +0000] "GET / HTTP/1.1" 200 6306 "-" "Linux Gnu (cow)"
localhost:80 43.154.128.189 - - [30/Apr/2023:00:29:47 +0000] "HEAD /Core/Skin/Login.aspx HTTP/1.1" 404 161 "-" "Mozilla/5.0 (Windows NT 10.0; Win64; x64) AppleWebKit/537.36 (KHTML, like Gecko) Chrome/106.0.0.0 Safari/537.36"
localhost:80 135.125.246.110 - - [30/Apr/2023:00:31:23 +0000] "POST / HTTP/1.1" 404 282 "-" "Mozilla/5.0 (X11; Linux x86_64) AppleWebKit/537.36 (KHTML, like Gecko) Chrome/81.0.4044.129 Safari/537.36"
localhost:80 135.125.246.110 - - [30/Apr/2023:00:31:23 +0000] "GET /.env HTTP/1.1" 404 282 "-" "Mozilla/5.0 (X11; Linux x86_64) AppleWebKit/537.36 (KHTML, like Gecko) Chrome/81.0.4044.129 Safari/537.36"
localhost:80 185.254.196.173 - - [30/Apr/2023:00:41:42 +0000] "GET /.env HTTP/1.1" 404 282 "-" "Mozilla/5.0 (X11; Linux x86_64) AppleWebKit/537.36 (KHTML, like Gecko) Chrome/81.0.4044.129 Safari/537.36"
localhost:80 185.254.196.173 - - [30/Apr/2023:00:41:42 +0000] "POST / HTTP/1.1" 404 282 "-" "Mozilla/5.0 (X11; Linux x86_64) AppleWebKit/537.36 (KHTML, like Gecko) Chrome/81.0.4044.129 Safari/537.36"
localhost:80 45.33.80.243 - - [30/Apr/2023:00:58:37 +0000] "\x16\x03\x01" 400 483 "-" "-"
localhost:80 135.125.246.110 - - [30/Apr/2023:01:43:51 +0000] "POST / HTTP/1.1" 404 282 "-" "Mozilla/5.0 (X11; Linux x86_64) AppleWebKit/537.36 (KHTML, like Gecko) Chrome/81.0.4044.129 Safari/537.36"
localhost:80 135.125.246.110 - - [30/Apr/2023:01:43:51 +0000] "GET /.env HTTP/1.1" 404 282 "-" "Mozilla/5.0 (X11; Linux x86_64) AppleWebKit/537.36 (KHTML, like Gecko) Chrome/81.0.4044.129 Safari/537.36"
localhost:80 43.154.128.189 - - [30/Apr/2023:01:48:14 +0000] "HEAD /Core/Skin/Login.aspx HTTP/1.1" 404 161 "-" "Mozilla/5.0 (Windows NT 10.0; Win64; x64) AppleWebKit/537.36 (KHTML, like Gecko) Chrome/106.0.0.0 Safari/537.36"
localhost:80 193.32.162.159 - - [30/Apr/2023:02:20:13 +0000] "GET / HTTP/1.1" 200 525 "-" "Mozilla/5.0 (Windows NT 10.0; Win64; x64) AppleWebKit/537.36 (KHTML, like Gecko) Chrome/90.0.4430.85 Safari/537.36 Edg/90.0.818.46"
localhost:80 198.20.101.106 - - [30/Apr/2023:02:28:18 +0000] "GET / HTTP/1.1" 200 6287 "-" "Mozilla/5.0 (Windows NT 10.0; Win64; x64) AppleWebKit/537.36 (KHTML, like Gecko) Chrome/102.0.0.0 Safari/537.36"
localhost:80 198.20.101.106 - - [30/Apr/2023:02:29:05 +0000] "\x16\x03\x01" 400 483 "-" "-"
localhost:80 135.125.246.110 - - [30/Apr/2023:02:52:35 +0000] "POST / HTTP/1.1" 404 282 "-" "Mozilla/5.0 (X11; Linux x86_64) AppleWebKit/537.36 (KHTML, like Gecko) Chrome/81.0.4044.129 Safari/537.36"
localhost:80 135.125.246.110 - - [30/Apr/2023:02:52:35 +0000] "GET /.env HTTP/1.1" 404 282 "-" "Mozilla/5.0 (X11; Linux x86_64) AppleWebKit/537.36 (KHTML, like Gecko) Chrome/81.0.4044.129 Safari/537.36"
localhost:80 172.105.128.12 - - [30/Apr/2023:02:57:25 +0000] "\x16\x03\x01" 400 483 "-" "-"
localhost:80 43.154.128.189 - - [30/Apr/2023:03:06:46 +0000] "HEAD /Core/Skin/Login.aspx HTTP/1.1" 404 161 "-" "Mozilla/5.0 (Windows NT 10.0; Win64; x64) AppleWebKit/537.36 (KHTML, like Gecko) Chrome/106.0.0.0 Safari/537.36"
localhost:80 198.235.24.240 - - [30/Apr/2023:03:25:22 +0000] "\x16\x03\x01" 400 483 "-" "-"
localhost:80 192.241.201.43 - - [30/Apr/2023:03:46:16 +0000] "GET / HTTP/1.1" 200 6287 "-" "Mozilla/5.0 zgrab/0.x"
localhost:80 34.79.162.186 - - [30/Apr/2023:03:59:26 +0000] "GET / HTTP/1.1" 200 6343 "-" "python-requests/2.28.2"
localhost:80 205.210.31.148 - - [30/Apr/2023:04:08:35 +0000] "\x16\x03\x01" 400 483 "-" "-"
localhost:80 193.35.18.65 - - [30/Apr/2023:04:11:48 +0000] "GET / HTTP/1.1" 200 22418 "-" "-"
localhost:80 193.35.18.65 - - [30/Apr/2023:04:11:48 +0000] "POST /HNAP1/ HTTP/1.1" 301 495 "-" "Mozila/5.0"
localhost:80 87.121.221.49 - - [30/Apr/2023:04:21:07 +0000] "POST /boaform/admin/formLogin HTTP/1.1" 404 2150 "http://54.155.101.2:80/admin/login.asp" "Mozilla/5.0 (X11; Ubuntu; Linux x86_64; rv:71.0) Gecko/20100101 Firefox/71.0"
localhost:80 43.154.128.189 - - [30/Apr/2023:04:25:08 +0000] "HEAD /Core/Skin/Login.aspx HTTP/1.1" 404 161 "-" "Mozilla/5.0 (Windows NT 10.0; Win64; x64) AppleWebKit/537.36 (KHTML, like Gecko) Chrome/106.0.0.0 Safari/537.36"
localhost:80 185.254.196.186 - - [30/Apr/2023:04:43:34 +0000] "GET /.env HTTP/1.1" 404 282 "-" "Mozilla/5.0 (X11; Linux x86_64) AppleWebKit/537.36 (KHTML, like Gecko) Chrome/81.0.4044.129 Safari/537.36"
localhost:80 185.254.196.186 - - [30/Apr/2023:04:43:35 +0000] "POST / HTTP/1.1" 404 282 "-" "Mozilla/5.0 (X11; Linux x86_64) AppleWebKit/537.36 (KHTML, like Gecko) Chrome/81.0.4044.129 Safari/537.36"
localhost:80 193.32.162.159 - - [30/Apr/2023:04:44:00 +0000] "GET / HTTP/1.1" 200 525 "-" "Mozilla/5.0 (Windows NT 10.0; Win64; x64) AppleWebKit/537.36 (KHTML, like Gecko) Chrome/90.0.4430.85 Safari/537.36 Edg/90.0.818.46"
localhost:80 172.105.128.13 - - [30/Apr/2023:04:58:59 +0000] "\x16\x03\x01" 400 483 "-" "-"
localhost:80 198.235.24.30 - - [30/Apr/2023:05:05:21 +0000] "GET / HTTP/1.0" 200 22396 "-" "Expanse, a Palo Alto Networks company, searches across the global IPv4 space multiple times per day to identify customers&#39; presences on the Internet. If you would like to be excluded from our scans, please send IP addresses/domains to: scaninfo@paloaltonetworks.com"
localhost:80 43.154.128.189 - - [30/Apr/2023:05:43:10 +0000] "HEAD /Core/Skin/Login.aspx HTTP/1.1" 404 161 "-" "Mozilla/5.0 (Windows NT 10.0; Win64; x64) AppleWebKit/537.36 (KHTML, like Gecko) Chrome/106.0.0.0 Safari/537.36"
localhost:80 47.106.210.38 - - [30/Apr/2023:06:28:40 +0000] "GET http://54.155.101.2:80/mysql-admin/scripts/setup.php HTTP/1.0" 404 245 "-" "-"
localhost:80 47.106.210.38 - - [30/Apr/2023:06:28:40 +0000] "GET http://54.155.101.2:80/PHPMYADMIN/scripts/setup.php HTTP/1.0" 404 245 "-" "-"
localhost:80 47.106.210.38 - - [30/Apr/2023:06:28:40 +0000] "GET http://54.155.101.2:80/phpMyAdmin-2.11.4/scripts/setup.php HTTP/1.0" 404 245 "-" "-"
localhost:80 47.106.210.38 - - [30/Apr/2023:06:28:40 +0000] "GET http://54.155.101.2:80/phpMyAdmin-2.11.3/scripts/setup.php HTTP/1.0" 404 245 "-" "-"
localhost:80 47.106.210.38 - - [30/Apr/2023:06:28:40 +0000] "GET http://54.155.101.2:80/admin/pma/scripts/setup.php HTTP/1.0" 404 245 "-" "-"
localhost:80 47.106.210.38 - - [30/Apr/2023:06:28:40 +0000] "GET http://54.155.101.2:80/phpmanager/scripts/setup.php HTTP/1.0" 404 245 "-" "-"
localhost:80 47.106.210.38 - - [30/Apr/2023:06:28:40 +0000] "GET http://54.155.101.2:80/_phpMyAdmin/scripts/setup.php HTTP/1.0" 404 245 "-" "-"
localhost:80 47.106.210.38 - - [30/Apr/2023:06:28:40 +0000] "GET http://54.155.101.2:80/phpMyAdmin-2/scripts/setup.php HTTP/1.0" 404 245 "-" "-"
localhost:80 47.106.210.38 - - [30/Apr/2023:06:28:40 +0000] "GET http://54.155.101.2:80/phpmy-admin/scripts/setup.php HTTP/1.0" 404 245 "-" "-"
localhost:80 47.106.210.38 - - [30/Apr/2023:06:28:40 +0000] "GET http://54.155.101.2:80/myadmin/scripts/setup.php HTTP/1.0" 404 245 "-" "-"
localhost:80 47.106.210.38 - - [30/Apr/2023:06:28:40 +0000] "GET http://54.155.101.2:80/phpMyAdmin-2.11.1.2/scripts/setup.php HTTP/1.0" 404 245 "-" "-"
localhost:80 47.106.210.38 - - [30/Apr/2023:06:28:40 +0000] "GET http://54.155.101.2:80/php/scripts/setup.php HTTP/1.0" 404 245 "-" "-"
localhost:80 47.106.210.38 - - [30/Apr/2023:06:28:40 +0000] "GET http://54.155.101.2:80/phpmyadmin/scripts/setup.php HTTP/1.0" 404 245 "-" "-"
localhost:80 47.106.210.38 - - [30/Apr/2023:06:28:40 +0000] "GET http://54.155.101.2:80/phpMyAdmin3/scripts/setup.php HTTP/1.0" 404 245 "-" "-"
localhost:80 47.106.210.38 - - [30/Apr/2023:06:28:41 +0000] "GET http://54.155.101.2:80/pma/scripts/setup.php HTTP/1.0" 404 245 "-" "-"
localhost:80 47.106.210.38 - - [30/Apr/2023:06:28:41 +0000] "GET http://54.155.101.2:80/webadmin/scripts/setup.php HTTP/1.0" 404 245 "-" "-"
localhost:80 47.106.210.38 - - [30/Apr/2023:06:28:41 +0000] "GET http://54.155.101.2:80/phpMyAdmin-2.10.2/scripts/setup.php HTTP/1.0" 404 245 "-" "-"
localhost:80 47.106.210.38 - - [30/Apr/2023:06:28:41 +0000] "GET http://54.155.101.2:80/phpMyAdmin-2.8.0.2/scripts/setup.php HTTP/1.0" 404 245 "-" "-"
localhost:80 47.106.210.38 - - [30/Apr/2023:06:28:41 +0000] "GET http://54.155.101.2:80/admin/scripts/setup.php HTTP/1.0" 404 245 "-" "-"
localhost:80 47.106.210.38 - - [30/Apr/2023:06:28:41 +0000] "GET http://54.155.101.2:80/SQL/scripts/setup.php HTTP/1.0" 404 245 "-" "-"
localhost:80 47.106.210.38 - - [30/Apr/2023:06:28:41 +0000] "GET http://54.155.101.2:80/phpMyAdmin-2.5.7-pl1/scripts/setup.php HTTP/1.0" 404 245 "-" "-"
localhost:80 47.106.210.38 - - [30/Apr/2023:06:28:41 +0000] "GET http://54.155.101.2:80/phpMyAdmin2/scripts/setup.php HTTP/1.0" 404 245 "-" "-"
localhost:80 47.106.210.38 - - [30/Apr/2023:06:28:41 +0000] "GET http://54.155.101.2:80/mysql/scripts/setup.php HTTP/1.0" 404 245 "-" "-"
localhost:80 47.106.210.38 - - [30/Apr/2023:06:28:41 +0000] "GET http://54.155.101.2:80/php-myadmin/scripts/setup.php HTTP/1.0" 404 245 "-" "-"
localhost:80 47.106.210.38 - - [30/Apr/2023:06:28:41 +0000] "GET http://54.155.101.2:80/webdb/scripts/setup.php HTTP/1.0" 404 245 "-" "-"
localhost:80 47.106.210.38 - - [30/Apr/2023:06:28:41 +0000] "GET http://54.155.101.2:80/dbadmin/scripts/setup.php HTTP/1.0" 404 245 "-" "-"
localhost:80 47.106.210.38 - - [30/Apr/2023:06:28:41 +0000] "GET http://54.155.101.2:80/phpMyAdmin-2.5.4/scripts/setup.php HTTP/1.0" 404 245 "-" "-"
localhost:80 47.106.210.38 - - [30/Apr/2023:06:28:41 +0000] "GET http://54.155.101.2:80/phpma/scripts/setup.php HTTP/1.0" 404 245 "-" "-"
localhost:80 47.106.210.38 - - [30/Apr/2023:06:28:41 +0000] "GET http://54.155.101.2:80/phpMyAdmin-2.11.9.2/scripts/setup.php HTTP/1.0" 404 245 "-" "-"
localhost:80 47.106.210.38 - - [30/Apr/2023:06:28:41 +0000] "GET http://54.155.101.2:80/web/phpMyAdmin/scripts/setup.php HTTP/1.0" 404 245 "-" "-"
localhost:80 47.106.210.38 - - [30/Apr/2023:06:28:41 +0000] "GET http://54.155.101.2:80/phpMyAdmin-2.10.0.2/scripts/setup.php HTTP/1.0" 404 245 "-" "-"
localhost:80 47.106.210.38 - - [30/Apr/2023:06:28:41 +0000] "GET http://54.155.101.2:80/admin/phpmyadmin/scripts/setup.txt HTTP/1.0" 404 245 "-" "-"
localhost:80 47.106.210.38 - - [30/Apr/2023:06:28:41 +0000] "GET http://54.155.101.2:80/phpMyAdmin-2.5.5/scripts/setup.php HTTP/1.0" 404 245 "-" "-"
localhost:80 47.106.210.38 - - [30/Apr/2023:06:28:41 +0000] "GET http://54.155.101.2:80/db/scripts/setup.php HTTP/1.0" 404 245 "-" "-"
localhost:80 47.106.210.38 - - [30/Apr/2023:06:28:41 +0000] "GET http://54.155.101.2:80/mysqlmanager/scripts/setup.php HTTP/1.0" 404 245 "-" "-"
localhost:80 47.106.210.38 - - [30/Apr/2023:06:28:41 +0000] "GET http://54.155.101.2:80/phpMyAdmin-2.11.0/scripts/setup.php HTTP/1.0" 404 245 "-" "-"
localhost:80 47.106.210.38 - - [30/Apr/2023:06:28:41 +0000] "GET http://54.155.101.2:80/phpMyAdmin-2.11.7/scripts/setup.php HTTP/1.0" 404 245 "-" "-"
localhost:80 47.106.210.38 - - [30/Apr/2023:06:28:41 +0000] "GET http://54.155.101.2:80/mysqladmin/scripts/setup.php HTTP/1.0" 404 245 "-" "-"
localhost:80 47.106.210.38 - - [30/Apr/2023:06:28:41 +0000] "GET http://54.155.101.2:80/sqlweb/scripts/setup.php HTTP/1.0" 404 245 "-" "-"
localhost:80 47.106.210.38 - - [30/Apr/2023:06:28:41 +0000] "GET http://54.155.101.2:80/phpMyAdmin-2.10.3/scripts/setup.php HTTP/1.0" 404 245 "-" "-"
localhost:80 47.106.210.38 - - [30/Apr/2023:06:28:41 +0000] "GET http://54.155.101.2:80/phpMyAdmin-2.5.5-pl1/scripts/setup.php HTTP/1.0" 404 245 "-" "-"
localhost:80 47.106.210.38 - - [30/Apr/2023:06:28:41 +0000] "GET http://54.155.101.2:80/phpMyAdmin/scripts/setup.php HTTP/1.0" 404 245 "-" "-"
localhost:80 47.106.210.38 - - [30/Apr/2023:06:28:41 +0000] "GET http://54.155.101.2:80/MyAdmin/scripts/setup.php HTTP/1.0" 404 245 "-" "-"
localhost:80 47.106.210.38 - - [30/Apr/2023:06:28:41 +0000] "GET http://54.155.101.2:80/sqlmanager/scripts/setup.php HTTP/1.0" 404 245 "-" "-"
localhost:80 47.106.210.38 - - [30/Apr/2023:06:28:41 +0000] "GET http://54.155.101.2:80/websql/scripts/setup.php HTTP/1.0" 404 245 "-" "-"
localhost:80 135.125.246.110 - - [30/Apr/2023:06:31:08 +0000] "POST / HTTP/1.1" 404 282 "-" "Mozilla/5.0 (X11; Linux x86_64) AppleWebKit/537.36 (KHTML, like Gecko) Chrome/81.0.4044.129 Safari/537.36"
localhost:80 135.125.246.110 - - [30/Apr/2023:06:31:08 +0000] "GET /.env HTTP/1.1" 404 282 "-" "Mozilla/5.0 (X11; Linux x86_64) AppleWebKit/537.36 (KHTML, like Gecko) Chrome/81.0.4044.129 Safari/537.36"
localhost:80 180.242.215.37 - - [30/Apr/2023:06:31:42 +0000] "GET / HTTP/1.1" 200 22418 "-" "Mozilla/5.0 (Windows NT 10.0; WOW64) AppleWebKit/537.36 (KHTML, like Gecko) Chrome/51.0.2704.103 Safari/537.36"
localhost:80 135.125.246.189 - - [30/Apr/2023:07:00:04 +0000] "GET /.env HTTP/1.1" 404 282 "-" "Mozilla/5.0 (X11; Linux x86_64) AppleWebKit/537.36 (KHTML, like Gecko) Chrome/81.0.4044.129 Safari/537.36"
localhost:80 135.125.246.189 - - [30/Apr/2023:07:00:04 +0000] "POST / HTTP/1.1" 404 282 "-" "Mozilla/5.0 (X11; Linux x86_64) AppleWebKit/537.36 (KHTML, like Gecko) Chrome/81.0.4044.129 Safari/537.36"
localhost:80 43.154.128.189 - - [30/Apr/2023:07:01:15 +0000] "HEAD /Core/Skin/Login.aspx HTTP/1.1" 404 161 "-" "Mozilla/5.0 (Windows NT 10.0; Win64; x64) AppleWebKit/537.36 (KHTML, like Gecko) Chrome/106.0.0.0 Safari/537.36"
localhost:80 193.32.162.159 - - [30/Apr/2023:07:39:10 +0000] "GET / HTTP/1.1" 200 525 "-" "Mozilla/5.0 (Windows NT 10.0; Win64; x64) AppleWebKit/537.36 (KHTML, like Gecko) Chrome/90.0.4430.85 Safari/537.36 Edg/90.0.818.46"
localhost:80 74.82.47.3 - - [30/Apr/2023:07:53:22 +0000] "GET / HTTP/1.1" 200 6287 "-" "Mozilla/5.0 (Windows NT 10.0; Win64; x64) AppleWebKit/537.36 (KHTML, like Gecko) Chrome/110.0.0.0 Safari/537.36 Edg/110.0.1587.41"
localhost:80 74.82.47.3 - - [30/Apr/2023:07:55:30 +0000] "GET /favicon.ico HTTP/1.1" 200 5676 "-" "Mozilla/5.0 (Windows NT 10.0; Win64; x64) AppleWebKit/537.36 (KHTML, like Gecko) Chrome/108.0.0.0 Safari/537.36 OPR/94.0.0.0 (Edition Yx GX)"
localhost:80 74.82.47.3 - - [30/Apr/2023:07:56:21 +0000] "GET /geoserver/web/ HTTP/1.1" 301 455 "-" "Mozilla/5.0 (Windows NT 10.0; Win64; x64) AppleWebKit/537.36 (KHTML, like Gecko) Chrome/110.0.0.0 Safari/537.36 Edg/110.0.1587.41"
localhost:80 70.19.57.145 - - [30/Apr/2023:08:00:36 +0000] "GET / HTTP/1.1" 200 22418 "-" "-"
localhost:80 43.154.128.189 - - [30/Apr/2023:08:19:43 +0000] "HEAD /Core/Skin/Login.aspx HTTP/1.1" 404 161 "-" "Mozilla/5.0 (Windows NT 10.0; Win64; x64) AppleWebKit/537.36 (KHTML, like Gecko) Chrome/106.0.0.0 Safari/537.36"
localhost:80 162.243.143.30 - - [30/Apr/2023:08:23:35 +0000] "GET / HTTP/1.1" 200 6287 "-" "Mozilla/5.0 zgrab/0.x"
localhost:80 192.155.90.118 - - [30/Apr/2023:08:54:28 +0000] "\x16\x03\x01" 400 483 "-" "-"
localhost:80 190.107.240.228 - - [30/Apr/2023:08:58:08 +0000] "GET / HTTP/1.1" 200 22418 "-" "Mozilla/5.0 (Windows NT 6.1; WOW64) AppleWebKit/537.36 (KHTML, like Gecko) Chrome/52.0.2743.116 Safari/537.36"
localhost:80 185.254.196.173 - - [30/Apr/2023:09:09:59 +0000] "GET /.env HTTP/1.1" 404 282 "-" "Mozilla/5.0 (X11; Linux x86_64) AppleWebKit/537.36 (KHTML, like Gecko) Chrome/81.0.4044.129 Safari/537.36"
localhost:80 185.254.196.173 - - [30/Apr/2023:09:09:59 +0000] "POST / HTTP/1.1" 404 282 "-" "Mozilla/5.0 (X11; Linux x86_64) AppleWebKit/537.36 (KHTML, like Gecko) Chrome/81.0.4044.129 Safari/537.36"
localhost:80 139.162.227.212 - - [30/Apr/2023:09:15:40 +0000] "GET / HTTP/1.0" 200 22396 "-" "-"
localhost:80 143.110.160.150 - - [30/Apr/2023:09:15:47 +0000] "GET / HTTP/1.0" 200 22396 "-" "-"
localhost:80 143.110.160.150 - - [30/Apr/2023:09:15:48 +0000] "Gh0st\xad" 400 483 "-" "-"
localhost:80 143.110.160.150 - - [30/Apr/2023:09:15:51 +0000] "HELP" 400 483 "-" "-"
