localhost:80 185.254.196.173 - - [02/May/2023:04:41:11 +0000] "GET /.env HTTP/1.1" 404 282 "-" "Mozilla/5.0 (X11; Linux x86_64) AppleWebKit/537.36 (KHTML, like Gecko) Chrome/81.0.4044.129 Safari/537.36"
localhost:80 185.254.196.173 - - [02/May/2023:04:41:11 +0000] "POST / HTTP/1.1" 404 282 "-" "Mozilla/5.0 (X11; Linux x86_64) AppleWebKit/537.36 (KHTML, like Gecko) Chrome/81.0.4044.129 Safari/537.36"
localhost:80 88.214.26.9 - - [02/May/2023:04:45:42 +0000] "\x16\x03\x01\x02" 400 483 "-" "-"
localhost:80 88.214.26.9 - - [02/May/2023:04:45:42 +0000] "GET /user HTTP/1.1" 404 245 "-" "Spider"
localhost:80 64.62.197.236 - - [02/May/2023:04:52:55 +0000] "GET / HTTP/1.1" 200 6287 "-" "Mozilla/5.0 (Windows NT 10.0; rv:109.0) Gecko/20100101 Firefox/109.0"
localhost:80 135.125.246.189 - - [02/May/2023:04:53:37 +0000] "GET /.env HTTP/1.1" 404 282 "-" "Mozilla/5.0 (X11; Linux x86_64) AppleWebKit/537.36 (KHTML, like Gecko) Chrome/81.0.4044.129 Safari/537.36"
localhost:80 135.125.246.189 - - [02/May/2023:04:53:37 +0000] "POST / HTTP/1.1" 404 282 "-" "Mozilla/5.0 (X11; Linux x86_64) AppleWebKit/537.36 (KHTML, like Gecko) Chrome/81.0.4044.129 Safari/537.36"
localhost:80 64.62.197.239 - - [02/May/2023:04:54:08 +0000] "GET /favicon.ico HTTP/1.1" 200 5676 "-" "Mozilla/5.0 (Windows NT 10.0; Win64; x64) AppleWebKit/537.36 (KHTML, like Gecko) Chrome/110.0.0.0 Safari/537.36 Edg/110.0.1587.41"
localhost:80 64.62.197.229 - - [02/May/2023:04:54:49 +0000] "GET /geoserver/web/ HTTP/1.1" 301 455 "-" "Mozilla/5.0 (Windows NT 10.0; rv:109.0) Gecko/20100101 Firefox/109.0"
localhost:80 43.154.128.189 - - [02/May/2023:04:56:48 +0000] "HEAD /Core/Skin/Login.aspx HTTP/1.1" 404 161 "-" "Mozilla/5.0 (Windows NT 10.0; Win64; x64) AppleWebKit/537.36 (KHTML, like Gecko) Chrome/106.0.0.0 Safari/537.36"
localhost:80 172.104.11.51 - - [02/May/2023:04:57:14 +0000] "\x16\x03\x01" 400 483 "-" "-"
localhost:80 109.237.97.180 - - [02/May/2023:05:05:46 +0000] "GET /.env HTTP/1.1" 404 282 "-" "Mozilla/5.0 (X11; Linux x86_64) AppleWebKit/537.36 (KHTML, like Gecko) Chrome/81.0.4044.129 Safari/537.36"
localhost:80 109.237.97.180 - - [02/May/2023:05:05:46 +0000] "\x16\x03\x01\x01H\x01" 400 483 "-" "-"
localhost:80 185.254.196.186 - - [02/May/2023:05:40:52 +0000] "GET /.env HTTP/1.1" 404 282 "-" "Mozilla/5.0 (X11; Linux x86_64) AppleWebKit/537.36 (KHTML, like Gecko) Chrome/81.0.4044.129 Safari/537.36"
localhost:80 185.254.196.186 - - [02/May/2023:05:40:54 +0000] "POST / HTTP/1.1" 404 282 "-" "Mozilla/5.0 (X11; Linux x86_64) AppleWebKit/537.36 (KHTML, like Gecko) Chrome/81.0.4044.129 Safari/537.36"
localhost:80 193.32.162.159 - - [02/May/2023:05:56:02 +0000] "GET / HTTP/1.1" 200 525 "-" "Mozilla/5.0 (Windows NT 10.0; Win64; x64) AppleWebKit/537.36 (KHTML, like Gecko) Chrome/90.0.4430.85 Safari/537.36 Edg/90.0.818.46"
localhost:80 43.154.128.189 - - [02/May/2023:06:16:40 +0000] "HEAD /Core/Skin/Login.aspx HTTP/1.1" 404 161 "-" "Mozilla/5.0 (Windows NT 10.0; Win64; x64) AppleWebKit/537.36 (KHTML, like Gecko) Chrome/106.0.0.0 Safari/537.36"
localhost:80 62.93.79.19 - - [02/May/2023:06:27:10 +0000] "GET / HTTP/1.1" 200 22418 "-" "Mozilla/5.0 (Windows NT 6.1; WOW64) AppleWebKit/537.36 (KHTML, like Gecko) Chrome/51.0.2704.103 Safari/537.36"
localhost:80 135.125.246.189 - - [02/May/2023:06:30:36 +0000] "GET /.env HTTP/1.1" 404 282 "-" "Mozilla/5.0 (X11; Linux x86_64) AppleWebKit/537.36 (KHTML, like Gecko) Chrome/81.0.4044.129 Safari/537.36"
localhost:80 135.125.246.189 - - [02/May/2023:06:30:36 +0000] "POST / HTTP/1.1" 404 282 "-" "Mozilla/5.0 (X11; Linux x86_64) AppleWebKit/537.36 (KHTML, like Gecko) Chrome/81.0.4044.129 Safari/537.36"
localhost:80 135.125.246.110 - - [02/May/2023:06:41:54 +0000] "POST / HTTP/1.1" 404 282 "-" "Mozilla/5.0 (X11; Linux x86_64) AppleWebKit/537.36 (KHTML, like Gecko) Chrome/81.0.4044.129 Safari/537.36"
localhost:80 135.125.246.110 - - [02/May/2023:06:41:54 +0000] "GET /.env HTTP/1.1" 404 282 "-" "Mozilla/5.0 (X11; Linux x86_64) AppleWebKit/537.36 (KHTML, like Gecko) Chrome/81.0.4044.129 Safari/537.36"
localhost:80 128.1.248.26 - - [02/May/2023:06:42:30 +0000] "GET / HTTP/1.1" 200 6287 "-" "Mozilla/5.0 (Windows NT 10.0; Win64; x64) AppleWebKit/537.36 (KHTML, like Gecko) Chrome/60.0.3112.113 Safari/537.36"
localhost:80 198.20.69.98 - - [02/May/2023:07:00:39 +0000] "GET / HTTP/1.1" 200 22418 "-" "Mozilla/5.0 (Windows NT 6.1) AppleWebKit/537.36 (KHTML, like Gecko) Chrome/41.0.2228.0 Safari/537.36"
localhost:80 198.20.69.98 - - [02/May/2023:07:00:42 +0000] "GET /robots.txt HTTP/1.1" 200 253 "-" "-"
localhost:80 198.20.69.98 - - [02/May/2023:07:00:43 +0000] "GET /sitemap.xml HTTP/1.1" 404 226 "-" "-"
localhost:80 198.20.69.98 - - [02/May/2023:07:00:44 +0000] "GET /.well-known/security.txt HTTP/1.1" 404 226 "-" "-"
localhost:80 198.20.69.98 - - [02/May/2023:07:00:46 +0000] "GET /favicon.ico HTTP/1.1" 200 5732 "-" "Mozilla/5.0 (Macintosh; Intel Mac OS X 10.15; rv:80.0) Gecko/20100101 Firefox/80.0"
localhost:80 43.154.128.189 - - [02/May/2023:07:36:29 +0000] "HEAD /Core/Skin/Login.aspx HTTP/1.1" 404 161 "-" "Mozilla/5.0 (Windows NT 10.0; Win64; x64) AppleWebKit/537.36 (KHTML, like Gecko) Chrome/106.0.0.0 Safari/537.36"
localhost:80 135.125.246.110 - - [02/May/2023:08:11:26 +0000] "POST / HTTP/1.1" 404 282 "-" "Mozilla/5.0 (X11; Linux x86_64) AppleWebKit/537.36 (KHTML, like Gecko) Chrome/81.0.4044.129 Safari/537.36"
localhost:80 135.125.246.110 - - [02/May/2023:08:11:26 +0000] "GET /.env HTTP/1.1" 404 282 "-" "Mozilla/5.0 (X11; Linux x86_64) AppleWebKit/537.36 (KHTML, like Gecko) Chrome/81.0.4044.129 Safari/537.36"
localhost:80 192.241.203.5 - - [02/May/2023:08:16:43 +0000] "GET / HTTP/1.1" 200 6286 "-" "Mozilla/5.0 zgrab/0.x"
localhost:80 20.1.154.236 - - [02/May/2023:08:19:58 +0000] "GET /.env HTTP/1.1" 404 282 "-" "Mozilla/5.0 (X11; Linux x86_64) AppleWebKit/537.36 (KHTML, like Gecko) Chrome/81.0.4044.129 Safari/537.36"
localhost:80 20.1.154.236 - - [02/May/2023:08:19:58 +0000] "POST / HTTP/1.1" 404 282 "-" "Mozilla/5.0 (X11; Linux x86_64) AppleWebKit/537.36 (KHTML, like Gecko) Chrome/81.0.4044.129 Safari/537.36"
localhost:80 89.178.63.165 - - [02/May/2023:08:34:18 +0000] "GET / HTTP/1.1" 200 22418 "-" "Mozilla/5.0 (Windows NT 10.0; WOW64) AppleWebKit/537.36 (KHTML, like Gecko) Chrome/51.0.2704.103 Safari/537.36"
localhost:80 43.154.128.189 - - [02/May/2023:08:55:25 +0000] "HEAD /Core/Skin/Login.aspx HTTP/1.1" 404 161 "-" "Mozilla/5.0 (Windows NT 10.0; Win64; x64) AppleWebKit/537.36 (KHTML, like Gecko) Chrome/106.0.0.0 Safari/537.36"
localhost:80 193.32.162.159 - - [02/May/2023:08:57:01 +0000] "GET / HTTP/1.1" 200 525 "-" "Mozilla/5.0 (Windows NT 10.0; Win64; x64) AppleWebKit/537.36 (KHTML, like Gecko) Chrome/90.0.4430.85 Safari/537.36 Edg/90.0.818.46"
localhost:80 45.79.181.251 - - [02/May/2023:09:00:18 +0000] "\x16\x03\x01" 400 483 "-" "-"
localhost:80 193.151.146.131 - - [02/May/2023:09:47:17 +0000] "GET / HTTP/1.1" 200 6306 "-" "Mozilla/5.0 (X11; Ubuntu; Linux x86_64; rv:76.0) Gecko/20100101 Firefox/76.0"
localhost:80 103.203.57.1 - - [02/May/2023:09:51:57 +0000] "GET / HTTP/1.1" 200 22437 "-" "HTTP Banner Detection (https://security.ipip.net)"
localhost:80 43.154.128.189 - - [02/May/2023:10:15:44 +0000] "HEAD /Core/Skin/Login.aspx HTTP/1.1" 404 161 "-" "Mozilla/5.0 (Windows NT 10.0; Win64; x64) AppleWebKit/537.36 (KHTML, like Gecko) Chrome/106.0.0.0 Safari/537.36"
localhost:80 37.99.72.20 - - [02/May/2023:10:27:13 +0000] "GET / HTTP/1.1" 200 22418 "-" "Mozilla/5.0 (Windows NT 10.0; WOW64) AppleWebKit/537.36 (KHTML, like Gecko) Chrome/51.0.2704.103 Safari/537.36"
localhost:80 135.125.246.110 - - [02/May/2023:10:36:05 +0000] "POST / HTTP/1.1" 404 282 "-" "Mozilla/5.0 (X11; Linux x86_64) AppleWebKit/537.36 (KHTML, like Gecko) Chrome/81.0.4044.129 Safari/537.36"
localhost:80 135.125.246.110 - - [02/May/2023:10:36:05 +0000] "GET /.env HTTP/1.1" 404 282 "-" "Mozilla/5.0 (X11; Linux x86_64) AppleWebKit/537.36 (KHTML, like Gecko) Chrome/81.0.4044.129 Safari/537.36"
localhost:80 193.32.162.159 - - [02/May/2023:10:43:12 +0000] "GET / HTTP/1.1" 200 525 "-" "Mozilla/5.0 (Windows NT 10.0; Win64; x64) AppleWebKit/537.36 (KHTML, like Gecko) Chrome/90.0.4430.85 Safari/537.36 Edg/90.0.818.46"
localhost:80 45.79.128.205 - - [02/May/2023:10:54:02 +0000] "\x16\x03\x01" 400 483 "-" "-"
localhost:80 34.141.160.218 - - [02/May/2023:11:23:22 +0000] "\x16\x03\x01" 400 483 "-" "-"
localhost:80 34.141.160.218 - - [02/May/2023:11:23:24 +0000] "OPTIONS / HTTP/1.0" 404 245 "-" "-"
localhost:80 135.125.246.110 - - [02/May/2023:11:24:19 +0000] "POST / HTTP/1.1" 404 282 "-" "Mozilla/5.0 (X11; Linux x86_64) AppleWebKit/537.36 (KHTML, like Gecko) Chrome/81.0.4044.129 Safari/537.36"
localhost:80 135.125.246.110 - - [02/May/2023:11:24:19 +0000] "GET /.env HTTP/1.1" 404 282 "-" "Mozilla/5.0 (X11; Linux x86_64) AppleWebKit/537.36 (KHTML, like Gecko) Chrome/81.0.4044.129 Safari/537.36"
localhost:80 43.154.128.189 - - [02/May/2023:11:35:08 +0000] "HEAD /Core/Skin/Login.aspx HTTP/1.1" 404 161 "-" "Mozilla/5.0 (Windows NT 10.0; Win64; x64) AppleWebKit/537.36 (KHTML, like Gecko) Chrome/106.0.0.0 Safari/537.36"
localhost:80 193.32.162.159 - - [02/May/2023:11:41:09 +0000] "GET / HTTP/1.1" 200 525 "-" "Mozilla/5.0 (Windows NT 10.0; Win64; x64) AppleWebKit/537.36 (KHTML, like Gecko) Chrome/90.0.4430.85 Safari/537.36 Edg/90.0.818.46"
localhost:80 185.254.196.173 - - [02/May/2023:11:55:42 +0000] "GET /.env HTTP/1.1" 404 282 "-" "Mozilla/5.0 (X11; Linux x86_64) AppleWebKit/537.36 (KHTML, like Gecko) Chrome/81.0.4044.129 Safari/537.36"
localhost:80 185.254.196.173 - - [02/May/2023:11:55:42 +0000] "POST / HTTP/1.1" 404 282 "-" "Mozilla/5.0 (X11; Linux x86_64) AppleWebKit/537.36 (KHTML, like Gecko) Chrome/81.0.4044.129 Safari/537.36"
localhost:80 178.128.0.164 - - [02/May/2023:12:34:52 +0000] "GET / HTTP/1.0" 200 22396 "-" "-"
localhost:80 167.99.160.81 - - [02/May/2023:12:45:42 +0000] "GET / HTTP/1.0" 200 22396 "-" "-"
localhost:80 43.154.128.189 - - [02/May/2023:12:53:55 +0000] "HEAD /Core/Skin/Login.aspx HTTP/1.1" 404 161 "-" "Mozilla/5.0 (Windows NT 10.0; Win64; x64) AppleWebKit/537.36 (KHTML, like Gecko) Chrome/106.0.0.0 Safari/537.36"
localhost:80 167.94.138.51 - - [02/May/2023:12:55:13 +0000] "GET / HTTP/1.1" 200 22418 "-" "-"
localhost:80 167.94.138.51 - - [02/May/2023:12:55:13 +0000] "GET / HTTP/1.1" 200 6287 "-" "Mozilla/5.0 (compatible; CensysInspect/1.1; +https://about.censys.io/)"
localhost:80 167.94.138.51 - - [02/May/2023:12:55:13 +0000] "PRI * HTTP/2.0" 400 483 "-" "-"
localhost:80 167.94.138.51 - - [02/May/2023:12:55:13 +0000] "GET /favicon.ico HTTP/1.1" 200 5695 "-" "Mozilla/5.0 (compatible; CensysInspect/1.1; +https://about.censys.io/)"
localhost:80 87.121.221.49 - - [02/May/2023:13:00:34 +0000] "POST /boaform/admin/formLogin HTTP/1.1" 404 2150 "http://54.155.101.2:80/admin/login.asp" "Mozilla/5.0 (X11; Ubuntu; Linux x86_64; rv:71.0) Gecko/20100101 Firefox/71.0"
localhost:80 198.235.24.93 - - [02/May/2023:13:28:00 +0000] "GET / HTTP/1.1" 200 22418 "-" "Expanse, a Palo Alto Networks company, searches across the global IPv4 space multiple times per day to identify customers&#39; presences on the Internet. If you would like to be excluded from our scans, please send IP addresses/domains to: scaninfo@paloaltonetworks.com"
localhost:80 193.32.162.159 - - [02/May/2023:13:48:56 +0000] "GET / HTTP/1.1" 200 525 "-" "Mozilla/5.0 (Windows NT 10.0; Win64; x64) AppleWebKit/537.36 (KHTML, like Gecko) Chrome/90.0.4430.85 Safari/537.36 Edg/90.0.818.46"
localhost:80 135.125.246.110 - - [02/May/2023:13:51:24 +0000] "POST / HTTP/1.1" 404 282 "-" "Mozilla/5.0 (X11; Linux x86_64) AppleWebKit/537.36 (KHTML, like Gecko) Chrome/81.0.4044.129 Safari/537.36"
localhost:80 135.125.246.110 - - [02/May/2023:13:51:24 +0000] "GET /.env HTTP/1.1" 404 282 "-" "Mozilla/5.0 (X11; Linux x86_64) AppleWebKit/537.36 (KHTML, like Gecko) Chrome/81.0.4044.129 Safari/537.36"
localhost:80 43.154.128.189 - - [02/May/2023:14:12:39 +0000] "HEAD /Core/Skin/Login.aspx HTTP/1.1" 404 161 "-" "Mozilla/5.0 (Windows NT 10.0; Win64; x64) AppleWebKit/537.36 (KHTML, like Gecko) Chrome/106.0.0.0 Safari/537.36"
localhost:80 34.228.52.58 - - [02/May/2023:14:42:35 +0000] "GET /_profiler/phpinfo HTTP/1.1" 404 282 "-" "Mozilla/5.0 (X11; Linux x86_64) AppleWebKit/537.36 (KHTML, like Gecko) Chrome/81.0.4044.129 Safari/537.36"
localhost:80 34.228.52.58 - - [02/May/2023:14:42:35 +0000] "GET /yuuki?pp=env HTTP/1.1" 404 2150 "-" "Mozilla/5.0 (Windows NT 10.0; Win64; x64) AppleWebKit/537.36 (KHTML, like Gecko) Chrome/94.0.4606.81 Safari/537.36"
localhost:80 34.228.52.58 - - [02/May/2023:14:42:36 +0000] "GET /.env HTTP/1.1" 404 282 "-" "Mozilla/5.0 (X11; Linux x86_64) AppleWebKit/537.36 (KHTML, like Gecko) Chrome/81.0.4044.129 Safari/537.36"
localhost:80 34.228.52.58 - - [02/May/2023:14:42:37 +0000] "POST / HTTP/1.1" 404 282 "-" "Mozilla/5.0 (X11; Linux x86_64) AppleWebKit/537.36 (KHTML, like Gecko) Chrome/81.0.4044.129 Safari/537.36"
localhost:80 172.105.128.11 - - [02/May/2023:14:58:44 +0000] "\x16\x03\x01" 400 483 "-" "-"
localhost:80 109.237.98.226 - - [02/May/2023:15:04:32 +0000] "GET /.env HTTP/1.1" 404 282 "-" "Mozilla/5.0 (X11; Linux x86_64) AppleWebKit/537.36 (KHTML, like Gecko) Chrome/81.0.4044.129 Safari/537.36"
localhost:80 109.237.98.226 - - [02/May/2023:15:04:32 +0000] "\x16\x03\x01\x01H\x01" 400 483 "-" "-"
localhost:80 135.125.246.110 - - [02/May/2023:15:31:17 +0000] "POST / HTTP/1.1" 404 282 "-" "Mozilla/5.0 (X11; Linux x86_64) AppleWebKit/537.36 (KHTML, like Gecko) Chrome/81.0.4044.129 Safari/537.36"
localhost:80 135.125.246.110 - - [02/May/2023:15:31:17 +0000] "GET /.env HTTP/1.1" 404 282 "-" "Mozilla/5.0 (X11; Linux x86_64) AppleWebKit/537.36 (KHTML, like Gecko) Chrome/81.0.4044.129 Safari/537.36"
localhost:80 43.154.128.189 - - [02/May/2023:15:31:40 +0000] "HEAD /Core/Skin/Login.aspx HTTP/1.1" 404 161 "-" "Mozilla/5.0 (Windows NT 10.0; Win64; x64) AppleWebKit/537.36 (KHTML, like Gecko) Chrome/106.0.0.0 Safari/537.36"
localhost:80 193.32.162.159 - - [02/May/2023:15:58:47 +0000] "GET / HTTP/1.1" 200 525 "-" "Mozilla/5.0 (Windows NT 10.0; Win64; x64) AppleWebKit/537.36 (KHTML, like Gecko) Chrome/90.0.4430.85 Safari/537.36 Edg/90.0.818.46"
localhost:80 43.154.128.189 - - [02/May/2023:16:50:46 +0000] "HEAD /Core/Skin/Login.aspx HTTP/1.1" 404 161 "-" "Mozilla/5.0 (Windows NT 10.0; Win64; x64) AppleWebKit/537.36 (KHTML, like Gecko) Chrome/106.0.0.0 Safari/537.36"
localhost:80 45.79.181.223 - - [02/May/2023:16:53:12 +0000] "\x16\x03\x01" 400 483 "-" "-"
localhost:80 47.120.42.157 - - [02/May/2023:17:02:31 +0000] "GET /cdn-cgi/trace HTTP/1.1" 404 226 "-" "Mozilla/5.0"
localhost:80 139.59.77.147 - - [02/May/2023:17:10:40 +0000] "GET / HTTP/1.1" 200 6343 "-" "Mozilla/5.0 (Windows NT 6.0) AppleWebKit/537.36 (KHTML, like Gecko) Chrome/70.0.3538.80 Safari/537.36 OPR/56.0.3051.116"
localhost:80 102.90.33.202 - - [02/May/2023:17:16:43 +0000] "GET / HTTP/1.1" 200 22418 "-" "Mozilla/5.0 (Windows NT 6.1; WOW64) AppleWebKit/537.36 (KHTML, like Gecko) Chrome/51.0.2704.103 Safari/537.36"
localhost:80 92.10.101.158 - - [02/May/2023:17:32:05 +0000] "GET / HTTP/1.1" 200 22418 "-" "Mozilla/5.0 (Windows NT 10.0; WOW64) AppleWebKit/537.36 (KHTML, like Gecko) Chrome/52.0.2743.116 Safari/537.36"
localhost:80 135.125.246.110 - - [02/May/2023:17:34:38 +0000] "POST / HTTP/1.1" 404 282 "-" "Mozilla/5.0 (X11; Linux x86_64) AppleWebKit/537.36 (KHTML, like Gecko) Chrome/81.0.4044.129 Safari/537.36"
localhost:80 135.125.246.110 - - [02/May/2023:17:34:38 +0000] "GET /.env HTTP/1.1" 404 282 "-" "Mozilla/5.0 (X11; Linux x86_64) AppleWebKit/537.36 (KHTML, like Gecko) Chrome/81.0.4044.129 Safari/537.36"
localhost:80 85.217.144.24 - - [02/May/2023:17:45:06 +0000] "GET / HTTP/1.1" 200 6306 "-" "Linux Gnu (cow)"
localhost:80 107.170.240.23 - - [02/May/2023:17:49:36 +0000] "GET /manager/text/list HTTP/1.1" 404 226 "-" "Mozilla/5.0 zgrab/0.x"
localhost:80 35.203.211.119 - - [02/May/2023:17:53:29 +0000] "GET / HTTP/1.1" 200 22418 "-" "Expanse, a Palo Alto Networks company, searches across the global IPv4 space multiple times per day to identify customers&#39; presences on the Internet. If you would like to be excluded from our scans, please send IP addresses/domains to: scaninfo@paloaltonetworks.com"
localhost:80 43.154.128.189 - - [02/May/2023:18:09:38 +0000] "HEAD /Core/Skin/Login.aspx HTTP/1.1" 404 161 "-" "Mozilla/5.0 (Windows NT 10.0; Win64; x64) AppleWebKit/537.36 (KHTML, like Gecko) Chrome/106.0.0.0 Safari/537.36"
localhost:80 107.170.235.12 - - [02/May/2023:18:22:39 +0000] "GET /manager/html HTTP/1.1" 404 226 "-" "Mozilla/5.0 zgrab/0.x"
localhost:80 165.22.106.35 - - [02/May/2023:18:28:11 +0000] "GET http://54.155.101.2:80/admin/phpmyadmin/scripts/setup.txt HTTP/1.0" 404 245 "-" "-"
localhost:80 165.22.106.35 - - [02/May/2023:18:28:11 +0000] "GET http://54.155.101.2:80/db/scripts/setup.php HTTP/1.0" 404 245 "-" "-"
localhost:80 165.22.106.35 - - [02/May/2023:18:28:11 +0000] "GET http://54.155.101.2:80/dbadmin/scripts/setup.php HTTP/1.0" 404 245 "-" "-"
localhost:80 165.22.106.35 - - [02/May/2023:18:28:11 +0000] "GET http://54.155.101.2:80/phpMyAdmin-2.10.2/scripts/setup.php HTTP/1.0" 404 245 "-" "-"
localhost:80 165.22.106.35 - - [02/May/2023:18:28:11 +0000] "GET http://54.155.101.2:80/SQL/scripts/setup.php HTTP/1.0" 404 245 "-" "-"
localhost:80 165.22.106.35 - - [02/May/2023:18:28:11 +0000] "GET http://54.155.101.2:80/phpMyAdmin-2.5.5-pl1/scripts/setup.php HTTP/1.0" 404 245 "-" "-"
localhost:80 165.22.106.35 - - [02/May/2023:18:28:11 +0000] "GET http://54.155.101.2:80/sqlmanager/scripts/setup.php HTTP/1.0" 404 245 "-" "-"
localhost:80 165.22.106.35 - - [02/May/2023:18:28:11 +0000] "GET http://54.155.101.2:80/phpmy-admin/scripts/setup.php HTTP/1.0" 404 245 "-" "-"
localhost:80 165.22.106.35 - - [02/May/2023:18:28:11 +0000] "GET http://54.155.101.2:80/PHPMYADMIN/scripts/setup.php HTTP/1.0" 404 245 "-" "-"
localhost:80 165.22.106.35 - - [02/May/2023:18:28:11 +0000] "GET http://54.155.101.2:80/php-myadmin/scripts/setup.php HTTP/1.0" 404 245 "-" "-"
localhost:80 165.22.106.35 - - [02/May/2023:18:28:11 +0000] "GET http://54.155.101.2:80/phpMyAdmin-2.5.5/scripts/setup.php HTTP/1.0" 404 245 "-" "-"
localhost:80 165.22.106.35 - - [02/May/2023:18:28:11 +0000] "GET http://54.155.101.2:80/mysqlmanager/scripts/setup.php HTTP/1.0" 404 245 "-" "-"
localhost:80 165.22.106.35 - - [02/May/2023:18:28:11 +0000] "GET http://54.155.101.2:80/phpmyadmin/scripts/setup.php HTTP/1.0" 404 245 "-" "-"
localhost:80 165.22.106.35 - - [02/May/2023:18:28:11 +0000] "GET http://54.155.101.2:80/phpMyAdmin-2.11.1.2/scripts/setup.php HTTP/1.0" 404 245 "-" "-"
localhost:80 165.22.106.35 - - [02/May/2023:18:28:11 +0000] "GET http://54.155.101.2:80/mysql/scripts/setup.php HTTP/1.0" 404 245 "-" "-"
localhost:80 165.22.106.35 - - [02/May/2023:18:28:11 +0000] "GET http://54.155.101.2:80/_phpMyAdmin/scripts/setup.php HTTP/1.0" 404 245 "-" "-"
localhost:80 165.22.106.35 - - [02/May/2023:18:28:11 +0000] "GET http://54.155.101.2:80/admin/scripts/setup.php HTTP/1.0" 404 245 "-" "-"
localhost:80 165.22.106.35 - - [02/May/2023:18:28:11 +0000] "GET http://54.155.101.2:80/phpMyAdmin-2.11.3/scripts/setup.php HTTP/1.0" 404 245 "-" "-"
localhost:80 165.22.106.35 - - [02/May/2023:18:28:11 +0000] "GET http://54.155.101.2:80/web/phpMyAdmin/scripts/setup.php HTTP/1.0" 404 245 "-" "-"
localhost:80 165.22.106.35 - - [02/May/2023:18:28:11 +0000] "GET http://54.155.101.2:80/phpma/scripts/setup.php HTTP/1.0" 404 245 "-" "-"
localhost:80 165.22.106.35 - - [02/May/2023:18:28:11 +0000] "GET http://54.155.101.2:80/webdb/scripts/setup.php HTTP/1.0" 404 245 "-" "-"
localhost:80 165.22.106.35 - - [02/May/2023:18:28:11 +0000] "GET http://54.155.101.2:80/phpMyAdmin-2.11.4/scripts/setup.php HTTP/1.0" 404 245 "-" "-"
localhost:80 165.22.106.35 - - [02/May/2023:18:28:11 +0000] "GET http://54.155.101.2:80/mysqladmin/scripts/setup.php HTTP/1.0" 404 245 "-" "-"
localhost:80 165.22.106.35 - - [02/May/2023:18:28:11 +0000] "GET http://54.155.101.2:80/phpMyAdmin-2.11.9.2/scripts/setup.php HTTP/1.0" 404 245 "-" "-"
localhost:80 165.22.106.35 - - [02/May/2023:18:28:11 +0000] "GET http://54.155.101.2:80/phpMyAdmin-2.11.7/scripts/setup.php HTTP/1.0" 404 245 "-" "-"
localhost:80 165.22.106.35 - - [02/May/2023:18:28:11 +0000] "GET http://54.155.101.2:80/phpMyAdmin-2.10.0.2/scripts/setup.php HTTP/1.0" 404 245 "-" "-"
localhost:80 165.22.106.35 - - [02/May/2023:18:28:11 +0000] "GET http://54.155.101.2:80/phpMyAdmin-2.5.7-pl1/scripts/setup.php HTTP/1.0" 404 245 "-" "-"
localhost:80 165.22.106.35 - - [02/May/2023:18:28:12 +0000] "GET http://54.155.101.2:80/sqlweb/scripts/setup.php HTTP/1.0" 404 245 "-" "-"
localhost:80 165.22.106.35 - - [02/May/2023:18:28:12 +0000] "GET http://54.155.101.2:80/MyAdmin/scripts/setup.php HTTP/1.0" 404 245 "-" "-"
localhost:80 165.22.106.35 - - [02/May/2023:18:28:12 +0000] "GET http://54.155.101.2:80/phpMyAdmin2/scripts/setup.php HTTP/1.0" 404 245 "-" "-"
localhost:80 165.22.106.35 - - [02/May/2023:18:28:14 +0000] "GET http://54.155.101.2:80/phpMyAdmin-2.5.4/scripts/setup.php HTTP/1.0" 404 245 "-" "-"
localhost:80 165.22.106.35 - - [02/May/2023:18:28:14 +0000] "GET http://54.155.101.2:80/admin/pma/scripts/setup.php HTTP/1.0" 404 245 "-" "-"
localhost:80 165.22.106.35 - - [02/May/2023:18:28:14 +0000] "GET http://54.155.101.2:80/phpMyAdmin-2.8.0.2/scripts/setup.php HTTP/1.0" 404 245 "-" "-"
localhost:80 165.22.106.35 - - [02/May/2023:18:28:14 +0000] "GET http://54.155.101.2:80/phpMyAdmin3/scripts/setup.php HTTP/1.0" 404 245 "-" "-"
localhost:80 165.22.106.35 - - [02/May/2023:18:28:14 +0000] "GET http://54.155.101.2:80/websql/scripts/setup.php HTTP/1.0" 404 245 "-" "-"
localhost:80 165.22.106.35 - - [02/May/2023:18:28:14 +0000] "GET http://54.155.101.2:80/phpmanager/scripts/setup.php HTTP/1.0" 404 245 "-" "-"
localhost:80 165.22.106.35 - - [02/May/2023:18:28:14 +0000] "GET http://54.155.101.2:80/mysql-admin/scripts/setup.php HTTP/1.0" 404 245 "-" "-"
localhost:80 193.32.162.159 - - [02/May/2023:18:40:28 +0000] "GET / HTTP/1.1" 200 525 "-" "Mozilla/5.0 (Windows NT 10.0; Win64; x64) AppleWebKit/537.36 (KHTML, like Gecko) Chrome/90.0.4430.85 Safari/537.36 Edg/90.0.818.46"
localhost:80 45.79.181.251 - - [02/May/2023:19:00:26 +0000] "\x16\x03\x01" 400 483 "-" "-"
localhost:80 135.125.246.110 - - [02/May/2023:19:05:18 +0000] "POST / HTTP/1.1" 404 282 "-" "Mozilla/5.0 (X11; Linux x86_64) AppleWebKit/537.36 (KHTML, like Gecko) Chrome/81.0.4044.129 Safari/537.36"
localhost:80 135.125.246.110 - - [02/May/2023:19:05:18 +0000] "GET /.env HTTP/1.1" 404 282 "-" "Mozilla/5.0 (X11; Linux x86_64) AppleWebKit/537.36 (KHTML, like Gecko) Chrome/81.0.4044.129 Safari/537.36"
localhost:80 43.154.128.189 - - [02/May/2023:19:28:22 +0000] "HEAD /Core/Skin/Login.aspx HTTP/1.1" 404 161 "-" "Mozilla/5.0 (Windows NT 10.0; Win64; x64) AppleWebKit/537.36 (KHTML, like Gecko) Chrome/106.0.0.0 Safari/537.36"
localhost:80 181.117.240.43 - - [02/May/2023:19:33:53 +0000] "GET http://54.155.101.2:80/phpMyAdmin-2.5.7-pl1/scripts/setup.php HTTP/1.0" 404 245 "-" "-"
localhost:80 181.117.240.43 - - [02/May/2023:19:33:53 +0000] "GET http://54.155.101.2:80/db/scripts/setup.php HTTP/1.0" 404 245 "-" "-"
localhost:80 181.117.240.43 - - [02/May/2023:19:33:53 +0000] "GET http://54.155.101.2:80/phpmanager/scripts/setup.php HTTP/1.0" 404 245 "-" "-"
localhost:80 181.117.240.43 - - [02/May/2023:19:33:53 +0000] "GET http://54.155.101.2:80/phpMyAdmin/scripts/setup.php HTTP/1.0" 404 245 "-" "-"
localhost:80 181.117.240.43 - - [02/May/2023:19:33:53 +0000] "GET http://54.155.101.2:80/phpmy-admin/scripts/setup.php HTTP/1.0" 404 245 "-" "-"
localhost:80 181.117.240.43 - - [02/May/2023:19:33:53 +0000] "GET http://54.155.101.2:80/webadmin/scripts/setup.php HTTP/1.0" 404 245 "-" "-"
localhost:80 181.117.240.43 - - [02/May/2023:19:33:53 +0000] "GET http://54.155.101.2:80/phpMyAdmin-2.5.5-pl1/scripts/setup.php HTTP/1.0" 404 245 "-" "-"
localhost:80 181.117.240.43 - - [02/May/2023:19:33:53 +0000] "GET http://54.155.101.2:80/sqlmanager/scripts/setup.php HTTP/1.0" 404 245 "-" "-"
localhost:80 181.117.240.43 - - [02/May/2023:19:33:53 +0000] "GET http://54.155.101.2:80/websql/scripts/setup.php HTTP/1.0" 404 245 "-" "-"
localhost:80 181.117.240.43 - - [02/May/2023:19:33:53 +0000] "GET http://54.155.101.2:80/dbadmin/scripts/setup.php HTTP/1.0" 404 245 "-" "-"
localhost:80 181.117.240.43 - - [02/May/2023:19:33:54 +0000] "GET http://54.155.101.2:80/phpMyAdmin-2.10.0.2/scripts/setup.php HTTP/1.0" 404 245 "-" "-"
localhost:80 181.117.240.43 - - [02/May/2023:19:33:54 +0000] "GET http://54.155.101.2:80/phpMyAdmin-2.11.9.2/scripts/setup.php HTTP/1.0" 404 245 "-" "-"
localhost:80 181.117.240.43 - - [02/May/2023:19:33:54 +0000] "GET http://54.155.101.2:80/webdb/scripts/setup.php HTTP/1.0" 404 245 "-" "-"
localhost:80 181.117.240.43 - - [02/May/2023:19:33:54 +0000] "GET http://54.155.101.2:80/phpMyAdmin-2.10.2/scripts/setup.php HTTP/1.0" 404 245 "-" "-"
localhost:80 181.117.240.43 - - [02/May/2023:19:33:54 +0000] "GET http://54.155.101.2:80/admin/pma/scripts/setup.php HTTP/1.0" 404 245 "-" "-"
localhost:80 181.117.240.43 - - [02/May/2023:19:33:54 +0000] "GET http://54.155.101.2:80/mysqladmin/scripts/setup.php HTTP/1.0" 404 245 "-" "-"
localhost:80 181.117.240.43 - - [02/May/2023:19:33:54 +0000] "GET http://54.155.101.2:80/mysql/scripts/setup.php HTTP/1.0" 404 245 "-" "-"
localhost:80 181.117.240.43 - - [02/May/2023:19:33:54 +0000] "GET http://54.155.101.2:80/phpma/scripts/setup.php HTTP/1.0" 404 245 "-" "-"
localhost:80 181.117.240.43 - - [02/May/2023:19:33:54 +0000] "GET http://54.155.101.2:80/phpMyAdmin3/scripts/setup.php HTTP/1.0" 404 245 "-" "-"
localhost:80 181.117.240.43 - - [02/May/2023:19:33:54 +0000] "GET http://54.155.101.2:80/phpMyAdmin-2.11.3/scripts/setup.php HTTP/1.0" 404 245 "-" "-"
localhost:80 181.117.240.43 - - [02/May/2023:19:33:54 +0000] "GET http://54.155.101.2:80/_phpMyAdmin/scripts/setup.php HTTP/1.0" 404 245 "-" "-"
localhost:80 181.117.240.43 - - [02/May/2023:19:33:54 +0000] "GET http://54.155.101.2:80/phpMyAdmin2/scripts/setup.php HTTP/1.0" 404 245 "-" "-"
localhost:80 181.117.240.43 - - [02/May/2023:19:33:54 +0000] "GET http://54.155.101.2:80/phpMyAdmin-2.10.3/scripts/setup.php HTTP/1.0" 404 245 "-" "-"
localhost:80 181.117.240.43 - - [02/May/2023:19:33:54 +0000] "GET http://54.155.101.2:80/phpMyAdmin-2/scripts/setup.php HTTP/1.0" 404 245 "-" "-"
localhost:80 181.117.240.43 - - [02/May/2023:19:33:54 +0000] "GET http://54.155.101.2:80/phpMyAdmin-2.8.0.2/scripts/setup.php HTTP/1.0" 404 245 "-" "-"
localhost:80 181.117.240.43 - - [02/May/2023:19:33:54 +0000] "GET http://54.155.101.2:80/phpmyadmin/scripts/setup.php HTTP/1.0" 404 245 "-" "-"
localhost:80 181.117.240.43 - - [02/May/2023:19:33:54 +0000] "GET http://54.155.101.2:80/web/phpMyAdmin/scripts/setup.php HTTP/1.0" 404 245 "-" "-"
localhost:80 181.117.240.43 - - [02/May/2023:19:33:54 +0000] "GET http://54.155.101.2:80/phpMyAdmin-2.11.0/scripts/setup.php HTTP/1.0" 404 245 "-" "-"
localhost:80 181.117.240.43 - - [02/May/2023:19:33:54 +0000] "GET http://54.155.101.2:80/php-myadmin/scripts/setup.php HTTP/1.0" 404 245 "-" "-"
localhost:80 181.117.240.43 - - [02/May/2023:19:33:54 +0000] "GET http://54.155.101.2:80/phpMyAdmin-2.11.1.2/scripts/setup.php HTTP/1.0" 404 245 "-" "-"
localhost:80 181.117.240.43 - - [02/May/2023:19:33:54 +0000] "GET http://54.155.101.2:80/mysqlmanager/scripts/setup.php HTTP/1.0" 404 245 "-" "-"
localhost:80 181.117.240.43 - - [02/May/2023:19:33:54 +0000] "GET http://54.155.101.2:80/MyAdmin/scripts/setup.php HTTP/1.0" 404 245 "-" "-"
localhost:80 181.117.240.43 - - [02/May/2023:19:33:54 +0000] "GET http://54.155.101.2:80/admin/phpmyadmin/scripts/setup.txt HTTP/1.0" 404 245 "-" "-"
localhost:80 181.117.240.43 - - [02/May/2023:19:33:54 +0000] "GET http://54.155.101.2:80/PHPMYADMIN/scripts/setup.php HTTP/1.0" 404 245 "-" "-"
localhost:80 181.117.240.43 - - [02/May/2023:19:33:54 +0000] "GET http://54.155.101.2:80/pma/scripts/setup.php HTTP/1.0" 404 245 "-" "-"
localhost:80 181.117.240.43 - - [02/May/2023:19:33:54 +0000] "GET http://54.155.101.2:80/phpMyAdmin-2.5.4/scripts/setup.php HTTP/1.0" 404 245 "-" "-"
localhost:80 181.117.240.43 - - [02/May/2023:19:33:54 +0000] "GET http://54.155.101.2:80/admin/scripts/setup.php HTTP/1.0" 404 245 "-" "-"
localhost:80 181.117.240.43 - - [02/May/2023:19:33:54 +0000] "GET http://54.155.101.2:80/php/scripts/setup.php HTTP/1.0" 404 245 "-" "-"
localhost:80 181.117.240.43 - - [02/May/2023:19:33:54 +0000] "GET http://54.155.101.2:80/phpMyAdmin-2.11.4/scripts/setup.php HTTP/1.0" 404 245 "-" "-"
localhost:80 181.117.240.43 - - [02/May/2023:19:33:54 +0000] "GET http://54.155.101.2:80/phpMyAdmin-2.5.5/scripts/setup.php HTTP/1.0" 404 245 "-" "-"
localhost:80 181.117.240.43 - - [02/May/2023:19:33:54 +0000] "GET http://54.155.101.2:80/phpMyAdmin-2.11.7/scripts/setup.php HTTP/1.0" 404 245 "-" "-"
localhost:80 181.117.240.43 - - [02/May/2023:19:33:54 +0000] "GET http://54.155.101.2:80/SQL/scripts/setup.php HTTP/1.0" 404 245 "-" "-"
localhost:80 181.117.240.43 - - [02/May/2023:19:33:54 +0000] "GET http://54.155.101.2:80/myadmin/scripts/setup.php HTTP/1.0" 404 245 "-" "-"
localhost:80 181.117.240.43 - - [02/May/2023:19:33:54 +0000] "GET http://54.155.101.2:80/mysql-admin/scripts/setup.php HTTP/1.0" 404 245 "-" "-"
localhost:80 181.117.240.43 - - [02/May/2023:19:33:54 +0000] "GET http://54.155.101.2:80/sqlweb/scripts/setup.php HTTP/1.0" 404 245 "-" "-"
localhost:80 127.0.0.1 - - [02/May/2023:19:33:55 +0000] "OPTIONS * HTTP/1.0" 200 126 "-" "Apache/2.4.56 (Debian) PHP/8.1.18 (internal dummy connection)"
localhost:80 205.210.31.32 - - [02/May/2023:19:46:30 +0000] "GET / HTTP/1.0" 200 22396 "-" "Expanse, a Palo Alto Networks company, searches across the global IPv4 space multiple times per day to identify customers&#39; presences on the Internet. If you would like to be excluded from our scans, please send IP addresses/domains to: scaninfo@paloaltonetworks.com"
localhost:80 43.154.128.189 - - [02/May/2023:20:46:57 +0000] "HEAD /Core/Skin/Login.aspx HTTP/1.1" 404 161 "-" "Mozilla/5.0 (Windows NT 10.0; Win64; x64) AppleWebKit/537.36 (KHTML, like Gecko) Chrome/106.0.0.0 Safari/537.36"
localhost:80 66.175.213.4 - - [02/May/2023:21:03:44 +0000] "\x16\x03\x01" 400 483 "-" "-"
localhost:80 135.125.246.110 - - [02/May/2023:21:12:30 +0000] "POST / HTTP/1.1" 404 282 "-" "Mozilla/5.0 (X11; Linux x86_64) AppleWebKit/537.36 (KHTML, like Gecko) Chrome/81.0.4044.129 Safari/537.36"
localhost:80 135.125.246.110 - - [02/May/2023:21:12:30 +0000] "GET /.env HTTP/1.1" 404 282 "-" "Mozilla/5.0 (X11; Linux x86_64) AppleWebKit/537.36 (KHTML, like Gecko) Chrome/81.0.4044.129 Safari/537.36"
localhost:80 193.35.18.65 - - [02/May/2023:21:19:54 +0000] "GET / HTTP/1.1" 200 22418 "-" "-"
localhost:80 193.35.18.65 - - [02/May/2023:21:19:54 +0000] "POST /HNAP1/ HTTP/1.1" 301 495 "-" "Mozila/5.0"
localhost:80 193.32.162.159 - - [02/May/2023:21:24:11 +0000] "GET / HTTP/1.1" 200 525 "-" "Mozilla/5.0 (Windows NT 10.0; Win64; x64) AppleWebKit/537.36 (KHTML, like Gecko) Chrome/90.0.4430.85 Safari/537.36 Edg/90.0.818.46"
localhost:80 185.254.196.186 - - [02/May/2023:22:03:35 +0000] "GET /.env HTTP/1.1" 404 282 "-" "Mozilla/5.0 (X11; Linux x86_64) AppleWebKit/537.36 (KHTML, like Gecko) Chrome/81.0.4044.129 Safari/537.36"
localhost:80 185.254.196.186 - - [02/May/2023:22:03:36 +0000] "POST / HTTP/1.1" 404 282 "-" "Mozilla/5.0 (X11; Linux x86_64) AppleWebKit/537.36 (KHTML, like Gecko) Chrome/81.0.4044.129 Safari/537.36"
localhost:80 43.154.128.189 - - [02/May/2023:22:05:23 +0000] "HEAD /Core/Skin/Login.aspx HTTP/1.1" 404 161 "-" "Mozilla/5.0 (Windows NT 10.0; Win64; x64) AppleWebKit/537.36 (KHTML, like Gecko) Chrome/106.0.0.0 Safari/537.36"
localhost:80 18.218.228.236 - - [02/May/2023:22:10:32 +0000] "GET /.env HTTP/1.1" 404 282 "-" "Mozilla/5.0 (X11; Linux x86_64) AppleWebKit/537.36 (KHTML, like Gecko) Chrome/81.0.4044.129 Safari/537.36"
localhost:80 18.218.228.236 - - [02/May/2023:22:10:32 +0000] "POST / HTTP/1.1" 404 282 "-" "Mozilla/5.0 (X11; Linux x86_64) AppleWebKit/537.36 (KHTML, like Gecko) Chrome/81.0.4044.129 Safari/537.36"
localhost:80 192.241.226.43 - - [02/May/2023:22:13:22 +0000] "GET / HTTP/1.1" 200 6286 "-" "Mozilla/5.0 zgrab/0.x"
localhost:80 205.210.31.9 - - [02/May/2023:22:35:23 +0000] "GET / HTTP/1.1" 200 22418 "-" "Expanse, a Palo Alto Networks company, searches across the global IPv4 space multiple times per day to identify customers&#39; presences on the Internet. If you would like to be excluded from our scans, please send IP addresses/domains to: scaninfo@paloaltonetworks.com"
localhost:80 135.125.246.110 - - [02/May/2023:22:44:46 +0000] "POST / HTTP/1.1" 404 282 "-" "Mozilla/5.0 (X11; Linux x86_64) AppleWebKit/537.36 (KHTML, like Gecko) Chrome/81.0.4044.129 Safari/537.36"
localhost:80 135.125.246.110 - - [02/May/2023:22:44:46 +0000] "GET /.env HTTP/1.1" 404 282 "-" "Mozilla/5.0 (X11; Linux x86_64) AppleWebKit/537.36 (KHTML, like Gecko) Chrome/81.0.4044.129 Safari/537.36"
localhost:80 172.104.11.34 - - [02/May/2023:23:13:53 +0000] "\x16\x03\x01" 400 483 "-" "-"
localhost:80 43.154.128.189 - - [02/May/2023:23:23:31 +0000] "HEAD /Core/Skin/Login.aspx HTTP/1.1" 404 161 "-" "Mozilla/5.0 (Windows NT 10.0; Win64; x64) AppleWebKit/537.36 (KHTML, like Gecko) Chrome/106.0.0.0 Safari/537.36"
localhost:80 139.144.150.8 - - [02/May/2023:23:25:27 +0000] "\x16\x03\x01" 400 483 "-" "-"
localhost:80 139.144.150.8 - - [02/May/2023:23:25:27 +0000] "GET / HTTP/1.1" 200 22413 "-" "-"
localhost:80 139.144.150.8 - - [02/May/2023:23:25:27 +0000] "HELP" 400 488 "-" "-"
localhost:80 139.144.150.8 - - [02/May/2023:23:25:27 +0000] "GET /ecp/Current/exporttool/microsoft.exchange.ediscovery.exporttool.application HTTP/1.1" 404 245 "-" "Go-http-client/1.1"
localhost:80 139.144.150.8 - - [02/May/2023:23:25:27 +0000] "GET /.env HTTP/1.1" 404 245 "-" "Go-http-client/1.1"
localhost:80 139.144.150.8 - - [02/May/2023:23:25:27 +0000] "GET /.vscode/sftp.json HTTP/1.1" 404 245 "-" "Go-http-client/1.1"
localhost:80 139.144.150.8 - - [02/May/2023:23:25:27 +0000] "GET /s/23e2130313e2535313e24353/_/;/META-INF/maven/com.atlassian.jira/jira-webapp-dist/pom.properties HTTP/1.1" 404 245 "-" "Go-http-client/1.1"
localhost:80 139.144.150.8 - - [02/May/2023:23:25:27 +0000] "GET /.git/config HTTP/1.1" 404 245 "-" "Go-http-client/1.1"
localhost:80 139.144.150.8 - - [02/May/2023:23:25:27 +0000] "GET /telescope/requests HTTP/1.1" 404 245 "-" "Go-http-client/1.1"
localhost:80 139.144.150.8 - - [02/May/2023:23:25:27 +0000] "GET /debug/default/view?panel=config HTTP/1.1" 404 245 "-" "Go-http-client/1.1"
localhost:80 139.144.150.8 - - [02/May/2023:23:25:27 +0000] "GET / HTTP/1.1" 200 22437 "-" "Mozilla/5.0 (Linux; Android 6.0; HTC One M9 Build/MRA57036) AppleWebKit/537.36 (KHTML, like Gecko) Chrome/52.0.9161.98 Mobile Safari/537.3"
localhost:80 139.144.150.8 - - [02/May/2023:23:25:27 +0000] "GET /?rest_route=/wp/v2/users/ HTTP/1.1" 200 6306 "-" "Go-http-client/1.1"
localhost:80 139.144.150.8 - - [02/May/2023:23:25:27 +0000] "GET /server-status HTTP/1.1" 403 379 "-" "Go-http-client/1.1"
localhost:80 139.144.150.8 - - [02/May/2023:23:25:27 +0000] "GET /info.php HTTP/1.1" 404 245 "-" "Go-http-client/1.1"
localhost:80 139.144.150.8 - - [02/May/2023:23:25:27 +0000] "GET /.DS_Store HTTP/1.1" 404 245 "-" "Go-http-client/1.1"
localhost:80 139.144.150.8 - - [02/May/2023:23:25:27 +0000] "GET /about HTTP/1.1" 404 245 "-" "Go-http-client/1.1"
localhost:80 139.144.150.8 - - [02/May/2023:23:25:27 +0000] "GET /config.json HTTP/1.1" 404 245 "-" "Go-http-client/1.1"
localhost:80 139.144.150.8 - - [02/May/2023:23:25:27 +0000] "GET /api/search?folderIds=0 HTTP/1.1" 404 245 "-" "Go-http-client/1.1"
localhost:80 139.144.150.8 - - [02/May/2023:23:25:27 +0000] "GET /login.action HTTP/1.1" 404 245 "-" "Go-http-client/1.1"
localhost:80 139.144.150.8 - - [02/May/2023:23:25:27 +0000] "GET /v2/_catalog HTTP/1.1" 404 245 "-" "Go-http-client/1.1"
localhost:80 193.32.162.159 - - [02/May/2023:23:25:40 +0000] "GET / HTTP/1.1" 200 525 "-" "Mozilla/5.0 (Windows NT 10.0; Win64; x64) AppleWebKit/537.36 (KHTML, like Gecko) Chrome/90.0.4430.85 Safari/537.36 Edg/90.0.818.46"
localhost:80 185.254.196.173 - - [02/May/2023:23:32:13 +0000] "GET /.env HTTP/1.1" 404 282 "-" "Mozilla/5.0 (X11; Linux x86_64) AppleWebKit/537.36 (KHTML, like Gecko) Chrome/81.0.4044.129 Safari/537.36"
localhost:80 185.254.196.173 - - [02/May/2023:23:32:14 +0000] "POST / HTTP/1.1" 404 282 "-" "Mozilla/5.0 (X11; Linux x86_64) AppleWebKit/537.36 (KHTML, like Gecko) Chrome/81.0.4044.129 Safari/537.36"
localhost:80 51.254.59.113 - - [02/May/2023:23:37:49 +0000] "GET / HTTP/1.1" 200 22437 "-" "Mozilla/5.0 (Windows NT 6.1) AppleWebKit/537.36 (KHTML, like Gecko) Chrome/41.0.2228.0 Safari/537.36"
localhost:80 193.32.162.159 - - [03/May/2023:00:17:36 +0000] "GET / HTTP/1.1" 200 525 "-" "Mozilla/5.0 (Windows NT 10.0; Win64; x64) AppleWebKit/537.36 (KHTML, like Gecko) Chrome/90.0.4430.85 Safari/537.36 Edg/90.0.818.46"
localhost:80 43.154.128.189 - - [03/May/2023:00:41:38 +0000] "HEAD /Core/Skin/Login.aspx HTTP/1.1" 404 161 "-" "Mozilla/5.0 (Windows NT 10.0; Win64; x64) AppleWebKit/537.36 (KHTML, like Gecko) Chrome/106.0.0.0 Safari/537.36"
localhost:80 91.146.174.248 - - [03/May/2023:00:47:07 +0000] "GET / HTTP/1.0" 200 13936 "-" "-"
localhost:80 45.79.181.251 - - [03/May/2023:01:00:17 +0000] "\x16\x03\x01" 400 483 "-" "-"
localhost:80 135.125.246.110 - - [03/May/2023:01:01:09 +0000] "POST / HTTP/1.1" 404 282 "-" "Mozilla/5.0 (X11; Linux x86_64) AppleWebKit/537.36 (KHTML, like Gecko) Chrome/81.0.4044.129 Safari/537.36"
localhost:80 135.125.246.110 - - [03/May/2023:01:01:09 +0000] "GET /.env HTTP/1.1" 404 282 "-" "Mozilla/5.0 (X11; Linux x86_64) AppleWebKit/537.36 (KHTML, like Gecko) Chrome/81.0.4044.129 Safari/537.36"
localhost:80 87.231.79.175 - - [03/May/2023:01:08:44 +0000] "GET / HTTP/1.0" 200 13936 "-" "-"
localhost:80 198.235.24.161 - - [03/May/2023:01:28:52 +0000] "\x16\x03\x01" 400 483 "-" "-"
localhost:80 198.235.24.134 - - [03/May/2023:01:43:06 +0000] "GET / HTTP/1.0" 200 22396 "-" "Expanse, a Palo Alto Networks company, searches across the global IPv4 space multiple times per day to identify customers&#39; presences on the Internet. If you would like to be excluded from our scans, please send IP addresses/domains to: scaninfo@paloaltonetworks.com"
localhost:80 193.32.162.159 - - [03/May/2023:01:43:30 +0000] "GET / HTTP/1.1" 200 525 "-" "Mozilla/5.0 (Windows NT 10.0; Win64; x64) AppleWebKit/537.36 (KHTML, like Gecko) Chrome/90.0.4430.85 Safari/537.36 Edg/90.0.818.46"
localhost:80 88.248.137.246 - - [03/May/2023:01:54:08 +0000] "GET / HTTP/1.0" 200 22396 "-" "-"
localhost:80 112.248.108.109 - - [03/May/2023:01:55:37 +0000] "POST /GponForm/diag_Form?images/ HTTP/1.1" 404 282 "-" "Hello, World"
localhost:80 190.199.176.27 - - [03/May/2023:01:56:38 +0000] "GET / HTTP/1.1" 200 22418 "-" "Mozilla/5.0 (Windows NT 10.0; WOW64) AppleWebKit/537.36 (KHTML, like Gecko) Chrome/51.0.2704.103 Safari/537.36"
localhost:80 143.198.0.163 - - [03/May/2023:01:58:37 +0000] "GET / HTTP/1.0" 200 22396 "-" "Mozilla/5.0 (X11; Linux x86_64; rv:73.0) Gecko/20100101 Firefox/73.0"
localhost:80 43.154.128.189 - - [03/May/2023:01:59:31 +0000] "HEAD /Core/Skin/Login.aspx HTTP/1.1" 404 161 "-" "Mozilla/5.0 (Windows NT 10.0; Win64; x64) AppleWebKit/537.36 (KHTML, like Gecko) Chrome/106.0.0.0 Safari/537.36"
localhost:80 190.193.249.79 - - [03/May/2023:02:09:54 +0000] "GET / HTTP/1.0" 200 13936 "-" "-"
localhost:80 64.62.197.199 - - [03/May/2023:02:21:02 +0000] "GET / HTTP/1.1" 200 6286 "-" "Mozilla/5.0 (X11; Linux x86_64) AppleWebKit/537.36 (KHTML, like Gecko) Chrome/109.0.0.0 Safari/537.36"
localhost:80 64.62.197.206 - - [03/May/2023:02:22:13 +0000] "GET /favicon.ico HTTP/1.1" 200 5676 "-" "Mozilla/5.0 (Macintosh; Intel Mac OS X 10.15; rv:109.0) Gecko/20100101 Firefox/109.0"
localhost:80 64.62.197.205 - - [03/May/2023:02:22:55 +0000] "GET /geoserver/web/ HTTP/1.1" 301 455 "-" "Mozilla/5.0 (X11; Linux x86_64) AppleWebKit/537.36 (KHTML, like Gecko) Chrome/109.0.0.0 Safari/537.36"
localhost:80 143.198.0.163 - - [03/May/2023:02:26:38 +0000] "GET / HTTP/1.1" 200 6342 "-" "Mozilla/5.0 (X11; Linux x86_64; rv:73.0) Gecko/20100101 Firefox/73.0"
localhost:80 143.198.0.163 - - [03/May/2023:02:26:38 +0000] "GET /favicon.ico HTTP/1.1" 200 5731 "http://54.155.101.2/" "Mozilla/5.0 (X11; Linux x86_64; rv:73.0) Gecko/20100101 Firefox/73.0"
localhost:80 135.125.246.110 - - [03/May/2023:02:27:01 +0000] "POST / HTTP/1.1" 404 282 "-" "Mozilla/5.0 (X11; Linux x86_64) AppleWebKit/537.36 (KHTML, like Gecko) Chrome/81.0.4044.129 Safari/537.36"
localhost:80 135.125.246.110 - - [03/May/2023:02:27:01 +0000] "GET /.env HTTP/1.1" 404 282 "-" "Mozilla/5.0 (X11; Linux x86_64) AppleWebKit/537.36 (KHTML, like Gecko) Chrome/81.0.4044.129 Safari/537.36"
localhost:80 185.254.196.173 - - [03/May/2023:02:34:16 +0000] "GET /.env HTTP/1.1" 404 282 "-" "Mozilla/5.0 (X11; Linux x86_64) AppleWebKit/537.36 (KHTML, like Gecko) Chrome/81.0.4044.129 Safari/537.36"
localhost:80 185.254.196.173 - - [03/May/2023:02:34:17 +0000] "POST / HTTP/1.1" 404 282 "-" "Mozilla/5.0 (X11; Linux x86_64) AppleWebKit/537.36 (KHTML, like Gecko) Chrome/81.0.4044.129 Safari/537.36"
localhost:80 35.240.121.17 - - [03/May/2023:02:53:29 +0000] "GET / HTTP/1.1" 200 6343 "-" "python-requests/2.28.2"
localhost:80 172.105.128.13 - - [03/May/2023:03:01:25 +0000] "\x16\x03\x01" 400 483 "-" "-"
localhost:80 43.154.128.189 - - [03/May/2023:03:17:34 +0000] "HEAD /Core/Skin/Login.aspx HTTP/1.1" 404 161 "-" "Mozilla/5.0 (Windows NT 10.0; Win64; x64) AppleWebKit/537.36 (KHTML, like Gecko) Chrome/106.0.0.0 Safari/537.36"
localhost:80 193.47.61.4 - - [03/May/2023:04:13:32 +0000] "POST /boaform/admin/formLogin HTTP/1.1" 404 2150 "http://54.155.101.2:80/admin/login.asp" "Mozilla/5.0 (X11; Ubuntu; Linux x86_64; rv:71.0) Gecko/20100101 Firefox/71.0"
localhost:80 193.32.162.159 - - [03/May/2023:04:15:10 +0000] "GET / HTTP/1.1" 200 525 "-" "Mozilla/5.0 (Windows NT 10.0; Win64; x64) AppleWebKit/537.36 (KHTML, like Gecko) Chrome/90.0.4430.85 Safari/537.36 Edg/90.0.818.46"
localhost:80 103.149.192.197 - - [03/May/2023:04:24:40 +0000] "GET / HTTP/1.1" 200 6287 "-" "Mozilla/5.0 (Windows NT 10.0; Win64; x64) AppleWebKit/537.36 (KHTML, like Gecko) Chrome/79.0.3945.130 Safari/537.36"
localhost:80 185.254.196.173 - - [03/May/2023:04:28:25 +0000] "GET /.env HTTP/1.1" 404 282 "-" "Mozilla/5.0 (X11; Linux x86_64) AppleWebKit/537.36 (KHTML, like Gecko) Chrome/81.0.4044.129 Safari/537.36"
localhost:80 185.254.196.173 - - [03/May/2023:04:28:25 +0000] "POST / HTTP/1.1" 404 282 "-" "Mozilla/5.0 (X11; Linux x86_64) AppleWebKit/537.36 (KHTML, like Gecko) Chrome/81.0.4044.129 Safari/537.36"
localhost:80 43.154.128.189 - - [03/May/2023:04:35:41 +0000] "HEAD /Core/Skin/Login.aspx HTTP/1.1" 404 161 "-" "Mozilla/5.0 (Windows NT 10.0; Win64; x64) AppleWebKit/537.36 (KHTML, like Gecko) Chrome/106.0.0.0 Safari/537.36"
localhost:80 135.125.246.110 - - [03/May/2023:04:55:19 +0000] "POST / HTTP/1.1" 404 282 "-" "Mozilla/5.0 (X11; Linux x86_64) AppleWebKit/537.36 (KHTML, like Gecko) Chrome/81.0.4044.129 Safari/537.36"
localhost:80 135.125.246.110 - - [03/May/2023:04:55:19 +0000] "GET /.env HTTP/1.1" 404 282 "-" "Mozilla/5.0 (X11; Linux x86_64) AppleWebKit/537.36 (KHTML, like Gecko) Chrome/81.0.4044.129 Safari/537.36"
localhost:80 45.79.128.205 - - [03/May/2023:05:06:21 +0000] "\x16\x03\x01" 400 483 "-" "-"
localhost:80 87.121.221.49 - - [03/May/2023:05:16:54 +0000] "POST /boaform/admin/formLogin HTTP/1.1" 404 2150 "http://54.155.101.2:80/admin/login.asp" "Mozilla/5.0 (X11; Ubuntu; Linux x86_64; rv:71.0) Gecko/20100101 Firefox/71.0"
localhost:80 135.125.246.110 - - [03/May/2023:05:26:55 +0000] "POST / HTTP/1.1" 404 282 "-" "Mozilla/5.0 (X11; Linux x86_64) AppleWebKit/537.36 (KHTML, like Gecko) Chrome/81.0.4044.129 Safari/537.36"
localhost:80 135.125.246.110 - - [03/May/2023:05:26:55 +0000] "GET /.env HTTP/1.1" 404 282 "-" "Mozilla/5.0 (X11; Linux x86_64) AppleWebKit/537.36 (KHTML, like Gecko) Chrome/81.0.4044.129 Safari/537.36"
localhost:80 45.66.230.36 - - [03/May/2023:05:31:14 +0000] "GET / HTTP/1.1" 200 6306 "-" "Linux Gnu (cow)"
localhost:80 94.102.61.10 - - [03/May/2023:05:44:35 +0000] "GET / HTTP/1.1" 200 6287 "-" "Mozilla/5.0 (Windows NT 10.0; Win64; x64) AppleWebKit/537.36 (KHTML, like Gecko) Chrome/88.0.4324.190 Safari/537.36"
localhost:80 43.154.128.189 - - [03/May/2023:05:53:34 +0000] "HEAD /Core/Skin/Login.aspx HTTP/1.1" 404 161 "-" "Mozilla/5.0 (Windows NT 10.0; Win64; x64) AppleWebKit/537.36 (KHTML, like Gecko) Chrome/106.0.0.0 Safari/537.36"
localhost:80 107.170.243.13 - - [03/May/2023:06:09:51 +0000] "GET /portal/redlion HTTP/1.1" 404 226 "-" "Mozilla/5.0 zgrab/0.x"
localhost:80 35.195.93.98 - - [03/May/2023:06:10:51 +0000] "GET / HTTP/1.1" 200 6343 "-" "python-requests/2.28.2"
localhost:80 162.243.140.11 - - [03/May/2023:06:26:13 +0000] "GET /hudson HTTP/1.1" 404 226 "-" "Mozilla/5.0 zgrab/0.x"
localhost:80 134.122.40.187 - - [03/May/2023:06:29:51 +0000] "\x16\x03\x01" 400 483 "-" "-"
localhost:80 134.122.40.187 - - [03/May/2023:06:29:51 +0000] "\x16\x03\x01" 400 483 "-" "-"
localhost:80 134.122.40.187 - - [03/May/2023:06:29:51 +0000] "GET / HTTP/1.1" 200 6287 "-" "Mozilla/5.0 (Windows NT 10.0; Win64; x64) AppleWebKit/537.36 (KHTML, like Gecko) Chrome/108.0.0.0 Safari/537.36"
localhost:80 134.122.40.187 - - [03/May/2023:06:29:51 +0000] "GET /client/get_targets HTTP/1.1" 404 226 "-" "Mozilla/5.0 (Windows NT 10.0; Win64; x64) AppleWebKit/537.36 (KHTML, like Gecko) Chrome/108.0.0.0 Safari/537.36"
localhost:80 134.122.40.187 - - [03/May/2023:06:29:52 +0000] "GET /upl.php HTTP/1.1" 404 226 "-" "Mozilla/5.0"
localhost:80 134.122.40.187 - - [03/May/2023:06:29:52 +0000] "\x16\x03\x01" 400 483 "-" "-"
localhost:80 134.122.40.187 - - [03/May/2023:06:29:52 +0000] "GET /geoip/ HTTP/1.1" 301 439 "-" "Mozilla/5.0 (Windows NT 10.0; Win64; x64) AppleWebKit/537.36 (KHTML, like Gecko) Chrome/108.0.0.0 Safari/537.36"
localhost:80 134.122.40.187 - - [03/May/2023:06:29:52 +0000] "GET / HTTP/1.1" 200 6287 "-" "Mozilla/5.0 (iPhone; CPU iPhone OS 13_3_1 like Mac OS X) AppleWebKit/605.1.15 (KHTML, like Gecko) Version/13.0.5 Mobile/15E148 Snapchat/10.77.0.54 (like Safari/604.1)"
localhost:80 134.122.40.187 - - [03/May/2023:06:29:53 +0000] "GET /favicon.ico HTTP/1.1" 200 5676 "-" "Mozilla/5.0 (Windows NT 10.0; Win64; x64) AppleWebKit/537.36 (KHTML, like Gecko) Chrome/108.0.0.0 Safari/537.36"
localhost:80 45.79.181.104 - - [03/May/2023:06:53:57 +0000] "\x16\x03\x01" 400 483 "-" "-"
localhost:80 43.154.128.189 - - [03/May/2023:07:11:48 +0000] "HEAD /Core/Skin/Login.aspx HTTP/1.1" 404 161 "-" "Mozilla/5.0 (Windows NT 10.0; Win64; x64) AppleWebKit/537.36 (KHTML, like Gecko) Chrome/106.0.0.0 Safari/537.36"
localhost:80 185.254.196.173 - - [03/May/2023:07:18:13 +0000] "GET /.env HTTP/1.1" 404 282 "-" "Mozilla/5.0 (X11; Linux x86_64) AppleWebKit/537.36 (KHTML, like Gecko) Chrome/81.0.4044.129 Safari/537.36"
localhost:80 185.254.196.173 - - [03/May/2023:07:18:13 +0000] "POST / HTTP/1.1" 404 282 "-" "Mozilla/5.0 (X11; Linux x86_64) AppleWebKit/537.36 (KHTML, like Gecko) Chrome/81.0.4044.129 Safari/537.36"
localhost:80 193.32.162.159 - - [03/May/2023:07:23:08 +0000] "GET / HTTP/1.1" 200 525 "-" "Mozilla/5.0 (Windows NT 10.0; Win64; x64) AppleWebKit/537.36 (KHTML, like Gecko) Chrome/90.0.4430.85 Safari/537.36 Edg/90.0.818.46"
localhost:80 135.125.244.48 - - [03/May/2023:07:43:15 +0000] "GET /.env HTTP/1.1" 404 282 "-" "Mozilla/5.0 (X11; Linux x86_64) AppleWebKit/537.36 (KHTML, like Gecko) Chrome/81.0.4044.129 Safari/537.36"
localhost:80 135.125.244.48 - - [03/May/2023:07:43:15 +0000] "POST / HTTP/1.1" 404 282 "-" "Mozilla/5.0 (X11; Linux x86_64) AppleWebKit/537.36 (KHTML, like Gecko) Chrome/81.0.4044.129 Safari/537.36"
localhost:80 193.32.162.159 - - [03/May/2023:08:03:25 +0000] "GET / HTTP/1.1" 200 525 "-" "Mozilla/5.0 (Windows NT 10.0; Win64; x64) AppleWebKit/537.36 (KHTML, like Gecko) Chrome/90.0.4430.85 Safari/537.36 Edg/90.0.818.46"
localhost:80 135.125.244.48 - - [03/May/2023:08:14:48 +0000] "GET /.env HTTP/1.1" 404 282 "-" "Mozilla/5.0 (X11; Linux x86_64) AppleWebKit/537.36 (KHTML, like Gecko) Chrome/81.0.4044.129 Safari/537.36"
localhost:80 135.125.244.48 - - [03/May/2023:08:14:48 +0000] "POST / HTTP/1.1" 404 282 "-" "Mozilla/5.0 (X11; Linux x86_64) AppleWebKit/537.36 (KHTML, like Gecko) Chrome/81.0.4044.129 Safari/537.36"
localhost:80 43.154.128.189 - - [03/May/2023:08:30:21 +0000] "HEAD /Core/Skin/Login.aspx HTTP/1.1" 404 161 "-" "Mozilla/5.0 (Windows NT 10.0; Win64; x64) AppleWebKit/537.36 (KHTML, like Gecko) Chrome/106.0.0.0 Safari/537.36"
localhost:80 45.79.181.94 - - [03/May/2023:09:02:00 +0000] "\x16\x03\x01" 400 483 "-" "-"
localhost:80 107.170.245.21 - - [03/May/2023:09:23:07 +0000] "MGLNDD_54.155.101.2_80\n" 400 483 "-" "-"
localhost:80 198.235.24.231 - - [03/May/2023:09:47:51 +0000] "\x16\x03\x01" 400 483 "-" "-"
localhost:80 43.154.128.189 - - [03/May/2023:09:48:33 +0000] "HEAD /Core/Skin/Login.aspx HTTP/1.1" 404 161 "-" "Mozilla/5.0 (Windows NT 10.0; Win64; x64) AppleWebKit/537.36 (KHTML, like Gecko) Chrome/106.0.0.0 Safari/537.36"
localhost:80 87.121.221.49 - - [03/May/2023:10:13:31 +0000] "POST /boaform/admin/formLogin HTTP/1.1" 404 2150 "http://54.155.101.2:80/admin/login.asp" "Mozilla/5.0 (X11; Ubuntu; Linux x86_64; rv:71.0) Gecko/20100101 Firefox/71.0"
localhost:80 135.125.244.48 - - [03/May/2023:10:14:02 +0000] "GET /.env HTTP/1.1" 404 282 "-" "Mozilla/5.0 (X11; Linux x86_64) AppleWebKit/537.36 (KHTML, like Gecko) Chrome/81.0.4044.129 Safari/537.36"
localhost:80 135.125.244.48 - - [03/May/2023:10:14:02 +0000] "POST / HTTP/1.1" 404 282 "-" "Mozilla/5.0 (X11; Linux x86_64) AppleWebKit/537.36 (KHTML, like Gecko) Chrome/81.0.4044.129 Safari/537.36"
